<html>
<body>
<pre>
<h1>µVision Build Log</h1>
<h2>Tool Versions:</h2>
IDE-Version: µVision V5.38.0.0
Copyright (C) 2022 ARM Ltd and ARM Germany GmbH. All rights reserved.
License Information: Robo Durden, Paperstreet Soap Company, LIC=----
 
Tool Versions:
Toolchain:       MDK-Lite  Version: 5.38.0.0
Toolchain Path:  C:\Keil_v5\ARM\ARMCLANG\Bin
C Compiler:      ArmClang.exe V6.19
Assembler:       Armasm.exe V6.19
Linker/Locator:  ArmLink.exe V6.19
Library Manager: ArmAr.exe V6.19
Hex Converter:   FromElf.exe V6.19
CPU DLL:         
Dialog DLL:      
Target DLL:      STLink\ST-LINKIII-KEIL_SWO.dll V3.1.0.0
Dialog DLL:      TCM.DLL V1.56.4.0
 
<h2>Project:</h2>
C:\GitHub\Hoverboard-Firmware-Hack-Gen2.x\HoverBoardGigaDevice\Hoverboard.uvprojx
Project File Date:  10/13/2023

<h2>Output:</h2>
*** Using Compiler 'V6.19', folder: 'C:\Keil_v5\ARM\ARMCLANG\Bin'
Build target 'GD32E230C8T6'
compiling bldc.c...
compiling setup.c...
compiling main.c...
compiling comms.c...
compiling it.c...
compiling commsBluetooth.c...
compiling led.c...
compiling commsMasterSlave.c...
compiling remoteUart.c...
compiling remoteCrsf.c...
compiling remoteDummy.c...
compiling remoteUartBus.c...
linking...
Program Size: Code=20180 RO-data=1192 RW-data=16 ZI-data=2336  
FromELF: creating hex file...
After Build - User command #1: fromelf.exe --bin Objects\hoverboard.axf --output BinariesToFlash\hoverboard.bin
After Build - User command #2: moveOutput.bat
C:\GitHub\Hoverboard-Firmware-Hack-Gen2.x\HoverBoardGigaDevice>copy Objects\Hoverboard.axf BinariesToFlash\hoverboard.elf 
        1 Datei(en) kopiert.
C:\GitHub\Hoverboard-Firmware-Hack-Gen2.x\HoverBoardGigaDevice>copy Objects\Hoverboard.hex BinariesToFlash\hoverboard.hex 
        1 Datei(en) kopiert.
".\Objects\Hoverboard.axf" - 0 Error(s), 0 Warning(s).

<h2>Software Packages used:</h2>

Package Vendor: ARM
                http://www.keil.com/pack/ARM.CMSIS.5.9.0.pack
                ARM.CMSIS.5.9.0
                CMSIS (Common Microcontroller Software Interface Standard)
   * Component: CORE Version: 5.6.0

Package Vendor: GigaDevice
                https://gd32mcu.com/data/documents/pack/GigaDevice.GD32E23x_DFP.1.0.2.pack
                GigaDevice.GD32E23x_DFP.1.0.2
                GigaDevice GD32E23x Series Device Support and Examples
   * Component: ADC Version: 1.0.0
   * Component: DMA Version: 1.0.0
   * Component: FMC Version: 1.0.0
   * Component: FWDGT Version: 1.0.0
   * Component: GPIO Version: 1.0.0
   * Component: I2C Version: 1.0.0
   * Component: MISC Version: 1.0.0
   * Component: PMU Version: 1.0.0
   * Component: RCU Version: 1.0.0
   * Component: SYSCFG Version: 1.0.0
   * Component: TIMER Version: 1.0.0
   * Component: USART Version: 1.0.0
   * Component: WWDGT Version: 1.0.0
   * Component: GD32E23x_libopt Version: 1.0.0
   * Component: Startup Version: 1.0.0

<h2>Collection of Component include folders:</h2>
  ./RTE/_GD32E230C8T6
  C:/Users/PAN CF-LX6/AppData/Local/Arm/Packs/ARM/CMSIS/5.9.0/CMSIS/Core/Include
  C:/Users/PAN CF-LX6/AppData/Local/Arm/Packs/GigaDevice/GD32E23x_DFP/1.0.2/Device/Firmware/Peripherals/inc
  C:/Users/PAN CF-LX6/AppData/Local/Arm/Packs/GigaDevice/GD32E23x_DFP/1.0.2/Device/Include

<h2>Collection of Component Files used:</h2>

   * Component: ARM::CMSIS:CORE:5.6.0

   * Component: GigaDevice::Device:GD32E23x_StdPeripherals:ADC:1.0.0
      Include file:  Device/Firmware/Peripherals/inc/gd32e23x_adc.h
      Source file:   Device/Firmware/Peripherals/src/gd32e23x_adc.c

   * Component: GigaDevice::Device:GD32E23x_StdPeripherals:DMA:1.0.0
      Include file:  Device/Firmware/Peripherals/inc/gd32e23x_dma.h
      Source file:   Device/Firmware/Peripherals/src/gd32e23x_dma.c

   * Component: GigaDevice::Device:GD32E23x_StdPeripherals:FMC:1.0.0
      Source file:   Device/Firmware/Peripherals/src/gd32e23x_fmc.c
      Include file:  Device/Firmware/Peripherals/inc/gd32e23x_fmc.h

   * Component: GigaDevice::Device:GD32E23x_StdPeripherals:FWDGT:1.0.0
      Include file:  Device/Firmware/Peripherals/inc/gd32e23x_fwdgt.h
      Source file:   Device/Firmware/Peripherals/src/gd32e23x_fwdgt.c

   * Component: GigaDevice::Device:GD32E23x_StdPeripherals:GPIO:1.0.0
      Source file:   Device/Firmware/Peripherals/src/gd32e23x_gpio.c
      Include file:  Device/Firmware/Peripherals/inc/gd32e23x_gpio.h

   * Component: GigaDevice::Device:GD32E23x_StdPeripherals:I2C:1.0.0
      Include file:  Device/Firmware/Peripherals/inc/gd32e23x_i2c.h
      Source file:   Device/Firmware/Peripherals/src/gd32e23x_i2c.c

   * Component: GigaDevice::Device:GD32E23x_StdPeripherals:MISC:1.0.0
      Include file:  Device/Firmware/Peripherals/inc/gd32e23x_misc.h
      Source file:   Device/Firmware/Peripherals/src/gd32e23x_misc.c

   * Component: GigaDevice::Device:GD32E23x_StdPeripherals:PMU:1.0.0
      Include file:  Device/Firmware/Peripherals/inc/gd32e23x_pmu.h
      Source file:   Device/Firmware/Peripherals/src/gd32e23x_pmu.c

   * Component: GigaDevice::Device:GD32E23x_StdPeripherals:RCU:1.0.0
      Include file:  Device/Firmware/Peripherals/inc/gd32e23x_rcu.h
      Source file:   Device/Firmware/Peripherals/src/gd32e23x_rcu.c

   * Component: GigaDevice::Device:GD32E23x_StdPeripherals:SYSCFG:1.0.0
      Include file:  Device/Firmware/Peripherals/inc/gd32e23x_syscfg.h
      Source file:   Device/Firmware/Peripherals/src/gd32e23x_syscfg.c

   * Component: GigaDevice::Device:GD32E23x_StdPeripherals:TIMER:1.0.0
      Include file:  Device/Firmware/Peripherals/inc/gd32e23x_timer.h
      Source file:   Device/Firmware/Peripherals/src/gd32e23x_timer.c

   * Component: GigaDevice::Device:GD32E23x_StdPeripherals:USART:1.0.0
      Include file:  Device/Firmware/Peripherals/inc/gd32e23x_usart.h
      Source file:   Device/Firmware/Peripherals/src/gd32e23x_usart.c

   * Component: GigaDevice::Device:GD32E23x_StdPeripherals:WWDGT:1.0.0
      Source file:   Device/Firmware/Peripherals/src/gd32e23x_wwdgt.c
      Include file:  Device/Firmware/Peripherals/inc/gd32e23x_wwdgt.h

   * Component: GigaDevice::Device:GD32E23x_libopt:1.0.0
      Include file:  Device/Include/gd32e23x_libopt.h

   * Component: GigaDevice::Device:Startup:1.0.0
      Include file:  Device/Include/gd32e23x.h
      Source file:   Device/Source/ARM/startup_gd32e23x.s
      Source file:   Device/Source/system_gd32e23x.c
Build Time Elapsed:  00:00:02
</pre>
</body>
</html>
