Component: Arm Compiler for Embedded 6.19 Tool: armlink [5e73cb00]

==============================================================================

Section Cross References

    main.o(.text) refers to system_gd32e23x.o(.text) for SystemCoreClockUpdate
    main.o(.text) refers to setup.o(.text) for Watchdog_init
    main.o(.text) refers to gd32e23x_gpio.o(.text) for gpio_bit_write
    main.o(.text) refers to gd32e23x_fwdgt.o(.text) for fwdgt_counter_reload
    main.o(.text) refers to it.o(.text) for Delay
    main.o(.text) refers to remotedummy.o(.text) for RemoteUpdate
    main.o(.text) refers to fflti.o(.text) for __aeabi_i2f
    main.o(.text) refers to f2d.o(.text) for __aeabi_f2d
    main.o(.text) refers to dmul.o(.text) for __aeabi_dmul
    main.o(.text) refers to ddiv.o(.text) for __aeabi_ddiv
    main.o(.text) refers to daddsub.o(.text) for __aeabi_dadd
    main.o(.text) refers to d2f.o(.text) for __aeabi_d2f
    main.o(.text) refers to fmul.o(x$fpl$fmul) for __aeabi_fmul
    main.o(.text) refers to ffixi.o(.text) for __aeabi_f2iz
    main.o(.text) refers to faddsub.o(x$fpl$fsub) for __aeabi_fsub
    main.o(.text) refers to fdiv.o(.text) for __aeabi_fdiv
    main.o(.text) refers to faddsub.o(x$fpl$fadd) for __aeabi_fadd
    main.o(.text) refers to fcmp.o(i._fls) for __aeabi_fcmplt
    main.o(.text) refers to bldc.o(.text) for SetEnable
    main.o(.text) refers to fcmp.o(i._fleq) for __aeabi_fcmple
    main.o(.text) refers to fcmp.o(i._fgeq) for __aeabi_fcmpge
    main.o(.text) refers to system_gd32e23x.o(.data.SystemCoreClock) for SystemCoreClock
    main.o(.text) refers to main.o(.bss.steerCounter) for steerCounter
    main.o(.text) refers to main.o(.bss.speed) for speed
    main.o(.text) refers to main.o(.data.speedLimit) for speedLimit
    main.o(.text) refers to main.o(.bss.steer) for steer
    main.o(.text) refers to main.o(.rodata.lookUpTableAngle) for lookUpTableAngle
    main.o(.text) refers to main.o(.data.wState) for wState
    main.o(.text) refers to bldc.o(.data.batteryVoltage) for batteryVoltage
    main.o(.text) refers to main.o(.bss.inactivity_timeout_counter) for inactivity_timeout_counter
    main.o(.ARM.exidx) refers to main.o(.text) for [Anonymous Symbol]
    bldc.o(.text) refers to bldc.o(.rodata..L__const.up_or_down.up_down) for [Anonymous Symbol]
    bldc.o(.text) refers to bldc.o(.bss.bldc_enable) for bldc_enable
    bldc.o(.text) refers to dflti.o(.text) for __aeabi_i2d
    bldc.o(.text) refers to dmul.o(.text) for __aeabi_dmul
    bldc.o(.text) refers to dcmp.o(i._dls) for __aeabi_dcmplt
    bldc.o(.text) refers to dfixi.o(.text) for __aeabi_d2iz
    bldc.o(.text) refers to bldc.o(.bss.bldc_inputFilterPwm) for bldc_inputFilterPwm
    bldc.o(.text) refers to f2d.o(.text) for __aeabi_f2d
    bldc.o(.text) refers to daddsub.o(.text) for __aeabi_dadd
    bldc.o(.text) refers to d2f.o(.text) for __aeabi_d2f
    bldc.o(.text) refers to fcmp.o(i._fgr) for __aeabi_fcmpgt
    bldc.o(.text) refers to gd32e23x_timer.o(.text) for timer_automatic_output_disable
    bldc.o(.text) refers to gd32e23x_gpio.o(.text) for gpio_input_bit_get
    bldc.o(.text) refers to fflti.o(.text) for __aeabi_ui2f
    bldc.o(.text) refers to fdiv.o(.text) for __aeabi_fdiv
    bldc.o(.text) refers to bldc.o(.bss.offsetcount) for offsetcount
    bldc.o(.text) refers to bldc.o(.bss.buzzerTimer) for buzzerTimer
    bldc.o(.text) refers to bldc.o(.data.batteryVoltage) for batteryVoltage
    bldc.o(.text) refers to bldc.o(.bss.adc_buffer) for adc_buffer
    bldc.o(.text) refers to bldc.o(.data.offsetdc) for offsetdc
    bldc.o(.text) refers to bldc.o(.bss.currentDC) for currentDC
    bldc.o(.text) refers to it.o(.bss.timedOut) for timedOut
    bldc.o(.text) refers to bldc.o(.bss.hall_a) for hall_a
    bldc.o(.text) refers to bldc.o(.bss.hall_b) for hall_b
    bldc.o(.text) refers to bldc.o(.bss.hall_c) for hall_c
    bldc.o(.text) refers to bldc.o(.bss.hall) for hall
    bldc.o(.text) refers to bldc.o(.bss.filter_reg) for filter_reg
    bldc.o(.text) refers to bldc.o(.rodata.hall_to_pos) for hall_to_pos
    bldc.o(.text) refers to bldc.o(.bss.pos) for pos
    bldc.o(.text) refers to bldc.o(.bss.bldc_outputFilterPwm) for bldc_outputFilterPwm
    bldc.o(.text) refers to bldc.o(.bss.lastPos) for lastPos
    bldc.o(.text) refers to bldc.o(.bss.iOdom) for iOdom
    bldc.o(.text) refers to bldc.o(.bss.speedCounter) for speedCounter
    bldc.o(.text) refers to bldc.o(.bss.realSpeed) for realSpeed
    bldc.o(.ARM.exidx) refers to bldc.o(.text) for [Anonymous Symbol]
    setup.o(.text) refers to gd32e23x_rcu.o(.text) for rcu_flag_get
    setup.o(.text) refers to gd32e23x_fwdgt.o(.text) for fwdgt_config
    setup.o(.text) refers to gd32e23x_timer.o(.text) for timer_deinit
    setup.o(.text) refers to gd32e23x_misc.o(.text) for nvic_irq_enable
    setup.o(.text) refers to setup.o(.bss.timeoutTimer_paramter_struct) for timeoutTimer_paramter_struct
    setup.o(.text) refers to gd32e23x_gpio.o(.text) for gpio_mode_set
[...]
    __arm_cp.8_0                             0x08001d24   Number         4  gd32e23x_fwdgt.o(.text)
    [Anonymous Symbol]                       0x08001d28   Section        0  gd32e23x_gpio.o(.text)
    __arm_cp.0_0                             0x08001d5c   Number         4  gd32e23x_gpio.o(.text)
    __arm_cp.14_0                            0x08001ea0   Number         4  gd32e23x_gpio.o(.text)
    [Anonymous Symbol]                       0x08001ea4   Section        0  gd32e23x_misc.o(.text)
    __arm_cp.0_0                             0x08001eec   Number         4  gd32e23x_misc.o(.text)
    __arm_cp.0_1                             0x08001ef0   Number         4  gd32e23x_misc.o(.text)
    __arm_cp.0_2                             0x08001ef4   Number         4  gd32e23x_misc.o(.text)
    __arm_cp.1_0                             0x08001f18   Number         4  gd32e23x_misc.o(.text)
    __arm_cp.2_0                             0x08001f30   Number         4  gd32e23x_misc.o(.text)
    __arm_cp.2_1                             0x08001f34   Number         4  gd32e23x_misc.o(.text)
    __arm_cp.3_0                             0x08001f44   Number         4  gd32e23x_misc.o(.text)
    __arm_cp.3_1                             0x08001f48   Number         4  gd32e23x_misc.o(.text)
    __arm_cp.4_0                             0x08001f58   Number         4  gd32e23x_misc.o(.text)
    __arm_cp.5_0                             0x08001f68   Number         4  gd32e23x_misc.o(.text)
    __arm_cp.6_0                             0x08001f84   Number         4  gd32e23x_misc.o(.text)
    [Anonymous Symbol]                       0x08001f88   Section        0  gd32e23x_rcu.o(.text)
    __arm_cp.0_0                             0x08001fec   Number         4  gd32e23x_rcu.o(.text)
    __arm_cp.0_1                             0x08001ff0   Number         4  gd32e23x_rcu.o(.text)
    __arm_cp.0_2                             0x08001ff4   Number         4  gd32e23x_rcu.o(.text)
    __arm_cp.0_3                             0x08001ff8   Number         4  gd32e23x_rcu.o(.text)
    __arm_cp.1_0                             0x08002010   Number         4  gd32e23x_rcu.o(.text)
    __arm_cp.2_0                             0x08002028   Number         4  gd32e23x_rcu.o(.text)
    __arm_cp.3_0                             0x08002040   Number         4  gd32e23x_rcu.o(.text)
    __arm_cp.4_0                             0x08002058   Number         4  gd32e23x_rcu.o(.text)
    __arm_cp.5_0                             0x08002070   Number         4  gd32e23x_rcu.o(.text)
    __arm_cp.6_0                             0x08002088   Number         4  gd32e23x_rcu.o(.text)
    __arm_cp.7_0                             0x0800209c   Number         4  gd32e23x_rcu.o(.text)
    __arm_cp.8_0                             0x080020b0   Number         4  gd32e23x_rcu.o(.text)
    __arm_cp.9_0                             0x080020c4   Number         4  gd32e23x_rcu.o(.text)
    __arm_cp.10_0                            0x080020d4   Number         4  gd32e23x_rcu.o(.text)
    __arm_cp.11_0                            0x080020e8   Number         4  gd32e23x_rcu.o(.text)
    __arm_cp.12_0                            0x080020fc   Number         4  gd32e23x_rcu.o(.text)
    __arm_cp.13_0                            0x08002110   Number         4  gd32e23x_rcu.o(.text)
    __arm_cp.14_0                            0x080021dc   Number         4  gd32e23x_rcu.o(.text)
    __arm_cp.14_1                            0x080021e0   Number         4  gd32e23x_rcu.o(.text)
    __arm_cp.15_0                            0x080021f8   Number         4  gd32e23x_rcu.o(.text)
    __arm_cp.16_0                            0x08002214   Number         4  gd32e23x_rcu.o(.text)
    __arm_cp.16_1                            0x08002218   Number         4  gd32e23x_rcu.o(.text)
    __arm_cp.17_0                            0x08002230   Number         4  gd32e23x_rcu.o(.text)
    __arm_cp.18_0                            0x08002248   Number         4  gd32e23x_rcu.o(.text)
    __arm_cp.19_0                            0x0800225c   Number         4  gd32e23x_rcu.o(.text)
    __arm_cp.20_0                            0x08002274   Number         4  gd32e23x_rcu.o(.text)
    __arm_cp.21_0                            0x0800228c   Number         4  gd32e23x_rcu.o(.text)
    __arm_cp.22_0                            0x080022a0   Number         4  gd32e23x_rcu.o(.text)
    __arm_cp.23_0                            0x080022b8   Number         4  gd32e23x_rcu.o(.text)
    __arm_cp.24_0                            0x080022d0   Number         4  gd32e23x_rcu.o(.text)
    __arm_cp.25_0                            0x080022e8   Number         4  gd32e23x_rcu.o(.text)
    __arm_cp.26_0                            0x08002300   Number         4  gd32e23x_rcu.o(.text)
    __arm_cp.27_0                            0x080023dc   Number         4  gd32e23x_rcu.o(.text)
    __arm_cp.27_1                            0x080023e0   Number         4  gd32e23x_rcu.o(.text)
    __arm_cp.27_2                            0x080023e4   Number         4  gd32e23x_rcu.o(.text)
    __arm_cp.27_3                            0x080023e8   Number         4  gd32e23x_rcu.o(.text)
    __arm_cp.27_4                            0x080023ec   Number         4  gd32e23x_rcu.o(.text)
    __arm_cp.28_0                            0x08002404   Number         4  gd32e23x_rcu.o(.text)
    __arm_cp.29_0                            0x0800241c   Number         4  gd32e23x_rcu.o(.text)
    __arm_cp.30_0                            0x08002458   Number         4  gd32e23x_rcu.o(.text)
    __arm_cp.31_0                            0x08002494   Number         4  gd32e23x_rcu.o(.text)
    __arm_cp.32_0                            0x080024a8   Number         4  gd32e23x_rcu.o(.text)
    __arm_cp.33_0                            0x080024bc   Number         4  gd32e23x_rcu.o(.text)
    __arm_cp.34_0                            0x080024d0   Number         4  gd32e23x_rcu.o(.text)
    __arm_cp.35_0                            0x080024e4   Number         4  gd32e23x_rcu.o(.text)
    __arm_cp.36_0                            0x080024fc   Number         4  gd32e23x_rcu.o(.text)
    __arm_cp.36_1                            0x08002500   Number         4  gd32e23x_rcu.o(.text)
    __arm_cp.37_0                            0x08002518   Number         4  gd32e23x_rcu.o(.text)
    __arm_cp.38_0                            0x08002620   Number         4  gd32e23x_rcu.o(.text)
    __arm_cp.38_1                            0x08002624   Number         4  gd32e23x_rcu.o(.text)
    __arm_cp.38_2                            0x08002628   Number         4  gd32e23x_rcu.o(.text)
    __arm_cp.38_4                            0x0800263c   Number         4  gd32e23x_rcu.o(.text)
    __arm_cp.38_5                            0x08002640   Number         4  gd32e23x_rcu.o(.text)
    __arm_cp.38_6                            0x08002644   Number         4  gd32e23x_rcu.o(.text)
    [Anonymous Symbol]                       0x08002648   Section        0  gd32e23x_timer.o(.text)
    __arm_cp.0_0                             0x080026ac   Number         4  gd32e23x_timer.o(.text)
    __arm_cp.0_1                             0x080026b0   Number         4  gd32e23x_timer.o(.text)
    __arm_cp.0_2                             0x080026b4   Number         4  gd32e23x_timer.o(.text)
    __arm_cp.0_3                             0x080026b8   Number         4  gd32e23x_timer.o(.text)
    __arm_cp.0_4                             0x080026bc   Number         4  gd32e23x_timer.o(.text)
    __arm_cp.0_5                             0x080026c0   Number         4  gd32e23x_timer.o(.text)
    __arm_cp.0_6                             0x080026c4   Number         4  gd32e23x_timer.o(.text)
    __arm_cp.0_7                             0x080026c8   Number         4  gd32e23x_timer.o(.text)
    __arm_cp.0_8                             0x080026cc   Number         4  gd32e23x_timer.o(.text)
    __arm_cp.0_9                             0x080026d0   Number         4  gd32e23x_timer.o(.text)
    __arm_cp.1_0                             0x080026e4   Number         4  gd32e23x_timer.o(.text)
    __arm_cp.2_0                             0x08002778   Number         4  gd32e23x_timer.o(.text)
    __arm_cp.2_1                             0x0800277c   Number         4  gd32e23x_timer.o(.text)
    __arm_cp.2_2                             0x08002780   Number         4  gd32e23x_timer.o(.text)
    __arm_cp.2_3                             0x08002784   Number         4  gd32e23x_timer.o(.text)
    __arm_cp.2_4                             0x08002788   Number         4  gd32e23x_timer.o(.text)
    __arm_cp.2_5                             0x0800278c   Number         4  gd32e23x_timer.o(.text)
    __arm_cp.2_6                             0x08002790   Number         4  gd32e23x_timer.o(.text)
    __arm_cp.2_7                             0x08002794   Number         4  gd32e23x_timer.o(.text)
    __arm_cp.30_0                            0x080028e8   Number         4  gd32e23x_timer.o(.text)
    __arm_cp.42_0                            0x08002bb8   Number         4  gd32e23x_timer.o(.text)
    __arm_cp.42_1                            0x08002bbc   Number         4  gd32e23x_timer.o(.text)
    __arm_cp.42_2                            0x08002bc0   Number         4  gd32e23x_timer.o(.text)
    __arm_cp.42_3                            0x08002bc4   Number         4  gd32e23x_timer.o(.text)
    __arm_cp.42_4                            0x08002bc8   Number         4  gd32e23x_timer.o(.text)
    __arm_cp.53_0                            0x08003034   Number         4  gd32e23x_timer.o(.text)
    __arm_cp.56_0                            0x080031fc   Number         4  gd32e23x_timer.o(.text)
    __arm_cp.56_1                            0x08003200   Number         4  gd32e23x_timer.o(.text)
    __arm_cp.56_2                            0x08003204   Number         4  gd32e23x_timer.o(.text)
    __arm_cp.63_0                            0x080032cc   Number         4  gd32e23x_timer.o(.text)
    [Anonymous Symbol]                       0x0800342c   Section        0  gd32e23x_usart.o(.text)
    __arm_cp.0_0                             0x08003454   Number         4  gd32e23x_usart.o(.text)
    __arm_cp.0_1                             0x08003458   Number         4  gd32e23x_usart.o(.text)
    __arm_cp.0_2                             0x0800345c   Number         4  gd32e23x_usart.o(.text)
    __arm_cp.0_3                             0x08003460   Number         4  gd32e23x_usart.o(.text)
    __arm_cp.1_0                             0x080034b0   Number         4  gd32e23x_usart.o(.text)
    __arm_cp.1_1                             0x080034b4   Number         4  gd32e23x_usart.o(.text)
    __arm_cp.1_2                             0x080034b8   Number         4  gd32e23x_usart.o(.text)
    __arm_cp.18_0                            0x08003658   Number         4  gd32e23x_usart.o(.text)
    __arm_cp.19_0                            0x08003664   Number         4  gd32e23x_usart.o(.text)
    __arm_cp.73_0                            0x08003ac0   Number         4  gd32e23x_usart.o(.text)
    .text                                    0x08003ac4   Section       56  startup_gd32e23x.o(.text)
    [Anonymous Symbol]                       0x08003afc   Section        0  system_gd32e23x.o(.text)
    __arm_cp.0_0                             0x08003bcc   Number         4  system_gd32e23x.o(.text)
    __arm_cp.0_1                             0x08003bd0   Number         4  system_gd32e23x.o(.text)
    __arm_cp.0_2                             0x08003bd4   Number         4  system_gd32e23x.o(.text)
    __arm_cp.0_3                             0x08003bd8   Number         4  system_gd32e23x.o(.text)
    __arm_cp.0_4                             0x08003bdc   Number         4  system_gd32e23x.o(.text)
    __arm_cp.0_5                             0x08003be0   Number         4  system_gd32e23x.o(.text)
    __arm_cp.0_6                             0x08003be4   Number         4  system_gd32e23x.o(.text)
    __arm_cp.0_7                             0x08003be8   Number         4  system_gd32e23x.o(.text)
    __arm_cp.1_0                             0x08003c4c   Number         4  system_gd32e23x.o(.text)
    __arm_cp.1_1                             0x08003c50   Number         4  system_gd32e23x.o(.text)
    __arm_cp.1_2                             0x08003c54   Number         4  system_gd32e23x.o(.text)
    __arm_cp.1_3                             0x08003c58   Number         4  system_gd32e23x.o(.text)
    .text                                    0x08003c6c   Section        0  heapauxi.o(.text)
    .text                                    0x08003c74   Section        0  d2f.o(.text)
    _dadd1                                   0x08003cf1   Thumb Code   290  daddsub.o(.text)
    .text                                    0x08003cf0   Section        0  daddsub.o(.text)
    _dsub1                                   0x08003e13   Thumb Code   470  daddsub.o(.text)
    .text                                    0x08004048   Section        0  ddiv.o(.text)
    .text                                    0x08004490   Section        0  dfixi.o(.text)
    .text                                    0x080044fc   Section        0  dflti.o(.text)
    .text                                    0x08004554   Section        0  dmul.o(.text)
    .text                                    0x0800479c   Section        0  f2d.o(.text)
    .text                                    0x080047f0   Section        0  fdiv.o(.text)
    .text                                    0x08004950   Section        0  ffixi.o(.text)
    .text                                    0x0800499c   Section        0  fflti.o(.text)
    .text                                    0x080049fc   Section        0  dcmpin.o(.text)
    .text                                    0x08004a9c   Section        0  fcmpin.o(.text)
    .text                                    0x08004b00   Section       62  sys_stackheap_outer.o(.text)
    .text                                    0x08004b3e   Section        0  exit.o(.text)
    .text                                    0x08004b4e   Section        0  cmpret.o(.text)
    .text                                    0x08004b7c   Section        0  dnan2.o(.text)
    .text                                    0x08004b90   Section        0  fnan2.o(.text)
    .text                                    0x08004ba0   Section        8  libspace.o(.text)
    .text                                    0x08004ba8   Section        0  retnan.o(.text)
    .text                                    0x08004c08   Section        0  sys_exit.o(.text)
    .text                                    0x08004c14   Section        2  use_no_semi.o(.text)
    .text                                    0x08004c16   Section        0  indicate_semi.o(.text)
    i._dls                                   0x08004c16   Section        0  dcmp.o(i._dls)
    i._fgeq                                  0x08004c2c   Section        0  fcmp.o(i._fgeq)
    i._fgr                                   0x08004c42   Section        0  fcmp.o(i._fgr)
    i._fleq                                  0x08004c58   Section        0  fcmp.o(i._fleq)
    i._fls                                   0x08004c72   Section        0  fcmp.o(i._fls)
    x$fpl$dleqf                              0x08004c88   Section      100  dlef.o(x$fpl$dleqf)
    x$fpl$fadd                               0x08004cec   Section      140  faddsub.o(x$fpl$fadd)
    _fadd1                                   0x08004cf9   Thumb Code     0  faddsub.o(x$fpl$fadd)
    x$fpl$fgeqf                              0x08004d78   Section       84  fgef.o(x$fpl$fgeqf)
    x$fpl$fleqf                              0x08004dcc   Section       84  flef.o(x$fpl$fleqf)
    x$fpl$fmul                               0x08004e20   Section      176  fmul.o(x$fpl$fmul)
    x$fpl$fsub                               0x08004ed0   Section      208  faddsub.o(x$fpl$fsub)
    _fsub1                                   0x08004edd   Thumb Code     0  faddsub.o(x$fpl$fsub)
    ddiv_reciptbl                            0x08004fa0   Data         128  ddiv.o(.constdata)
    .constdata                               0x08004fa0   Section      128  ddiv.o(.constdata)
    x$fpl$usenofp                            0x08004fa0   Section        0  usenofp.o(x$fpl$usenofp)
    fdiv_tab                                 0x08005020   Data          64  fdiv.o(.constdata)
    .constdata                               0x08005020   Section       64  fdiv.o(.constdata)
    [Anonymous Symbol]                       0x08005060   Section        0  bldc.o(.rodata..L__const.up_or_down.up_down)
    [Anonymous Symbol]                       0x0800506c   Section        0  gd32e23x_gpio.o(.rodata..Lswitch.table.gpio_deinit.1)
    [Anonymous Symbol]                       0x08005078   Section        0  gd32e23x_rcu.o(.rodata.cst8)
    .bss                                     0x20000010   Section       96  libspace.o(.bss)
    Heap_Mem                                 0x20000130   Data        1024  startup_gd32e23x.o(HEAP)
    HEAP                                     0x20000130   Section     1024  startup_gd32e23x.o(HEAP)
    Stack_Mem                                0x20000530   Data        1024  startup_gd32e23x.o(STACK)
    STACK                                    0x20000530   Section     1024  startup_gd32e23x.o(STACK)
    __initial_sp                             0x20000930   Data           0  startup_gd32e23x.o(STACK)

    Global Symbols

    Symbol Name                              Value     Ov Type        Size  Object(Section)

    BuildAttributes$$THM_ISAv3M$S$8M$PE$A:L22$X:L11$S22$IEEE1$IW$~IW$USESV6$~STKCKD$USESV7$~SHL$OTIME$ROPI$EBA8$UX$STANDARDLIB$REQ8$PRES8$EABIv2 0x00000000   Number         0  anon$$obj.o ABSOLUTE
    __ARM_exceptions_init                     - Undefined Weak Reference
    __alloca_initialize                       - Undefined Weak Reference
    __arm_preinit_                            - Undefined Weak Reference
    __arm_relocate_pie_                       - Undefined Weak Reference
    __cpp_initialize__aeabi_                  - Undefined Weak Reference
    __cxa_finalize                            - Undefined Weak Reference
    __rt_locale                               - Undefined Weak Reference
    __sigvec_lookup                           - Undefined Weak Reference
    _atexit_init                              - Undefined Weak Reference
    _call_atexit_fns                          - Undefined Weak Reference
    _clock_init                               - Undefined Weak Reference
    _fp_trap_init                             - Undefined Weak Reference
    _fp_trap_shutdown                         - Undefined Weak Reference
    _get_lc_collate                           - Undefined Weak Reference
    _get_lc_ctype                             - Undefined Weak Reference
    _get_lc_monetary                          - Undefined Weak Reference
    _get_lc_numeric                           - Undefined Weak Reference
    _get_lc_time                              - Undefined Weak Reference
    _getenv_init                              - Undefined Weak Reference
    _handle_redirection                       - Undefined Weak Reference
    _init_alloc                               - Undefined Weak Reference
    _init_user_alloc                          - Undefined Weak Reference
    _initio                                   - Undefined Weak Reference
    _rand_init                                - Undefined Weak Reference
    _signal_finish                            - Undefined Weak Reference
    _signal_init                              - Undefined Weak Reference
    _terminate_alloc                          - Undefined Weak Reference
    _terminate_user_alloc                     - Undefined Weak Reference
    _terminateio                              - Undefined Weak Reference
    __Vectors_Size                           0x000000cc   Number         0  startup_gd32e23x.o ABSOLUTE
    __Vectors                                0x08000000   Data           4  startup_gd32e23x.o(RESET)
    __Vectors_End                            0x080000cc   Data           0  startup_gd32e23x.o(RESET)
    __main                                   0x080000cd   Thumb Code     8  __main.o(!!!main)
    __scatterload                            0x080000d5   Thumb Code     0  __scatter.o(!!!scatter)
    __scatterload_rt2                        0x080000d5   Thumb Code    52  __scatter.o(!!!scatter)
    __scatterload_rt2_thumb_only             0x080000d5   Thumb Code     0  __scatter.o(!!!scatter)
    __scatterload_null                       0x080000e5   Thumb Code     0  __scatter.o(!!!scatter)
    __scatterload_copy                       0x08000111   Thumb Code    26  __scatter_copy.o(!!handler_copy)
    __scatterload_zeroinit                   0x0800012d   Thumb Code    28  __scatter_zi.o(!!handler_zi)
    __rt_lib_init                            0x08000149   Thumb Code     0  libinit.o(.ARM.Collect$$libinit$$00000000)
    __rt_lib_init_alloca_1                   0x0800014b   Thumb Code     0  libinit2.o(.ARM.Collect$$libinit$$00000030)
    __rt_lib_init_argv_1                     0x0800014b   Thumb Code     0  libinit2.o(.ARM.Collect$$libinit$$0000002E)
    __rt_lib_init_atexit_1                   0x0800014b   Thumb Code     0  libinit2.o(.ARM.Collect$$libinit$$0000001D)
    __rt_lib_init_clock_1                    0x0800014b   Thumb Code     0  libinit2.o(.ARM.Collect$$libinit$$00000023)
    __rt_lib_init_cpp_1                      0x0800014b   Thumb Code     0  libinit2.o(.ARM.Collect$$libinit$$00000034)
    __rt_lib_init_exceptions_1               0x0800014b   Thumb Code     0  libinit2.o(.ARM.Collect$$libinit$$00000032)
    __rt_lib_init_fp_1                       0x0800014b   Thumb Code     0  libinit2.o(.ARM.Collect$$libinit$$00000002)
    __rt_lib_init_fp_trap_1                  0x0800014b   Thumb Code     0  libinit2.o(.ARM.Collect$$libinit$$00000021)
    __rt_lib_init_getenv_1                   0x0800014b   Thumb Code     0  libinit2.o(.ARM.Collect$$libinit$$00000025)
    __rt_lib_init_heap_1                     0x0800014b   Thumb Code     0  libinit2.o(.ARM.Collect$$libinit$$0000000C)
    __rt_lib_init_lc_collate_1               0x0800014b   Thumb Code     0  libinit2.o(.ARM.Collect$$libinit$$00000013)
    __rt_lib_init_lc_ctype_1                 0x0800014b   Thumb Code     0  libinit2.o(.ARM.Collect$$libinit$$00000015)
    __rt_lib_init_lc_monetary_1              0x0800014b   Thumb Code     0  libinit2.o(.ARM.Collect$$libinit$$00000017)
    __rt_lib_init_lc_numeric_1               0x0800014b   Thumb Code     0  libinit2.o(.ARM.Collect$$libinit$$00000019)
    __rt_lib_init_lc_time_1                  0x0800014b   Thumb Code     0  libinit2.o(.ARM.Collect$$libinit$$0000001B)
    __rt_lib_init_preinit_1                  0x0800014b   Thumb Code     0  libinit2.o(.ARM.Collect$$libinit$$00000006)
    __rt_lib_init_rand_1                     0x0800014b   Thumb Code     0  libinit2.o(.ARM.Collect$$libinit$$00000010)
    __rt_lib_init_relocate_pie_1             0x0800014b   Thumb Code     0  libinit2.o(.ARM.Collect$$libinit$$00000004)
    __rt_lib_init_return                     0x0800014b   Thumb Code     0  libinit2.o(.ARM.Collect$$libinit$$00000035)
    __rt_lib_init_signal_1                   0x0800014b   Thumb Code     0  libinit2.o(.ARM.Collect$$libinit$$0000001F)
    __rt_lib_init_stdio_1                    0x0800014b   Thumb Code     0  libinit2.o(.ARM.Collect$$libinit$$00000027)
    __rt_lib_init_user_alloc_1               0x0800014b   Thumb Code     0  libinit2.o(.ARM.Collect$$libinit$$0000000E)
    __rt_lib_shutdown                        0x0800014d   Thumb Code     0  libshutdown.o(.ARM.Collect$$libshutdown$$00000000)
    __rt_lib_shutdown_cpp_1                  0x0800014f   Thumb Code     0  libshutdown2.o(.ARM.Collect$$libshutdown$$00000002)
    __rt_lib_shutdown_fp_trap_1              0x0800014f   Thumb Code     0  libshutdown2.o(.ARM.Collect$$libshutdown$$00000007)
    __rt_lib_shutdown_heap_1                 0x0800014f   Thumb Code     0  libshutdown2.o(.ARM.Collect$$libshutdown$$0000000F)
    __rt_lib_shutdown_return                 0x0800014f   Thumb Code     0  libshutdown2.o(.ARM.Collect$$libshutdown$$00000010)
    __rt_lib_shutdown_signal_1               0x0800014f   Thumb Code     0  libshutdown2.o(.ARM.Collect$$libshutdown$$0000000A)
    __rt_lib_shutdown_stdio_1                0x0800014f   Thumb Code     0  libshutdown2.o(.ARM.Collect$$libshutdown$$00000004)
    __rt_lib_shutdown_user_alloc_1           0x0800014f   Thumb Code     0  libshutdown2.o(.ARM.Collect$$libshutdown$$0000000C)
    __rt_entry                               0x08000151   Thumb Code     0  __rtentry.o(.ARM.Collect$$rtentry$$00000000)
    __rt_entry_presh_1                       0x08000151   Thumb Code     0  __rtentry2.o(.ARM.Collect$$rtentry$$00000002)
    __rt_entry_sh                            0x08000151   Thumb Code     0  __rtentry4.o(.ARM.Collect$$rtentry$$00000004)
    __rt_entry_li                            0x08000157   Thumb Code     0  __rtentry2.o(.ARM.Collect$$rtentry$$0000000A)
    __rt_entry_postsh_1                      0x08000157   Thumb Code     0  __rtentry2.o(.ARM.Collect$$rtentry$$00000009)
    __rt_entry_main                          0x0800015b   Thumb Code     0  __rtentry2.o(.ARM.Collect$$rtentry$$0000000D)
    __rt_entry_postli_1                      0x0800015b   Thumb Code     0  __rtentry2.o(.ARM.Collect$$rtentry$$0000000C)
    __rt_exit                                0x08000163   Thumb Code     0  rtexit.o(.ARM.Collect$$rtexit$$00000000)
    __rt_exit_ls                             0x08000165   Thumb Code     0  rtexit2.o(.ARM.Collect$$rtexit$$00000003)
    __rt_exit_prels_1                        0x08000165   Thumb Code     0  rtexit2.o(.ARM.Collect$$rtexit$$00000002)
    __rt_exit_exit                           0x08000169   Thumb Code     0  rtexit2.o(.ARM.Collect$$rtexit$$00000004)
    main                                     0x08000171   Thumb Code   968  main.o(.text)
    ShutOff                                  0x080005a5   Thumb Code    32  main.o(.text)
    ShowBatteryState                         0x080005c9   Thumb Code    88  main.o(.text)
    BeepsBackwards                           0x08000629   Thumb Code     2  main.o(.text)
    modulo                                   0x0800062d   Thumb Code    22  bldc.o(.text)
    up_or_down                               0x08000645   Thumb Code    32  bldc.o(.text)
    blockPWM                                 0x08000669   Thumb Code   112  bldc.o(.text)
    SetEnable                                0x080006d9   Thumb Code     8  bldc.o(.text)
    SetPWM                                   0x080006e5   Thumb Code    96  bldc.o(.text)
    CalculateBLDC                            0x08000755   Thumb Code   624  bldc.o(.text)
    Interrupt_init                           0x08000a61   Thumb Code     2  setup.o(.text)
    Watchdog_init                            0x08000a65   Thumb Code    52  setup.o(.text)
    TimeoutTimer_init                        0x08000aa1   Thumb Code    84  setup.o(.text)
    GPIO_init                                0x08000b01   Thumb Code   580  setup.o(.text)
    PWM_init                                 0x08000d55   Thumb Code   360  setup.o(.text)
    ADC_init                                 0x08000ed5   Thumb Code   212  setup.o(.text)
    USART1_Init                              0x08000fb9   Thumb Code   288  setup.o(.text)
    USART0_Init                              0x080010e9   Thumb Code   280  setup.o(.text)
    SysTick_Handler                          0x08001215   Thumb Code    12  it.o(.text)
    ResetTimeout                             0x08001225   Thumb Code     8  it.o(.text)
    TIMER13_IRQHandler                       0x08001231   Thumb Code    56  it.o(.text)
    TIMER0_BRK_UP_TRG_COM_IRQHandler         0x08001279   Thumb Code    24  it.o(.text)
    DMA_Channel0_IRQHandler                  0x08001295   Thumb Code    32  it.o(.text)
    DMA_Channel1_2_IRQHandler                0x080012b5   Thumb Code    32  it.o(.text)
    DMA_Channel3_4_IRQHandler                0x080012d5   Thumb Code    28  it.o(.text)
    millis                                   0x080012f1   Thumb Code     8  it.o(.text)
    Delay                                    0x080012fd   Thumb Code    20  it.o(.text)
    NMI_Handler                              0x08001315   Thumb Code     2  it.o(.text)
    HardFault_Handler                        0x08001317   Thumb Code     2  it.o(.text)
    MemManage_Handler                        0x08001319   Thumb Code     2  it.o(.text)
    BusFault_Handler                         0x0800131b   Thumb Code     2  it.o(.text)
    UsageFault_Handler                       0x0800131d   Thumb Code     2  it.o(.text)
    SVC_Handler                              0x0800131f   Thumb Code     2  it.o(.text)
    DebugMon_Handler                         0x08001321   Thumb Code     2  it.o(.text)
    PendSV_Handler                           0x08001323   Thumb Code     2  it.o(.text)
    RemoteUpdate                             0x08001325   Thumb Code    64  remotedummy.o(.text)
    RemoteCallback                           0x08001375   Thumb Code     2  remotedummy.o(.text)
    adc_deinit                               0x08001379   Thumb Code    24  gd32e23x_adc.o(.text)
    adc_enable                               0x08001395   Thumb Code    20  gd32e23x_adc.o(.text)
    adc_disable                              0x080013ad   Thumb Code    12  gd32e23x_adc.o(.text)
    adc_calibration_enable                   0x080013bd   Thumb Code    32  gd32e23x_adc.o(.text)
    adc_dma_mode_enable                      0x080013e1   Thumb Code    16  gd32e23x_adc.o(.text)
    adc_dma_mode_disable                     0x080013f5   Thumb Code    16  gd32e23x_adc.o(.text)
    adc_tempsensor_vrefint_enable            0x08001409   Thumb Code    16  gd32e23x_adc.o(.text)
    adc_tempsensor_vrefint_disable           0x0800141d   Thumb Code    16  gd32e23x_adc.o(.text)
    adc_discontinuous_mode_config            0x08001431   Thumb Code    64  gd32e23x_adc.o(.text)
    adc_special_function_config              0x08001475   Thumb Code   112  gd32e23x_adc.o(.text)
    adc_data_alignment_config                0x080014e9   Thumb Code    24  gd32e23x_adc.o(.text)
    adc_channel_length_config                0x08001505   Thumb Code    60  gd32e23x_adc.o(.text)
    adc_regular_channel_config               0x08001545   Thumb Code   136  gd32e23x_adc.o(.text)
    adc_inserted_channel_config              0x080015d1   Thumb Code    92  gd32e23x_adc.o(.text)
    adc_inserted_channel_offset_config       0x08001631   Thumb Code    28  gd32e23x_adc.o(.text)
    adc_external_trigger_config              0x08001655   Thumb Code    64  gd32e23x_adc.o(.text)
    adc_external_trigger_source_config       0x08001699   Thumb Code    32  gd32e23x_adc.o(.text)
    adc_software_trigger_enable              0x080016c5   Thumb Code    40  gd32e23x_adc.o(.text)
    adc_regular_data_read                    0x080016f1   Thumb Code     8  gd32e23x_adc.o(.text)
    adc_inserted_data_read                   0x080016fd   Thumb Code    68  gd32e23x_adc.o(.text)
    adc_flag_get                             0x08001745   Thumb Code    12  gd32e23x_adc.o(.text)
    adc_flag_clear                           0x08001755   Thumb Code    12  gd32e23x_adc.o(.text)
    adc_interrupt_flag_get                   0x08001765   Thumb Code    48  gd32e23x_adc.o(.text)
    adc_interrupt_flag_clear                 0x08001799   Thumb Code    12  gd32e23x_adc.o(.text)
    adc_interrupt_enable                     0x080017a9   Thumb Code    52  gd32e23x_adc.o(.text)
    adc_interrupt_disable                    0x080017e1   Thumb Code    52  gd32e23x_adc.o(.text)
    adc_watchdog_single_channel_enable       0x08001819   Thumb Code    28  gd32e23x_adc.o(.text)
    adc_watchdog_group_channel_enable        0x08001841   Thumb Code    36  gd32e23x_adc.o(.text)
    adc_watchdog_disable                     0x08001879   Thumb Code    12  gd32e23x_adc.o(.text)
    adc_watchdog_threshold_config            0x0800188d   Thumb Code    16  gd32e23x_adc.o(.text)
    adc_resolution_config                    0x080018a5   Thumb Code    20  gd32e23x_adc.o(.text)
    adc_oversample_mode_config               0x080018bd   Thumb Code    40  gd32e23x_adc.o(.text)
    adc_oversample_mode_enable               0x080018ed   Thumb Code    12  gd32e23x_adc.o(.text)
    adc_oversample_mode_disable              0x080018fd   Thumb Code    12  gd32e23x_adc.o(.text)
    dma_deinit                               0x0800190d   Thumb Code    44  gd32e23x_dma.o(.text)
    dma_struct_para_init                     0x0800193d   Thumb Code    20  gd32e23x_dma.o(.text)
    dma_init                                 0x08001951   Thumb Code   112  gd32e23x_dma.o(.text)
    dma_channel_disable                      0x080019c5   Thumb Code    16  gd32e23x_dma.o(.text)
    dma_circulation_enable                   0x080019d9   Thumb Code    16  gd32e23x_dma.o(.text)
    dma_circulation_disable                  0x080019ed   Thumb Code    16  gd32e23x_dma.o(.text)
    dma_memory_to_memory_enable              0x08001a01   Thumb Code    20  gd32e23x_dma.o(.text)
    dma_memory_to_memory_disable             0x08001a19   Thumb Code    20  gd32e23x_dma.o(.text)
    dma_channel_enable                       0x08001a31   Thumb Code    16  gd32e23x_dma.o(.text)
    dma_periph_address_config                0x08001a45   Thumb Code    12  gd32e23x_dma.o(.text)
    dma_memory_address_config                0x08001a55   Thumb Code    12  gd32e23x_dma.o(.text)
    dma_transfer_number_config               0x08001a65   Thumb Code    12  gd32e23x_dma.o(.text)
    dma_transfer_number_get                  0x08001a75   Thumb Code    12  gd32e23x_dma.o(.text)
    dma_priority_config                      0x08001a85   Thumb Code    24  gd32e23x_dma.o(.text)
    dma_memory_width_config                  0x08001aa1   Thumb Code    24  gd32e23x_dma.o(.text)
    dma_periph_width_config                  0x08001abd   Thumb Code    24  gd32e23x_dma.o(.text)
    dma_memory_increase_enable               0x08001ad9   Thumb Code    16  gd32e23x_dma.o(.text)
    dma_memory_increase_disable              0x08001aed   Thumb Code    16  gd32e23x_dma.o(.text)
    dma_periph_increase_enable               0x08001b01   Thumb Code    16  gd32e23x_dma.o(.text)
    dma_periph_increase_disable              0x08001b15   Thumb Code    16  gd32e23x_dma.o(.text)
    dma_transfer_direction_config            0x08001b29   Thumb Code    28  gd32e23x_dma.o(.text)
    dma_flag_get                             0x08001b49   Thumb Code    16  gd32e23x_dma.o(.text)
    dma_flag_clear                           0x08001b5d   Thumb Code    16  gd32e23x_dma.o(.text)
    dma_interrupt_flag_get                   0x08001b71   Thumb Code    56  gd32e23x_dma.o(.text)
    dma_interrupt_flag_clear                 0x08001bad   Thumb Code    16  gd32e23x_dma.o(.text)
    dma_interrupt_enable                     0x08001bc1   Thumb Code    16  gd32e23x_dma.o(.text)
    dma_interrupt_disable                    0x08001bd5   Thumb Code    16  gd32e23x_dma.o(.text)
    fwdgt_write_enable                       0x08001be9   Thumb Code     8  gd32e23x_fwdgt.o(.text)
    fwdgt_write_disable                      0x08001bf9   Thumb Code     8  gd32e23x_fwdgt.o(.text)
    fwdgt_enable                             0x08001c05   Thumb Code     8  gd32e23x_fwdgt.o(.text)
    fwdgt_prescaler_value_config             0x08001c15   Thumb Code    36  gd32e23x_fwdgt.o(.text)
    fwdgt_reload_value_config                0x08001c45   Thumb Code    40  gd32e23x_fwdgt.o(.text)
    fwdgt_window_value_config                0x08001c7d   Thumb Code    40  gd32e23x_fwdgt.o(.text)
    fwdgt_counter_reload                     0x08001cb5   Thumb Code     8  gd32e23x_fwdgt.o(.text)
    fwdgt_config                             0x08001cc5   Thumb Code    64  gd32e23x_fwdgt.o(.text)
    fwdgt_flag_get                           0x08001d19   Thumb Code    12  gd32e23x_fwdgt.o(.text)
    gpio_deinit                              0x08001d29   Thumb Code    52  gd32e23x_gpio.o(.text)
    gpio_mode_set                            0x08001d61   Thumb Code    66  gd32e23x_gpio.o(.text)
    gpio_output_options_set                  0x08001da3   Thumb Code    70  gd32e23x_gpio.o(.text)
    gpio_bit_set                             0x08001de9   Thumb Code     4  gd32e23x_gpio.o(.text)
    gpio_bit_reset                           0x08001ded   Thumb Code     4  gd32e23x_gpio.o(.text)
    gpio_bit_write                           0x08001df1   Thumb Code    14  gd32e23x_gpio.o(.text)
    gpio_port_write                          0x08001dff   Thumb Code     4  gd32e23x_gpio.o(.text)
    gpio_input_bit_get                       0x08001e03   Thumb Code    10  gd32e23x_gpio.o(.text)
    gpio_input_port_get                      0x08001e0d   Thumb Code     6  gd32e23x_gpio.o(.text)
    gpio_output_bit_get                      0x08001e13   Thumb Code    10  gd32e23x_gpio.o(.text)
    gpio_output_port_get                     0x08001e1d   Thumb Code     6  gd32e23x_gpio.o(.text)
    gpio_af_set                              0x08001e23   Thumb Code    94  gd32e23x_gpio.o(.text)
    gpio_pin_lock                            0x08001e81   Thumb Code    18  gd32e23x_gpio.o(.text)
    gpio_bit_toggle                          0x08001e93   Thumb Code     4  gd32e23x_gpio.o(.text)
    gpio_port_toggle                         0x08001e99   Thumb Code     8  gd32e23x_gpio.o(.text)
    nvic_irq_enable                          0x08001ea5   Thumb Code    72  gd32e23x_misc.o(.text)
    nvic_irq_disable                         0x08001ef9   Thumb Code    32  gd32e23x_misc.o(.text)
    nvic_system_reset                        0x08001f1d   Thumb Code    20  gd32e23x_misc.o(.text)
    nvic_vector_table_set                    0x08001f39   Thumb Code    12  gd32e23x_misc.o(.text)
    system_lowpower_set                      0x08001f4d   Thumb Code    12  gd32e23x_misc.o(.text)
    system_lowpower_reset                    0x08001f5d   Thumb Code    12  gd32e23x_misc.o(.text)
    systick_clksource_set                    0x08001f6d   Thumb Code    24  gd32e23x_misc.o(.text)
    rcu_deinit                               0x08001f89   Thumb Code   100  gd32e23x_rcu.o(.text)
    rcu_periph_clock_enable                  0x08001ffd   Thumb Code    20  gd32e23x_rcu.o(.text)
    rcu_periph_clock_disable                 0x08002015   Thumb Code    20  gd32e23x_rcu.o(.text)
    rcu_periph_clock_sleep_enable            0x0800202d   Thumb Code    20  gd32e23x_rcu.o(.text)
    rcu_periph_clock_sleep_disable           0x08002045   Thumb Code    20  gd32e23x_rcu.o(.text)
    rcu_periph_reset_enable                  0x0800205d   Thumb Code    20  gd32e23x_rcu.o(.text)
    rcu_periph_reset_disable                 0x08002075   Thumb Code    20  gd32e23x_rcu.o(.text)
    rcu_bkp_reset_enable                     0x0800208d   Thumb Code    16  gd32e23x_rcu.o(.text)
    rcu_bkp_reset_disable                    0x080020a1   Thumb Code    16  gd32e23x_rcu.o(.text)
    rcu_system_clock_source_config           0x080020b5   Thumb Code    16  gd32e23x_rcu.o(.text)
    rcu_system_clock_source_get              0x080020c9   Thumb Code    12  gd32e23x_rcu.o(.text)
    rcu_ahb_clock_config                     0x080020d9   Thumb Code    16  gd32e23x_rcu.o(.text)
    rcu_apb1_clock_config                    0x080020ed   Thumb Code    16  gd32e23x_rcu.o(.text)
    rcu_apb2_clock_config                    0x08002101   Thumb Code    16  gd32e23x_rcu.o(.text)
    rcu_adc_clock_config                     0x08002115   Thumb Code   200  gd32e23x_rcu.o(.text)
    rcu_ckout_config                         0x080021e5   Thumb Code    20  gd32e23x_rcu.o(.text)
    rcu_pll_config                           0x080021fd   Thumb Code    24  gd32e23x_rcu.o(.text)
    rcu_usart_clock_config                   0x0800221d   Thumb Code    20  gd32e23x_rcu.o(.text)
    rcu_rtc_clock_config                     0x08002235   Thumb Code    20  gd32e23x_rcu.o(.text)
    rcu_hxtal_prediv_config                  0x0800224d   Thumb Code    16  gd32e23x_rcu.o(.text)
    rcu_lxtal_drive_capability_config        0x08002261   Thumb Code    20  gd32e23x_rcu.o(.text)
    rcu_flag_get                             0x08002279   Thumb Code    20  gd32e23x_rcu.o(.text)
    rcu_all_reset_flag_clear                 0x08002291   Thumb Code    16  gd32e23x_rcu.o(.text)
    rcu_interrupt_flag_get                   0x080022a5   Thumb Code    20  gd32e23x_rcu.o(.text)
    rcu_interrupt_flag_clear                 0x080022bd   Thumb Code    20  gd32e23x_rcu.o(.text)
    rcu_interrupt_enable                     0x080022d5   Thumb Code    20  gd32e23x_rcu.o(.text)
    rcu_interrupt_disable                    0x080022ed   Thumb Code    20  gd32e23x_rcu.o(.text)
    rcu_osci_stab_wait                       0x08002305   Thumb Code   216  gd32e23x_rcu.o(.text)
    rcu_osci_on                              0x080023f1   Thumb Code    20  gd32e23x_rcu.o(.text)
    rcu_osci_off                             0x08002409   Thumb Code    20  gd32e23x_rcu.o(.text)
    rcu_osci_bypass_mode_enable              0x08002421   Thumb Code    56  gd32e23x_rcu.o(.text)
    rcu_osci_bypass_mode_disable             0x0800245d   Thumb Code    56  gd32e23x_rcu.o(.text)
    rcu_hxtal_clock_monitor_enable           0x08002499   Thumb Code    16  gd32e23x_rcu.o(.text)
    rcu_hxtal_clock_monitor_disable          0x080024ad   Thumb Code    16  gd32e23x_rcu.o(.text)
    rcu_irc8m_adjust_value_set               0x080024c1   Thumb Code    16  gd32e23x_rcu.o(.text)
    rcu_irc28m_adjust_value_set              0x080024d5   Thumb Code    16  gd32e23x_rcu.o(.text)
    rcu_voltage_key_unlock                   0x080024e9   Thumb Code    20  gd32e23x_rcu.o(.text)
    rcu_deepsleep_voltage_set                0x08002505   Thumb Code    20  gd32e23x_rcu.o(.text)
    rcu_clock_freq_get                       0x0800251d   Thumb Code   260  gd32e23x_rcu.o(.text)
    timer_deinit                             0x08002649   Thumb Code   100  gd32e23x_timer.o(.text)
    timer_struct_para_init                   0x080026d5   Thumb Code    16  gd32e23x_timer.o(.text)
    timer_init                               0x080026e9   Thumb Code   144  gd32e23x_timer.o(.text)
    timer_enable                             0x08002799   Thumb Code    10  gd32e23x_timer.o(.text)
    timer_disable                            0x080027a3   Thumb Code    10  gd32e23x_timer.o(.text)
    timer_auto_reload_shadow_enable          0x080027ad   Thumb Code    10  gd32e23x_timer.o(.text)
    timer_auto_reload_shadow_disable         0x080027b7   Thumb Code    10  gd32e23x_timer.o(.text)
    timer_update_event_enable                0x080027c1   Thumb Code    10  gd32e23x_timer.o(.text)
    timer_update_event_disable               0x080027cb   Thumb Code    10  gd32e23x_timer.o(.text)
    timer_counter_alignment                  0x080027d5   Thumb Code    16  gd32e23x_timer.o(.text)
    timer_counter_up_direction               0x080027e5   Thumb Code    10  gd32e23x_timer.o(.text)
    timer_counter_down_direction             0x080027ef   Thumb Code    10  gd32e23x_timer.o(.text)
    timer_prescaler_config                   0x080027f9   Thumb Code    16  gd32e23x_timer.o(.text)
    timer_repetition_value_config            0x08002809   Thumb Code     4  gd32e23x_timer.o(.text)
    timer_autoreload_value_config            0x0800280d   Thumb Code     4  gd32e23x_timer.o(.text)
    timer_counter_value_config               0x08002811   Thumb Code     4  gd32e23x_timer.o(.text)
    timer_counter_read                       0x08002815   Thumb Code     4  gd32e23x_timer.o(.text)
    timer_prescaler_read                     0x08002819   Thumb Code     6  gd32e23x_timer.o(.text)
    timer_single_pulse_mode_config           0x0800281f   Thumb Code    26  gd32e23x_timer.o(.text)
    timer_update_source_config               0x08002839   Thumb Code    26  gd32e23x_timer.o(.text)
    timer_ocpre_clear_source_config          0x08002853   Thumb Code    26  gd32e23x_timer.o(.text)
    timer_interrupt_enable                   0x0800286d   Thumb Code     8  gd32e23x_timer.o(.text)
    timer_interrupt_disable                  0x08002875   Thumb Code     8  gd32e23x_timer.o(.text)
    timer_interrupt_flag_get                 0x0800287d   Thumb Code    20  gd32e23x_timer.o(.text)
    timer_interrupt_flag_clear               0x08002891   Thumb Code     8  gd32e23x_timer.o(.text)
    timer_flag_get                           0x08002899   Thumb Code    10  gd32e23x_timer.o(.text)
    timer_flag_clear                         0x080028a3   Thumb Code     8  gd32e23x_timer.o(.text)
    timer_dma_enable                         0x080028ab   Thumb Code     8  gd32e23x_timer.o(.text)
    timer_dma_disable                        0x080028b3   Thumb Code     8  gd32e23x_timer.o(.text)
    timer_channel_dma_request_source_select  0x080028bb   Thumb Code    26  gd32e23x_timer.o(.text)
    timer_dma_transfer_config                0x080028d5   Thumb Code    20  gd32e23x_timer.o(.text)
    timer_event_software_generate            0x080028ed   Thumb Code     8  gd32e23x_timer.o(.text)
    timer_break_struct_para_init             0x080028f5   Thumb Code    18  gd32e23x_timer.o(.text)
    timer_break_config                       0x08002907   Thumb Code    30  gd32e23x_timer.o(.text)
    timer_break_enable                       0x08002925   Thumb Code    12  gd32e23x_timer.o(.text)
    timer_break_disable                      0x08002931   Thumb Code    12  gd32e23x_timer.o(.text)
    timer_automatic_output_enable            0x0800293d   Thumb Code    12  gd32e23x_timer.o(.text)
    timer_automatic_output_disable           0x08002949   Thumb Code    12  gd32e23x_timer.o(.text)
    timer_primary_output_config              0x08002955   Thumb Code    22  gd32e23x_timer.o(.text)
    timer_channel_control_shadow_config      0x0800296b   Thumb Code    18  gd32e23x_timer.o(.text)
    timer_channel_control_shadow_update_config 0x0800297d   Thumb Code    26  gd32e23x_timer.o(.text)
    timer_channel_output_struct_para_init    0x08002997   Thumb Code    16  gd32e23x_timer.o(.text)
    timer_channel_output_config              0x080029a9   Thumb Code   528  gd32e23x_timer.o(.text)
    timer_channel_output_mode_config         0x08002bcd   Thumb Code    92  gd32e23x_timer.o(.text)
    timer_channel_output_pulse_value_config  0x08002c29   Thumb Code    12  gd32e23x_timer.o(.text)
    timer_channel_output_shadow_config       0x08002c35   Thumb Code    92  gd32e23x_timer.o(.text)
    timer_channel_output_fast_config         0x08002c91   Thumb Code    92  gd32e23x_timer.o(.text)
    timer_channel_output_clear_config        0x08002ced   Thumb Code    92  gd32e23x_timer.o(.text)
    timer_channel_output_polarity_config     0x08002d49   Thumb Code    90  gd32e23x_timer.o(.text)
    timer_channel_complementary_output_polarity_config 0x08002da5   Thumb Code    90  gd32e23x_timer.o(.text)
    timer_channel_output_state_config        0x08002e01   Thumb Code    90  gd32e23x_timer.o(.text)
    timer_channel_complementary_output_state_config 0x08002e5b   Thumb Code    54  gd32e23x_timer.o(.text)
    timer_channel_input_struct_para_init     0x08002e91   Thumb Code    14  gd32e23x_timer.o(.text)
    timer_input_capture_config               0x08002ea1   Thumb Code   404  gd32e23x_timer.o(.text)
    timer_channel_input_capture_prescaler_config 0x08003039   Thumb Code    92  gd32e23x_timer.o(.text)
    timer_channel_capture_value_register_read 0x08003095   Thumb Code    16  gd32e23x_timer.o(.text)
    timer_input_pwm_capture_config           0x080030a5   Thumb Code   344  gd32e23x_timer.o(.text)
    timer_hall_mode_config                   0x08003209   Thumb Code    26  gd32e23x_timer.o(.text)
    timer_input_trigger_source_select        0x08003223   Thumb Code    16  gd32e23x_timer.o(.text)
    timer_master_output_trigger_source_select 0x08003233   Thumb Code    16  gd32e23x_timer.o(.text)
    timer_slave_mode_select                  0x08003243   Thumb Code    16  gd32e23x_timer.o(.text)
    timer_master_slave_mode_config           0x08003253   Thumb Code    26  gd32e23x_timer.o(.text)
    timer_external_trigger_config            0x0800326d   Thumb Code    30  gd32e23x_timer.o(.text)
    timer_quadrature_decoder_mode_config     0x0800328d   Thumb Code    64  gd32e23x_timer.o(.text)
    timer_internal_clock_config              0x080032d1   Thumb Code    10  gd32e23x_timer.o(.text)
    timer_internal_trigger_as_external_clock_config 0x080032db   Thumb Code    30  gd32e23x_timer.o(.text)
    timer_external_trigger_as_external_clock_config 0x080032f9   Thumb Code   148  gd32e23x_timer.o(.text)
    timer_external_clock_mode0_config        0x0800338d   Thumb Code    44  gd32e23x_timer.o(.text)
    timer_external_clock_mode1_config        0x080033b9   Thumb Code    40  gd32e23x_timer.o(.text)
    timer_external_clock_mode1_disable       0x080033e1   Thumb Code    12  gd32e23x_timer.o(.text)
    timer_channel_remap_config               0x080033ed   Thumb Code     4  gd32e23x_timer.o(.text)
    timer_write_chxval_register_config       0x080033f1   Thumb Code    30  gd32e23x_timer.o(.text)
    timer_output_value_selection_config      0x0800340f   Thumb Code    30  gd32e23x_timer.o(.text)
    usart_deinit                             0x0800342d   Thumb Code    40  gd32e23x_usart.o(.text)
    usart_baudrate_set                       0x08003465   Thumb Code    76  gd32e23x_usart.o(.text)
    usart_parity_config                      0x080034bd   Thumb Code    26  gd32e23x_usart.o(.text)
    usart_word_length_set                    0x080034d7   Thumb Code    26  gd32e23x_usart.o(.text)
    usart_stop_bit_set                       0x080034f1   Thumb Code    26  gd32e23x_usart.o(.text)
    usart_enable                             0x0800350b   Thumb Code    10  gd32e23x_usart.o(.text)
    usart_disable                            0x08003515   Thumb Code    10  gd32e23x_usart.o(.text)
    usart_transmit_config                    0x0800351f   Thumb Code    16  gd32e23x_usart.o(.text)
    usart_receive_config                     0x0800352f   Thumb Code    16  gd32e23x_usart.o(.text)
    usart_data_first_config                  0x0800353f   Thumb Code    26  gd32e23x_usart.o(.text)
    usart_invert_config                      0x08003559   Thumb Code   112  gd32e23x_usart.o(.text)
    usart_overrun_enable                     0x080035c9   Thumb Code    20  gd32e23x_usart.o(.text)
    usart_overrun_disable                    0x080035dd   Thumb Code    20  gd32e23x_usart.o(.text)
    usart_oversample_config                  0x080035f1   Thumb Code    26  gd32e23x_usart.o(.text)
    usart_sample_bit_config                  0x0800360b   Thumb Code    26  gd32e23x_usart.o(.text)
    usart_receiver_timeout_enable            0x08003625   Thumb Code    12  gd32e23x_usart.o(.text)
    usart_receiver_timeout_disable           0x08003631   Thumb Code    12  gd32e23x_usart.o(.text)
    usart_receiver_timeout_threshold_config  0x0800363d   Thumb Code    18  gd32e23x_usart.o(.text)
    usart_data_transmit                      0x08003651   Thumb Code     8  gd32e23x_usart.o(.text)
    usart_data_receive                       0x0800365d   Thumb Code     8  gd32e23x_usart.o(.text)
    usart_autobaud_detection_enable          0x08003669   Thumb Code    12  gd32e23x_usart.o(.text)
    usart_autobaud_detection_disable         0x08003675   Thumb Code    12  gd32e23x_usart.o(.text)
    usart_autobaud_detection_mode_config     0x08003681   Thumb Code    18  gd32e23x_usart.o(.text)
    usart_address_config                     0x08003693   Thumb Code    28  gd32e23x_usart.o(.text)
    usart_address_detection_mode_config      0x080036af   Thumb Code    26  gd32e23x_usart.o(.text)
    usart_mute_mode_enable                   0x080036c9   Thumb Code    12  gd32e23x_usart.o(.text)
    usart_mute_mode_disable                  0x080036d5   Thumb Code    12  gd32e23x_usart.o(.text)
    usart_mute_mode_wakeup_config            0x080036e1   Thumb Code    26  gd32e23x_usart.o(.text)
    usart_lin_mode_enable                    0x080036fb   Thumb Code    20  gd32e23x_usart.o(.text)
    usart_lin_mode_disable                   0x0800370f   Thumb Code    20  gd32e23x_usart.o(.text)
    usart_lin_break_detection_length_config  0x08003723   Thumb Code    26  gd32e23x_usart.o(.text)
    usart_halfduplex_enable                  0x0800373d   Thumb Code    18  gd32e23x_usart.o(.text)
    usart_halfduplex_disable                 0x0800374f   Thumb Code    18  gd32e23x_usart.o(.text)
    usart_clock_enable                       0x08003761   Thumb Code    20  gd32e23x_usart.o(.text)
    usart_clock_disable                      0x08003775   Thumb Code    20  gd32e23x_usart.o(.text)
    usart_synchronous_clock_config           0x08003789   Thumb Code    58  gd32e23x_usart.o(.text)
    usart_guard_time_config                  0x080037c3   Thumb Code    30  gd32e23x_usart.o(.text)
    usart_smartcard_mode_enable              0x080037e1   Thumb Code    18  gd32e23x_usart.o(.text)
    usart_smartcard_mode_disable             0x080037f3   Thumb Code    18  gd32e23x_usart.o(.text)
    usart_smartcard_mode_nack_enable         0x08003805   Thumb Code    18  gd32e23x_usart.o(.text)
    usart_smartcard_mode_nack_disable        0x08003817   Thumb Code    18  gd32e23x_usart.o(.text)
    usart_smartcard_mode_early_nack_enable   0x08003829   Thumb Code    12  gd32e23x_usart.o(.text)
    usart_smartcard_mode_early_nack_disable  0x08003835   Thumb Code    12  gd32e23x_usart.o(.text)
    usart_smartcard_autoretry_config         0x08003841   Thumb Code    30  gd32e23x_usart.o(.text)
    usart_block_length_config                0x0800385f   Thumb Code    20  gd32e23x_usart.o(.text)
    usart_irda_mode_enable                   0x08003873   Thumb Code    18  gd32e23x_usart.o(.text)
    usart_irda_mode_disable                  0x08003885   Thumb Code    18  gd32e23x_usart.o(.text)
    usart_prescaler_config                   0x08003897   Thumb Code    24  gd32e23x_usart.o(.text)
    usart_irda_lowpower_config               0x080038af   Thumb Code    26  gd32e23x_usart.o(.text)
    usart_hardware_flow_rts_config           0x080038c9   Thumb Code    26  gd32e23x_usart.o(.text)
    usart_hardware_flow_cts_config           0x080038e3   Thumb Code    26  gd32e23x_usart.o(.text)
    usart_hardware_flow_coherence_config     0x080038fd   Thumb Code    22  gd32e23x_usart.o(.text)
    usart_rs485_driver_enable                0x08003913   Thumb Code    20  gd32e23x_usart.o(.text)
    usart_rs485_driver_disable               0x08003927   Thumb Code    20  gd32e23x_usart.o(.text)
    usart_driver_assertime_config            0x0800393b   Thumb Code    30  gd32e23x_usart.o(.text)
    usart_driver_deassertime_config          0x08003959   Thumb Code    30  gd32e23x_usart.o(.text)
    usart_depolarity_config                  0x08003977   Thumb Code    28  gd32e23x_usart.o(.text)
    usart_dma_receive_config                 0x08003993   Thumb Code    16  gd32e23x_usart.o(.text)
    usart_dma_transmit_config                0x080039a3   Thumb Code    16  gd32e23x_usart.o(.text)
    usart_reception_error_dma_disable        0x080039b3   Thumb Code    20  gd32e23x_usart.o(.text)
    usart_reception_error_dma_enable         0x080039c7   Thumb Code    20  gd32e23x_usart.o(.text)
    usart_wakeup_enable                      0x080039db   Thumb Code    10  gd32e23x_usart.o(.text)
    usart_wakeup_disable                     0x080039e5   Thumb Code    10  gd32e23x_usart.o(.text)
    usart_wakeup_mode_config                 0x080039ef   Thumb Code    28  gd32e23x_usart.o(.text)
    usart_receive_fifo_enable                0x08003a0b   Thumb Code    14  gd32e23x_usart.o(.text)
    usart_receive_fifo_disable               0x08003a19   Thumb Code    14  gd32e23x_usart.o(.text)
    usart_receive_fifo_counter_number        0x08003a27   Thumb Code    10  gd32e23x_usart.o(.text)
    usart_flag_get                           0x08003a31   Thumb Code    16  gd32e23x_usart.o(.text)
    usart_flag_clear                         0x08003a41   Thumb Code    16  gd32e23x_usart.o(.text)
    usart_interrupt_enable                   0x08003a51   Thumb Code    18  gd32e23x_usart.o(.text)
    usart_interrupt_disable                  0x08003a63   Thumb Code    18  gd32e23x_usart.o(.text)
    usart_command_enable                     0x08003a75   Thumb Code     8  gd32e23x_usart.o(.text)
    usart_interrupt_flag_get                 0x08003a7d   Thumb Code    30  gd32e23x_usart.o(.text)
    usart_interrupt_flag_clear               0x08003a9d   Thumb Code    36  gd32e23x_usart.o(.text)
    Reset_Handler                            0x08003ac5   Thumb Code     8  startup_gd32e23x.o(.text)
    ADC_CMP_IRQHandler                       0x08003ad7   Thumb Code     0  startup_gd32e23x.o(.text)
    EXTI0_1_IRQHandler                       0x08003ad7   Thumb Code     0  startup_gd32e23x.o(.text)
    EXTI2_3_IRQHandler                       0x08003ad7   Thumb Code     0  startup_gd32e23x.o(.text)
    EXTI4_15_IRQHandler                      0x08003ad7   Thumb Code     0  startup_gd32e23x.o(.text)
    FMC_IRQHandler                           0x08003ad7   Thumb Code     0  startup_gd32e23x.o(.text)
    I2C0_ER_IRQHandler                       0x08003ad7   Thumb Code     0  startup_gd32e23x.o(.text)
    I2C0_EV_IRQHandler                       0x08003ad7   Thumb Code     0  startup_gd32e23x.o(.text)
    I2C1_ER_IRQHandler                       0x08003ad7   Thumb Code     0  startup_gd32e23x.o(.text)
    I2C1_EV_IRQHandler                       0x08003ad7   Thumb Code     0  startup_gd32e23x.o(.text)
    LVD_IRQHandler                           0x08003ad7   Thumb Code     0  startup_gd32e23x.o(.text)
    RCU_IRQHandler                           0x08003ad7   Thumb Code     0  startup_gd32e23x.o(.text)
    RTC_IRQHandler                           0x08003ad7   Thumb Code     0  startup_gd32e23x.o(.text)
    SPI0_IRQHandler                          0x08003ad7   Thumb Code     0  startup_gd32e23x.o(.text)
    SPI1_IRQHandler                          0x08003ad7   Thumb Code     0  startup_gd32e23x.o(.text)
    TIMER0_Channel_IRQHandler                0x08003ad7   Thumb Code     0  startup_gd32e23x.o(.text)
    TIMER14_IRQHandler                       0x08003ad7   Thumb Code     0  startup_gd32e23x.o(.text)
    TIMER15_IRQHandler                       0x08003ad7   Thumb Code     0  startup_gd32e23x.o(.text)
    TIMER16_IRQHandler                       0x08003ad7   Thumb Code     0  startup_gd32e23x.o(.text)
    TIMER2_IRQHandler                        0x08003ad7   Thumb Code     0  startup_gd32e23x.o(.text)
    TIMER5_IRQHandler                        0x08003ad7   Thumb Code     0  startup_gd32e23x.o(.text)
    USART0_IRQHandler                        0x08003ad7   Thumb Code     0  startup_gd32e23x.o(.text)
    USART1_IRQHandler                        0x08003ad7   Thumb Code     0  startup_gd32e23x.o(.text)
    WWDGT_IRQHandler                         0x08003ad7   Thumb Code     0  startup_gd32e23x.o(.text)
    __user_initial_stackheap                 0x08003ad9   Thumb Code    10  startup_gd32e23x.o(.text)
    SystemInit                               0x08003afd   Thumb Code   208  system_gd32e23x.o(.text)
    SystemCoreClockUpdate                    0x08003bed   Thumb Code    96  system_gd32e23x.o(.text)
    __use_two_region_memory                  0x08003c6d   Thumb Code     2  heapauxi.o(.text)
    __rt_heap_escrow$2region                 0x08003c6f   Thumb Code     2  heapauxi.o(.text)
    __rt_heap_expand$2region                 0x08003c71   Thumb Code     2  heapauxi.o(.text)
    __aeabi_d2f                              0x08003c75   Thumb Code     0  d2f.o(.text)
    _d2f                                     0x08003c75   Thumb Code   120  d2f.o(.text)
    __aeabi_dadd                             0x08003fe9   Thumb Code     0  daddsub.o(.text)
    _dadd                                    0x08003fe9   Thumb Code    26  daddsub.o(.text)
    __aeabi_dsub                             0x08004003   Thumb Code     0  daddsub.o(.text)
    _dsub                                    0x08004003   Thumb Code    22  daddsub.o(.text)
    __aeabi_drsub                            0x08004019   Thumb Code     0  daddsub.o(.text)
    _drsb                                    0x08004019   Thumb Code    28  daddsub.o(.text)
    __aeabi_ddiv                             0x08004049   Thumb Code     0  ddiv.o(.text)
    _ddiv                                    0x08004049   Thumb Code  1072  ddiv.o(.text)
    _drdiv                                   0x08004479   Thumb Code    20  ddiv.o(.text)
    __aeabi_d2iz                             0x08004491   Thumb Code     0  dfixi.o(.text)
    _dfix                                    0x08004491   Thumb Code    98  dfixi.o(.text)
    __aeabi_i2d_normalise                    0x080044fd   Thumb Code    66  dflti.o(.text)
    __aeabi_i2d                              0x0800453f   Thumb Code    16  dflti.o(.text)
    _dflt                                    0x0800453f   Thumb Code     0  dflti.o(.text)
    __aeabi_ui2d                             0x0800454f   Thumb Code     6  dflti.o(.text)
    _dfltu                                   0x0800454f   Thumb Code     0  dflti.o(.text)
    __aeabi_dmul                             0x08004555   Thumb Code     0  dmul.o(.text)
    _dmul                                    0x08004555   Thumb Code   558  dmul.o(.text)
    __aeabi_f2d                              0x0800479d   Thumb Code     0  f2d.o(.text)
    _f2d                                     0x0800479d   Thumb Code    80  f2d.o(.text)
    __aeabi_fdiv                             0x080047f1   Thumb Code     0  fdiv.o(.text)
    _fdiv                                    0x080047f1   Thumb Code   334  fdiv.o(.text)
    _frdiv                                   0x0800493f   Thumb Code     8  fdiv.o(.text)
    __aeabi_f2iz                             0x08004951   Thumb Code     0  ffixi.o(.text)
    _ffix                                    0x08004951   Thumb Code    76  ffixi.o(.text)
    __aeabi_i2f_normalise                    0x0800499d   Thumb Code    72  fflti.o(.text)
    __aeabi_i2f                              0x080049e5   Thumb Code    16  fflti.o(.text)
    _fflt                                    0x080049e5   Thumb Code     0  fflti.o(.text)
    __aeabi_ui2f                             0x080049f5   Thumb Code     6  fflti.o(.text)
    _ffltu                                   0x080049f5   Thumb Code     0  fflti.o(.text)
    __fpl_dcmp_InfNaN                        0x080049fd   Thumb Code   154  dcmpin.o(.text)
    __fpl_fcmp_InfNaN                        0x08004a9d   Thumb Code    96  fcmpin.o(.text)
    __user_setup_stackheap                   0x08004b01   Thumb Code    62  sys_stackheap_outer.o(.text)
    exit                                     0x08004b3f   Thumb Code    16  exit.o(.text)
    __fpl_cmpreturn                          0x08004b4f   Thumb Code    46  cmpret.o(.text)
    __fpl_dcheck_NaN2                        0x08004b7d   Thumb Code    14  dnan2.o(.text)
    __fpl_fcheck_NaN2                        0x08004b91   Thumb Code    10  fnan2.o(.text)
    __user_libspace                          0x08004ba1   Thumb Code     8  libspace.o(.text)
    __user_perproc_libspace                  0x08004ba1   Thumb Code     0  libspace.o(.text)
    __user_perthread_libspace                0x08004ba1   Thumb Code     0  libspace.o(.text)
    __fpl_return_NaN                         0x08004ba9   Thumb Code    94  retnan.o(.text)
    _sys_exit                                0x08004c09   Thumb Code     8  sys_exit.o(.text)
    __I$use$semihosting                      0x08004c15   Thumb Code     0  use_no_semi.o(.text)
    __use_no_semihosting_swi                 0x08004c15   Thumb Code     2  use_no_semi.o(.text)
    __aeabi_dcmplt                           0x08004c17   Thumb Code     0  dcmp.o(i._dls)
    __semihosting_library_function           0x08004c17   Thumb Code     0  indicate_semi.o(.text)
    _dls                                     0x08004c17   Thumb Code    22  dcmp.o(i._dls)
    __aeabi_fcmpge                           0x08004c2d   Thumb Code     0  fcmp.o(i._fgeq)
    _fgeq                                    0x08004c2d   Thumb Code    22  fcmp.o(i._fgeq)
    __aeabi_fcmpgt                           0x08004c43   Thumb Code     0  fcmp.o(i._fgr)
    _fgr                                     0x08004c43   Thumb Code    22  fcmp.o(i._fgr)
    __aeabi_fcmple                           0x08004c59   Thumb Code     0  fcmp.o(i._fleq)
    _fleq                                    0x08004c59   Thumb Code    26  fcmp.o(i._fleq)
    __aeabi_fcmplt                           0x08004c73   Thumb Code     0  fcmp.o(i._fls)
    _fls                                     0x08004c73   Thumb Code    22  fcmp.o(i._fls)
    __aeabi_cdcmple                          0x08004c89   Thumb Code     0  dlef.o(x$fpl$dleqf)
    _dcmple                                  0x08004c89   Thumb Code    94  dlef.o(x$fpl$dleqf)
    __aeabi_fadd                             0x08004ced   Thumb Code     0  faddsub.o(x$fpl$fadd)
    _fadd                                    0x08004ced   Thumb Code   134  faddsub.o(x$fpl$fadd)
    _fcmpge                                  0x08004d79   Thumb Code    78  fgef.o(x$fpl$fgeqf)
    __aeabi_cfcmple                          0x08004dcd   Thumb Code     0  flef.o(x$fpl$fleqf)
    _fcmple                                  0x08004dcd   Thumb Code    78  flef.o(x$fpl$fleqf)
    __aeabi_fmul                             0x08004e21   Thumb Code     0  fmul.o(x$fpl$fmul)
    _fmul                                    0x08004e21   Thumb Code   172  fmul.o(x$fpl$fmul)
    __aeabi_fsub                             0x08004ed1   Thumb Code     0  faddsub.o(x$fpl$fsub)
    _fsub                                    0x08004ed1   Thumb Code   204  faddsub.o(x$fpl$fsub)
    __I$use$fp                               0x08004fa0   Number         0  usenofp.o(x$fpl$usenofp)
    hall_to_pos                              0x08005080   Data           8  bldc.o(.rodata.hall_to_pos)
    lookUpTableAngle                         0x08005088   Data         724  main.o(.rodata.lookUpTableAngle)
    Region$$Table$$Base                      0x0800535c   Number         0  anon$$obj.o(Region$$Table)
    Region$$Table$$Limit                     0x0800537c   Number         0  anon$$obj.o(Region$$Table)
    SystemCoreClock                          0x20000000   Data           4  system_gd32e23x.o(.data.SystemCoreClock)
    batteryVoltage                           0x20000004   Data           4  bldc.o(.data.batteryVoltage)
    offsetdc                                 0x20000008   Data           2  bldc.o(.data.offsetdc)
    speedLimit                               0x2000000a   Data           2  main.o(.data.speedLimit)
    wState                                   0x2000000c   Data           1  main.o(.data.wState)
    __libspace_start                         0x20000010   Data          96  libspace.o(.bss)
    __temporary_stack_top$libspace           0x20000070   Data           0  libspace.o(.bss)
    adc_buffer                               0x20000070   Data           4  bldc.o(.bss.adc_buffer)
    bldc_enable                              0x20000074   Data           1  bldc.o(.bss.bldc_enable)
    bldc_inputFilterPwm                      0x20000076   Data           2  bldc.o(.bss.bldc_inputFilterPwm)
    bldc_outputFilterPwm                     0x20000078   Data           2  bldc.o(.bss.bldc_outputFilterPwm)
    buzzerTimer                              0x2000007a   Data           2  bldc.o(.bss.buzzerTimer)
    currentDC                                0x2000007c   Data           4  bldc.o(.bss.currentDC)
    dma_init_struct_adc                      0x20000080   Data          28  setup.o(.bss.dma_init_struct_adc)
    dma_init_struct_usart                    0x2000009c   Data          28  setup.o(.bss.dma_init_struct_usart)
    filter_reg                               0x200000b8   Data           4  bldc.o(.bss.filter_reg)
    hall                                     0x200000bc   Data           1  bldc.o(.bss.hall)
    hall_a                                   0x200000bd   Data           1  bldc.o(.bss.hall_a)
    hall_b                                   0x200000be   Data           1  bldc.o(.bss.hall_b)
    hall_c                                   0x200000bf   Data           1  bldc.o(.bss.hall_c)
    iOdom                                    0x200000c0   Data           4  bldc.o(.bss.iOdom)
    inactivity_timeout_counter               0x200000c4   Data           4  main.o(.bss.inactivity_timeout_counter)
    lastPos                                  0x200000c8   Data           1  bldc.o(.bss.lastPos)
    msTicks                                  0x200000cc   Data           4  it.o(.bss.msTicks)
    offsetcount                              0x200000d0   Data           2  bldc.o(.bss.offsetcount)
    pos                                      0x200000d2   Data           1  bldc.o(.bss.pos)
    realSpeed                                0x200000d4   Data           4  bldc.o(.bss.realSpeed)
    speed                                    0x200000d8   Data           4  main.o(.bss.speed)
    speedCounter                             0x200000dc   Data           4  bldc.o(.bss.speedCounter)
    steer                                    0x200000e0   Data           4  main.o(.bss.steer)
    steerCounter                             0x200000e4   Data           4  main.o(.bss.steerCounter)
    timedOut                                 0x200000e8   Data           1  it.o(.bss.timedOut)
    timeoutCounter_ms                        0x200000ec   Data           4  it.o(.bss.timeoutCounter_ms)
    timeoutTimer_paramter_struct             0x200000f0   Data          16  setup.o(.bss.timeoutTimer_paramter_struct)
    timerBldc_break_parameter_struct         0x20000100   Data          14  setup.o(.bss.timerBldc_break_parameter_struct)
    timerBldc_oc_parameter_struct            0x2000010e   Data          12  setup.o(.bss.timerBldc_oc_parameter_struct)
    timerBldc_paramter_struct                0x2000011c   Data          16  setup.o(.bss.timerBldc_paramter_struct)
    usart0_rx_buf                            0x2000012c   Data           1  setup.o(.bss.usart0_rx_buf)
    usart1_rx_buf                            0x2000012d   Data           1  setup.o(.bss.usart1_rx_buf)



==============================================================================

Memory Map of the image

  Image Entry point : 0x080000cd

  Load Region LR_IROM1 (Base: 0x08000000, Size: 0x00005390, Max: 0x00010000, ABSOLUTE)

    Execution Region ER_IROM1 (Exec base: 0x08000000, Load base: 0x08000000, Size: 0x0000537c, Max: 0x00010000, ABSOLUTE)

    Exec Addr    Load Addr    Size         Type   Attr      Idx    E Section Name        Object

    0x08000000   0x08000000   0x000000cc   Data   RO          104    RESET               startup_gd32e23x.o
    0x080000cc   0x080000cc   0x00000008   Code   RO          112  * !!!main             c_p.l(__main.o)
    0x080000d4   0x080000d4   0x0000003c   Code   RO          285    !!!scatter          c_p.l(__scatter.o)
    0x08000110   0x08000110   0x0000001a   Code   RO          286    !!handler_copy      c_p.l(__scatter_copy.o)
    0x0800012a   0x0800012a   0x00000002   PAD
    0x0800012c   0x0800012c   0x0000001c   Code   RO          287    !!handler_zi        c_p.l(__scatter_zi.o)
    0x08000148   0x08000148   0x00000002   Code   RO          172    .ARM.Collect$$libinit$$00000000  c_p.l(libinit.o)
    0x0800014a   0x0800014a   0x00000000   Code   RO          182    .ARM.Collect$$libinit$$00000002  c_p.l(libinit2.o)
    0x0800014a   0x0800014a   0x00000000   Code   RO          184    .ARM.Collect$$libinit$$00000004  c_p.l(libinit2.o)
    0x0800014a   0x0800014a   0x00000000   Code   RO          186    .ARM.Collect$$libinit$$00000006  c_p.l(libinit2.o)
    0x0800014a   0x0800014a   0x00000000   Code   RO          189    .ARM.Collect$$libinit$$0000000C  c_p.l(libinit2.o)
    0x0800014a   0x0800014a   0x00000000   Code   RO          191    .ARM.Collect$$libinit$$0000000E  c_p.l(libinit2.o)
    0x0800014a   0x0800014a   0x00000000   Code   RO          193    .ARM.Collect$$libinit$$00000010  c_p.l(libinit2.o)
    0x0800014a   0x0800014a   0x00000000   Code   RO          196    .ARM.Collect$$libinit$$00000013  c_p.l(libinit2.o)
    0x0800014a   0x0800014a   0x00000000   Code   RO          198    .ARM.Collect$$libinit$$00000015  c_p.l(libinit2.o)
    0x0800014a   0x0800014a   0x00000000   Code   RO          200    .ARM.Collect$$libinit$$00000017  c_p.l(libinit2.o)
    0x0800014a   0x0800014a   0x00000000   Code   RO          202    .ARM.Collect$$libinit$$00000019  c_p.l(libinit2.o)
    0x0800014a   0x0800014a   0x00000000   Code   RO          204    .ARM.Collect$$libinit$$0000001B  c_p.l(libinit2.o)
    0x0800014a   0x0800014a   0x00000000   Code   RO          206    .ARM.Collect$$libinit$$0000001D  c_p.l(libinit2.o)
    0x0800014a   0x0800014a   0x00000000   Code   RO          208    .ARM.Collect$$libinit$$0000001F  c_p.l(libinit2.o)
    0x0800014a   0x0800014a   0x00000000   Code   RO          210    .ARM.Collect$$libinit$$00000021  c_p.l(libinit2.o)
    0x0800014a   0x0800014a   0x00000000   Code   RO          212    .ARM.Collect$$libinit$$00000023  c_p.l(libinit2.o)
    0x0800014a   0x0800014a   0x00000000   Code   RO          214    .ARM.Collect$$libinit$$00000025  c_p.l(libinit2.o)
    0x0800014a   0x0800014a   0x00000000   Code   RO          216    .ARM.Collect$$libinit$$00000027  c_p.l(libinit2.o)
    0x0800014a   0x0800014a   0x00000000   Code   RO          220    .ARM.Collect$$libinit$$0000002E  c_p.l(libinit2.o)
    0x0800014a   0x0800014a   0x00000000   Code   RO          222    .ARM.Collect$$libinit$$00000030  c_p.l(libinit2.o)
    0x0800014a   0x0800014a   0x00000000   Code   RO          224    .ARM.Collect$$libinit$$00000032  c_p.l(libinit2.o)
    0x0800014a   0x0800014a   0x00000000   Code   RO          226    .ARM.Collect$$libinit$$00000034  c_p.l(libinit2.o)
    0x0800014a   0x0800014a   0x00000002   Code   RO          227    .ARM.Collect$$libinit$$00000035  c_p.l(libinit2.o)
    0x0800014c   0x0800014c   0x00000002   Code   RO          243    .ARM.Collect$$libshutdown$$00000000  c_p.l(libshutdown.o)
    0x0800014e   0x0800014e   0x00000000   Code   RO          252    .ARM.Collect$$libshutdown$$00000002  c_p.l(libshutdown2.o)
    0x0800014e   0x0800014e   0x00000000   Code   RO          254    .ARM.Collect$$libshutdown$$00000004  c_p.l(libshutdown2.o)
    0x0800014e   0x0800014e   0x00000000   Code   RO          257    .ARM.Collect$$libshutdown$$00000007  c_p.l(libshutdown2.o)
    0x0800014e   0x0800014e   0x00000000   Code   RO          260    .ARM.Collect$$libshutdown$$0000000A  c_p.l(libshutdown2.o)
    0x0800014e   0x0800014e   0x00000000   Code   RO          262    .ARM.Collect$$libshutdown$$0000000C  c_p.l(libshutdown2.o)
    0x0800014e   0x0800014e   0x00000000   Code   RO          265    .ARM.Collect$$libshutdown$$0000000F  c_p.l(libshutdown2.o)
    0x0800014e   0x0800014e   0x00000002   Code   RO          266    .ARM.Collect$$libshutdown$$00000010  c_p.l(libshutdown2.o)
    0x08000150   0x08000150   0x00000000   Code   RO          141    .ARM.Collect$$rtentry$$00000000  c_p.l(__rtentry.o)
    0x08000150   0x08000150   0x00000000   Code   RO          150    .ARM.Collect$$rtentry$$00000002  c_p.l(__rtentry2.o)
    0x08000150   0x08000150   0x00000006   Code   RO          162    .ARM.Collect$$rtentry$$00000004  c_p.l(__rtentry4.o)
    0x08000156   0x08000156   0x00000000   Code   RO          152    .ARM.Collect$$rtentry$$00000009  c_p.l(__rtentry2.o)
    0x08000156   0x08000156   0x00000004   Code   RO          153    .ARM.Collect$$rtentry$$0000000A  c_p.l(__rtentry2.o)
    0x0800015a   0x0800015a   0x00000000   Code   RO          155    .ARM.Collect$$rtentry$$0000000C  c_p.l(__rtentry2.o)
    0x0800015a   0x0800015a   0x00000008   Code   RO          156    .ARM.Collect$$rtentry$$0000000D  c_p.l(__rtentry2.o)
    0x08000162   0x08000162   0x00000002   Code   RO          179    .ARM.Collect$$rtexit$$00000000  c_p.l(rtexit.o)
    0x08000164   0x08000164   0x00000000   Code   RO          230    .ARM.Collect$$rtexit$$00000002  c_p.l(rtexit2.o)
    0x08000164   0x08000164   0x00000004   Code   RO          231    .ARM.Collect$$rtexit$$00000003  c_p.l(rtexit2.o)
    0x08000168   0x08000168   0x00000006   Code   RO          232    .ARM.Collect$$rtexit$$00000004  c_p.l(rtexit2.o)
    0x0800016e   0x0800016e   0x00000002   PAD
    0x08000170   0x08000170   0x000004ba   Code   RO            1    .text               main.o
    0x0800062a   0x0800062a   0x00000002   PAD
    0x0800062c   0x0800062c   0x00000434   Code   RO           15    .text               bldc.o
    0x08000a60   0x08000a60   0x000007b4   Code   RO           39    .text               setup.o
    0x08001214   0x08001214   0x00000110   Code   RO           49    .text               it.o
    0x08001324   0x08001324   0x00000052   Code   RO           68    .text               remotedummy.o
    0x08001376   0x08001376   0x00000002   PAD
    0x08001378   0x08001378   0x00000594   Code   RO           71    .text               gd32e23x_adc.o
    0x0800190c   0x0800190c   0x000002dc   Code   RO           73    .text               gd32e23x_dma.o
    0x08001be8   0x08001be8   0x00000140   Code   RO           77    .text               gd32e23x_fwdgt.o
    0x08001d28   0x08001d28   0x0000017c   Code   RO           79    .text               gd32e23x_gpio.o
    0x08001ea4   0x08001ea4   0x000000e4   Code   RO           84    .text               gd32e23x_misc.o
    0x08001f88   0x08001f88   0x000006c0   Code   RO           91    .text               gd32e23x_rcu.o
    0x08002648   0x08002648   0x00000de4   Code   RO           96    .text               gd32e23x_timer.o
    0x0800342c   0x0800342c   0x00000698   Code   RO           98    .text               gd32e23x_usart.o
    0x08003ac4   0x08003ac4   0x00000038   Code   RO          105    .text               startup_gd32e23x.o
    0x08003afc   0x08003afc   0x00000170   Code   RO          106    .text               system_gd32e23x.o
    0x08003c6c   0x08003c6c   0x00000006   Code   RO          111    .text               c_p.l(heapauxi.o)
    0x08003c72   0x08003c72   0x00000002   PAD
    0x08003c74   0x08003c74   0x0000007c   Code   RO          113    .text               fz_ps.l(d2f.o)
    0x08003cf0   0x08003cf0   0x00000358   Code   RO          114    .text               fz_ps.l(daddsub.o)
    0x08004048   0x08004048   0x00000448   Code   RO          121    .text               fz_ps.l(ddiv.o)
    0x08004490   0x08004490   0x0000006c   Code   RO          123    .text               fz_ps.l(dfixi.o)
    0x080044fc   0x080044fc   0x00000058   Code   RO          124    .text               fz_ps.l(dflti.o)
    0x08004554   0x08004554   0x00000248   Code   RO          125    .text               fz_ps.l(dmul.o)
    0x0800479c   0x0800479c   0x00000054   Code   RO          126    .text               fz_ps.l(f2d.o)
    0x080047f0   0x080047f0   0x00000160   Code   RO          136    .text               fz_ps.l(fdiv.o)
    0x08004950   0x08004950   0x0000004c   Code   RO          138    .text               fz_ps.l(ffixi.o)
    0x0800499c   0x0800499c   0x0000005e   Code   RO          139    .text               fz_ps.l(fflti.o)
    0x080049fa   0x080049fa   0x00000002   PAD
    0x080049fc   0x080049fc   0x000000a0   Code   RO          164    .text               fz_ps.l(dcmpin.o)
    0x08004a9c   0x08004a9c   0x00000064   Code   RO          165    .text               fz_ps.l(fcmpin.o)
    0x08004b00   0x08004b00   0x0000003e   Code   RO          166    .text               c_p.l(sys_stackheap_outer.o)
    0x08004b3e   0x08004b3e   0x00000010   Code   RO          168    .text               c_p.l(exit.o)
    0x08004b4e   0x08004b4e   0x0000002e   Code   RO          173    .text               fz_ps.l(cmpret.o)
    0x08004b7c   0x08004b7c   0x00000014   Code   RO          174    .text               fz_ps.l(dnan2.o)
    0x08004b90   0x08004b90   0x00000010   Code   RO          175    .text               fz_ps.l(fnan2.o)
    0x08004ba0   0x08004ba0   0x00000008   Code   RO          176    .text               c_p.l(libspace.o)
    0x08004ba8   0x08004ba8   0x0000005e   Code   RO          228    .text               fz_ps.l(retnan.o)
    0x08004c06   0x08004c06   0x00000002   PAD
    0x08004c08   0x08004c08   0x0000000c   Code   RO          238    .text               c_p.l(sys_exit.o)
    0x08004c14   0x08004c14   0x00000002   Code   RO          246    .text               c_p.l(use_no_semi.o)
    0x08004c16   0x08004c16   0x00000000   Code   RO          247    .text               c_p.l(indicate_semi.o)
    0x08004c16   0x08004c16   0x00000016   Code   RO          119    i._dls              fz_ps.l(dcmp.o)
    0x08004c2c   0x08004c2c   0x00000016   Code   RO          131    i._fgeq             fz_ps.l(fcmp.o)
    0x08004c42   0x08004c42   0x00000016   Code   RO          132    i._fgr              fz_ps.l(fcmp.o)
    0x08004c58   0x08004c58   0x0000001a   Code   RO          133    i._fleq             fz_ps.l(fcmp.o)
    0x08004c72   0x08004c72   0x00000016   Code   RO          134    i._fls              fz_ps.l(fcmp.o)
    0x08004c88   0x08004c88   0x00000064   Code   RO          144    x$fpl$dleqf         fz_ps.l(dlef.o)
    0x08004cec   0x08004cec   0x0000008c   Code   RO          127    x$fpl$fadd          fz_ps.l(faddsub.o)
    0x08004d78   0x08004d78   0x00000054   Code   RO          146    x$fpl$fgeqf         fz_ps.l(fgef.o)
    0x08004dcc   0x08004dcc   0x00000054   Code   RO          147    x$fpl$fleqf         fz_ps.l(flef.o)
    0x08004e20   0x08004e20   0x000000b0   Code   RO          140    x$fpl$fmul          fz_ps.l(fmul.o)
    0x08004ed0   0x08004ed0   0x000000d0   Code   RO          129    x$fpl$fsub          fz_ps.l(faddsub.o)
    0x08004fa0   0x08004fa0   0x00000000   Code   RO          148    x$fpl$usenofp       fz_ps.l(usenofp.o)
    0x08004fa0   0x08004fa0   0x00000080   Data   RO          122    .constdata          fz_ps.l(ddiv.o)
    0x08005020   0x08005020   0x00000040   Data   RO          137    .constdata          fz_ps.l(fdiv.o)
    0x08005060   0x08005060   0x0000000c   Data   RO           29    .rodata..L__const.up_or_down.up_down  bldc.o
    0x0800506c   0x0800506c   0x0000000c   Data   RO           81    .rodata..Lswitch.table.gpio_deinit.1  gd32e23x_gpio.o
    0x08005078   0x08005078   0x00000008   Data   RO           93    .rodata.cst8        gd32e23x_rcu.o
    0x08005080   0x08005080   0x00000008   Data   RO           30    .rodata.hall_to_pos  bldc.o
    0x08005088   0x08005088   0x000002d4   Data   RO           13    .rodata.lookUpTableAngle  main.o
    0x0800535c   0x0800535c   0x00000020   Data   RO          284    Region$$Table       anon$$obj.o


    Execution Region RW_IRAM1 (Exec base: 0x20000000, Load base: 0x08005380, Size: 0x00000930, Max: 0x00002000, ABSOLUTE)

    Exec Addr    Load Addr    Size         Type   Attr      Idx    E Section Name        Object

    0x20000000   0x08005380   0x00000004   Data   RW          108    .data.SystemCoreClock  system_gd32e23x.o
    0x20000004   0x08005384   0x00000004   Data   RW           18    .data.batteryVoltage  bldc.o
    0x20000008   0x08005388   0x00000002   Data   RW           26    .data.offsetdc      bldc.o
    0x2000000a   0x0800538a   0x00000002   Data   RW            5    .data.speedLimit    main.o
    0x2000000c   0x0800538c   0x00000001   Data   RW            6    .data.wState        main.o
    0x2000000d   0x0800538d   0x00000003   PAD
    0x20000010        -       0x00000060   Zero   RW          177    .bss                c_p.l(libspace.o)
    0x20000070        -       0x00000004   Zero   RW           31    .bss.adc_buffer     bldc.o
    0x20000074        -       0x00000001   Zero   RW           22    .bss.bldc_enable    bldc.o
    0x20000075   0x0800538d   0x00000001   PAD
    0x20000076        -       0x00000002   Zero   RW           21    .bss.bldc_inputFilterPwm  bldc.o
    0x20000078        -       0x00000002   Zero   RW           23    .bss.bldc_outputFilterPwm  bldc.o
    0x2000007a        -       0x00000002   Zero   RW           24    .bss.buzzerTimer    bldc.o
    0x2000007c        -       0x00000004   Zero   RW           19    .bss.currentDC      bldc.o
    0x20000080        -       0x0000001c   Zero   RW           45    .bss.dma_init_struct_adc  setup.o
    0x2000009c        -       0x0000001c   Zero   RW           46    .bss.dma_init_struct_usart  setup.o
    0x200000b8        -       0x00000004   Zero   RW           37    .bss.filter_reg     bldc.o
    0x200000bc        -       0x00000001   Zero   RW           35    .bss.hall           bldc.o
    0x200000bd        -       0x00000001   Zero   RW           32    .bss.hall_a         bldc.o
    0x200000be        -       0x00000001   Zero   RW           33    .bss.hall_b         bldc.o
    0x200000bf        -       0x00000001   Zero   RW           34    .bss.hall_c         bldc.o
    0x200000c0        -       0x00000004   Zero   RW           28    .bss.iOdom          bldc.o
    0x200000c4        -       0x00000004   Zero   RW           12    .bss.inactivity_timeout_counter  main.o
    0x200000c8        -       0x00000001   Zero   RW           38    .bss.lastPos        bldc.o
    0x200000c9   0x0800538d   0x00000003   PAD
    0x200000cc        -       0x00000004   Zero   RW           53    .bss.msTicks        it.o
    0x200000d0        -       0x00000002   Zero   RW           25    .bss.offsetcount    bldc.o
    0x200000d2        -       0x00000001   Zero   RW           36    .bss.pos            bldc.o
    0x200000d3   0x0800538d   0x00000001   PAD
    0x200000d4        -       0x00000004   Zero   RW           20    .bss.realSpeed      bldc.o
    0x200000d8        -       0x00000004   Zero   RW            4    .bss.speed          main.o
    0x200000dc        -       0x00000004   Zero   RW           27    .bss.speedCounter   bldc.o
    0x200000e0        -       0x00000004   Zero   RW            8    .bss.steer          main.o
    0x200000e4        -       0x00000004   Zero   RW            3    .bss.steerCounter   main.o
    0x200000e8        -       0x00000001   Zero   RW           52    .bss.timedOut       it.o
    0x200000e9   0x0800538d   0x00000003   PAD
    0x200000ec        -       0x00000004   Zero   RW           51    .bss.timeoutCounter_ms  it.o
    0x200000f0        -       0x00000010   Zero   RW           41    .bss.timeoutTimer_paramter_struct  setup.o
    0x20000100        -       0x0000000e   Zero   RW           44    .bss.timerBldc_break_parameter_struct  setup.o
    0x2000010e        -       0x0000000c   Zero   RW           43    .bss.timerBldc_oc_parameter_struct  setup.o
    0x2000011a   0x0800538d   0x00000002   PAD
    0x2000011c        -       0x00000010   Zero   RW           42    .bss.timerBldc_paramter_struct  setup.o
    0x2000012c        -       0x00000001   Zero   RW           48    .bss.usart0_rx_buf  setup.o
    0x2000012d        -       0x00000001   Zero   RW           47    .bss.usart1_rx_buf  setup.o
    0x2000012e   0x0800538d   0x00000002   PAD
    0x20000130        -       0x00000400   Zero   RW          103    HEAP                startup_gd32e23x.o
    0x20000530        -       0x00000400   Zero   RW          102    STACK               startup_gd32e23x.o


==============================================================================

Image component sizes


      Code (inc. data)   RO Data    RW Data    ZI Data      Debug   Object Name

      1076        180         20          6         39          0   bldc.o
      1428        184          0          0          0          0   gd32e23x_adc.o
       732        104          0          0          0          0   gd32e23x_dma.o
       320         96          0          0          0          0   gd32e23x_fwdgt.o
       380          8         12          0          0          0   gd32e23x_gpio.o
       228         44          0          0          0          0   gd32e23x_misc.o
      1728        232          8          0          0          0   gd32e23x_rcu.o
      3556        120          0          0          0          0   gd32e23x_timer.o
      1688         40          0          0          0          0   gd32e23x_usart.o
       272         36          0          0          9          0   it.o
      1210        120        724          3         16          0   main.o
        82         16          0          0          0          0   remotedummy.o
      1972        112          0          0        116          0   setup.o
        56         26        204          0       2048          0   startup_gd32e23x.o
       368         64          0          4          0          0   system_gd32e23x.o

    ----------------------------------------------------------------------
     15100       1382       1000         16       2240          0   Object Totals
         0          0         32          0          0          0   (incl. Generated)
         4          0          0          3         12          0   (incl. Padding)

    ----------------------------------------------------------------------

      Code (inc. data)   RO Data    RW Data    ZI Data      Debug   Library Member Name

         8          0          0          0          0          0   __main.o
         0          0          0          0          0          0   __rtentry.o
        12          0          0          0          0          0   __rtentry2.o
         6          0          0          0          0          0   __rtentry4.o
        60          8          0          0          0          0   __scatter.o
        26          0          0          0          0          0   __scatter_copy.o
        28          0          0          0          0          0   __scatter_zi.o
        16          0          0          0          0          0   exit.o
         6          0          0          0          0          0   heapauxi.o
         0          0          0          0          0          0   indicate_semi.o
         2          0          0          0          0          0   libinit.o
         2          0          0          0          0          0   libinit2.o
         2          0          0          0          0          0   libshutdown.o
         2          0          0          0          0          0   libshutdown2.o
         8          4          0          0         96          0   libspace.o
         2          0          0          0          0          0   rtexit.o
        10          0          0          0          0          0   rtexit2.o
        12          4          0          0          0          0   sys_exit.o
        62          0          0          0          0          0   sys_stackheap_outer.o
         2          0          0          0          0          0   use_no_semi.o
        46          0          0          0          0          0   cmpret.o
       124          4          0          0          0          0   d2f.o
       856         20          0          0          0          0   daddsub.o
        22          0          0          0          0          0   dcmp.o
       160          6          0          0          0          0   dcmpin.o
      1096         26        128          0          0          0   ddiv.o
       108         10          0          0          0          0   dfixi.o
        88          0          0          0          0          0   dflti.o
       100          4          0          0          0          0   dlef.o
       584         26          0          0          0          0   dmul.o
        20          6          0          0          0          0   dnan2.o
        84          4          0          0          0          0   f2d.o
       348          8          0          0          0          0   faddsub.o
        92          0          0          0          0          0   fcmp.o
       100          4          0          0          0          0   fcmpin.o
       352         10         64          0          0          0   fdiv.o
        76          0          0          0          0          0   ffixi.o
        94          0          0          0          0          0   fflti.o
        84          4          0          0          0          0   fgef.o
        84          4          0          0          0          0   flef.o
       176          4          0          0          0          0   fmul.o
        16          6          0          0          0          0   fnan2.o
        94          0          0          0          0          0   retnan.o
         0          0          0          0          0          0   usenofp.o

    ----------------------------------------------------------------------
      5080        162        192          0         96          0   Library Totals
        10          0          0          0          0          0   (incl. Padding)

    ----------------------------------------------------------------------

      Code (inc. data)   RO Data    RW Data    ZI Data      Debug   Library Name

       266         16          0          0         96          0   c_p.l
      4804        146        192          0          0          0   fz_ps.l

    ----------------------------------------------------------------------
      5080        162        192          0         96          0   Library Totals

    ----------------------------------------------------------------------

==============================================================================


      Code (inc. data)   RO Data    RW Data    ZI Data      Debug   

     20180       1544       1192         16       2336          0   Grand Totals
     20180       1544       1192         16       2336          0   ELF Image Totals
     20180       1544       1192         16          0          0   ROM Totals

==============================================================================

    Total RO  Size (Code + RO Data)                21372 (  20.87kB)
    Total RW  Size (RW Data + ZI Data)              2352 (   2.30kB)
    Total ROM Size (Code + RO Data + RW Data)      21388 (  20.89kB)

==============================================================================

