Component: Arm Compiler for Embedded 6.19 Tool: armlink [5e73cb00]

==============================================================================

Section Cross References

    main.o(.text) refers to remoteautodetect.o(.text) for AutodetectInit
    main.o(.text) refers to system_gd32f1x0.o(.text) for SystemCoreClockUpdate
    main.o(.text) refers to system_gd32f1x0.o(.data.SystemCoreClock) for SystemCoreClock
    main.o(.text) refers to setup.o(.text) for Watchdog_init
    main.o(.text) refers to main.o(.bss.iTimeNextLoop) for iTimeNextLoop
    main.o(.text) refers to main.o(.bss.steerCounter) for steerCounter
    main.o(.text) refers to gd32f1x0_fwdgt.o(.text) for fwdgt_counter_reload
    main.o(.text) refers to it.o(.text) for millis
    main.o(.text) refers to bldc.o(.text) for SetEnable
    main.o(.ARM.exidx) refers to main.o(.text) for [Anonymous Symbol]
    bldc.o(.text) refers to bldc.o(.rodata..L__const.up_or_down.up_down) for .L__const.up_or_down.up_down
    bldc.o(.text) refers to bldc.o(.bss.bldc_enable) for bldc_enable
    bldc.o(.text) refers to dflt_clz.o(x$fpl$dflt) for __aeabi_i2d
    bldc.o(.text) refers to dmul.o(x$fpl$dmul) for __aeabi_dmul
    bldc.o(.text) refers to dcmp.o(x$fpl$fcmp) for __aeabi_dcmplt
    bldc.o(.text) refers to dfix.o(x$fpl$dfix) for __aeabi_d2iz
    bldc.o(.text) refers to bldc.o(.bss.bldc_inputFilterPwm) for bldc_inputFilterPwm
    bldc.o(.text) refers to bldc.o(.bss.buzzerTimer) for buzzerTimer
    bldc.o(.text) refers to bldc.o(.data.currentDC) for currentDC
    bldc.o(.text) refers to fcmp.o(x$fpl$fcmp) for __aeabi_fcmpgt
    bldc.o(.text) refers to it.o(.bss.timedOut) for timedOut
    bldc.o(.text) refers to gd32f1x0_timer.o(.text) for timer_automatic_output_enable
    bldc.o(.text) refers to remoteautodetect.o(.data.HALL_A) for HALL_A
    bldc.o(.text) refers to gd32f1x0_gpio.o(.text) for gpio_input_bit_get
    bldc.o(.text) refers to remoteautodetect.o(.data.HALL_B) for HALL_B
    bldc.o(.text) refers to bldc.o(.bss.hall_a) for hall_a
    bldc.o(.text) refers to remoteautodetect.o(.data.HALL_C) for HALL_C
    bldc.o(.text) refers to bldc.o(.bss.hall_b) for hall_b
    bldc.o(.text) refers to bldc.o(.bss.hall_c) for hall_c
    bldc.o(.text) refers to bldc.o(.rodata.hall_to_pos) for hall_to_pos
    bldc.o(.text) refers to bldc.o(.bss.hall) for hall
    bldc.o(.text) refers to remoteautodetect.o(.text) for AutodetectBldc
    bldc.o(.text) refers to bldc.o(.bss.pos) for pos
    bldc.o(.text) refers to bldc.o(.bss.filter_reg) for filter_reg
    bldc.o(.text) refers to bldc.o(.bss.bldc_outputFilterPwm) for bldc_outputFilterPwm
    bldc.o(.text) refers to bldc.o(.bss.lastPos) for lastPos
    bldc.o(.text) refers to bldc.o(.bss.iOdom) for iOdom
    bldc.o(.text) refers to bldc.o(.bss.speedCounter) for speedCounter
    bldc.o(.text) refers to fflt_clz.o(x$fpl$ffltu) for __aeabi_ui2f
    bldc.o(.text) refers to fdiv.o(x$fpl$fdiv) for __aeabi_fdiv
    bldc.o(.text) refers to bldc.o(.bss.realSpeed) for realSpeed
    bldc.o(.ARM.exidx) refers to bldc.o(.text) for [Anonymous Symbol]
    setup.o(.text) refers to gd32f1x0_gpio.o(.text) for gpio_mode_set
    setup.o(.text) refers to gd32f1x0_misc.o(.text) for nvic_priority_group_set
    setup.o(.text) refers to gd32f1x0_rcu.o(.text) for rcu_flag_get
    setup.o(.text) refers to gd32f1x0_fwdgt.o(.text) for fwdgt_config
    setup.o(.text) refers to gd32f1x0_timer.o(.text) for timer_deinit
    setup.o(.text) refers to setup.o(.bss.timeoutTimer_paramter_struct) for timeoutTimer_paramter_struct
    setup.o(.text) refers to setup.o(.bss.timerBldc_paramter_struct) for timerBldc_paramter_struct
    setup.o(.text) refers to setup.o(.bss.timerBldc_oc_parameter_struct) for timerBldc_oc_parameter_struct
    setup.o(.text) refers to setup.o(.bss.timerBldc_break_parameter_struct) for timerBldc_break_parameter_struct
    setup.o(.text) refers to gd32f1x0_dma.o(.text) for dma_deinit
    setup.o(.text) refers to setup.o(.bss.dma_init_struct_adc) for dma_init_struct_adc
    setup.o(.text) refers to bldc.o(.bss.adc_buffer) for adc_buffer
    setup.o(.text) refers to gd32f1x0_adc.o(.text) for adc_channel_length_config
    setup.o(.text) refers to gd32f1x0_usart.o(.text) for usart_baudrate_set
    setup.o(.text) refers to setup.o(.bss.dma_init_struct_usart) for dma_init_struct_usart
    setup.o(.text) refers to setup.o(.bss.usart1_rx_buf) for usart1_rx_buf
    setup.o(.ARM.exidx) refers to setup.o(.text) for [Anonymous Symbol]
    it.o(.text) refers to it.o(.bss.msTicks) for msTicks
    it.o(.text) refers to it.o(.bss.timeoutCounter_ms) for timeoutCounter_ms
    it.o(.text) refers to it.o(.bss.timedOut) for timedOut
    it.o(.text) refers to bldc.o(.text) for SetPWM
    it.o(.text) refers to gd32f1x0_timer.o(.text) for timer_interrupt_flag_clear
    it.o(.text) refers to gd32f1x0_adc.o(.text) for adc_software_trigger_enable
    it.o(.text) refers to gd32f1x0_dma.o(.text) for dma_interrupt_flag_get
[...]
    __rt_lib_init_alloca_1                   0x08000245   Thumb Code     0  libinit2.o(.ARM.Collect$$libinit$$00000030)
    __rt_lib_init_argv_1                     0x08000245   Thumb Code     0  libinit2.o(.ARM.Collect$$libinit$$0000002E)
    __rt_lib_init_atexit_1                   0x08000245   Thumb Code     0  libinit2.o(.ARM.Collect$$libinit$$0000001D)
    __rt_lib_init_clock_1                    0x08000245   Thumb Code     0  libinit2.o(.ARM.Collect$$libinit$$00000023)
    __rt_lib_init_cpp_1                      0x08000245   Thumb Code     0  libinit2.o(.ARM.Collect$$libinit$$00000034)
    __rt_lib_init_exceptions_1               0x08000245   Thumb Code     0  libinit2.o(.ARM.Collect$$libinit$$00000032)
    __rt_lib_init_fp_trap_1                  0x08000245   Thumb Code     0  libinit2.o(.ARM.Collect$$libinit$$00000021)
    __rt_lib_init_getenv_1                   0x08000245   Thumb Code     0  libinit2.o(.ARM.Collect$$libinit$$00000025)
    __rt_lib_init_lc_numeric_1               0x08000245   Thumb Code     0  libinit2.o(.ARM.Collect$$libinit$$00000019)
    __rt_lib_init_lc_time_1                  0x08000245   Thumb Code     0  libinit2.o(.ARM.Collect$$libinit$$0000001B)
    __rt_lib_init_return                     0x08000245   Thumb Code     0  libinit2.o(.ARM.Collect$$libinit$$00000035)
    __rt_lib_init_signal_1                   0x08000245   Thumb Code     0  libinit2.o(.ARM.Collect$$libinit$$0000001F)
    __rt_lib_init_stdio_1                    0x08000245   Thumb Code     0  libinit2.o(.ARM.Collect$$libinit$$00000027)
    __rt_lib_shutdown                        0x08000247   Thumb Code     0  libshutdown.o(.ARM.Collect$$libshutdown$$00000000)
    __rt_lib_shutdown_cpp_1                  0x08000249   Thumb Code     0  libshutdown2.o(.ARM.Collect$$libshutdown$$00000002)
    __rt_lib_shutdown_fp_trap_1              0x08000249   Thumb Code     0  libshutdown2.o(.ARM.Collect$$libshutdown$$00000007)
    __rt_lib_shutdown_heap_1                 0x08000249   Thumb Code     0  libshutdown2.o(.ARM.Collect$$libshutdown$$0000000F)
    __rt_lib_shutdown_return                 0x08000249   Thumb Code     0  libshutdown2.o(.ARM.Collect$$libshutdown$$00000010)
    __rt_lib_shutdown_signal_1               0x08000249   Thumb Code     0  libshutdown2.o(.ARM.Collect$$libshutdown$$0000000A)
    __rt_lib_shutdown_stdio_1                0x08000249   Thumb Code     0  libshutdown2.o(.ARM.Collect$$libshutdown$$00000004)
    __rt_lib_shutdown_user_alloc_1           0x08000249   Thumb Code     0  libshutdown2.o(.ARM.Collect$$libshutdown$$0000000C)
    __rt_entry                               0x0800024b   Thumb Code     0  __rtentry.o(.ARM.Collect$$rtentry$$00000000)
    __rt_entry_presh_1                       0x0800024b   Thumb Code     0  __rtentry2.o(.ARM.Collect$$rtentry$$00000002)
    __rt_entry_sh                            0x0800024b   Thumb Code     0  __rtentry4.o(.ARM.Collect$$rtentry$$00000004)
    __rt_entry_li                            0x08000251   Thumb Code     0  __rtentry2.o(.ARM.Collect$$rtentry$$0000000A)
    __rt_entry_postsh_1                      0x08000251   Thumb Code     0  __rtentry2.o(.ARM.Collect$$rtentry$$00000009)
    __rt_entry_main                          0x08000255   Thumb Code     0  __rtentry2.o(.ARM.Collect$$rtentry$$0000000D)
    __rt_entry_postli_1                      0x08000255   Thumb Code     0  __rtentry2.o(.ARM.Collect$$rtentry$$0000000C)
    __rt_exit                                0x0800025d   Thumb Code     0  rtexit.o(.ARM.Collect$$rtexit$$00000000)
    __rt_exit_ls                             0x0800025f   Thumb Code     0  rtexit2.o(.ARM.Collect$$rtexit$$00000003)
    __rt_exit_prels_1                        0x0800025f   Thumb Code     0  rtexit2.o(.ARM.Collect$$rtexit$$00000002)
    __rt_exit_exit                           0x08000263   Thumb Code     0  rtexit2.o(.ARM.Collect$$rtexit$$00000004)
    main                                     0x08000269   Thumb Code   170  main.o(.text)
    modulo                                   0x08000315   Thumb Code    22  bldc.o(.text)
    up_or_down                               0x0800032d   Thumb Code    60  bldc.o(.text)
    SetEnable                                0x08000369   Thumb Code    12  bldc.o(.text)
    SetPWM                                   0x08000375   Thumb Code   120  bldc.o(.text)
    CalculateBLDC                            0x080003ed   Thumb Code   652  bldc.o(.text)
    pinMode                                  0x08000679   Thumb Code    42  setup.o(.text)
    pinModePull                              0x080006a5   Thumb Code    40  setup.o(.text)
    Interrupt_init                           0x080006cd   Thumb Code     8  setup.o(.text)
    Watchdog_init                            0x080006d5   Thumb Code    56  setup.o(.text)
    TimeoutTimer_init                        0x0800070d   Thumb Code    92  setup.o(.text)
    GPIO_init                                0x08000769   Thumb Code   304  setup.o(.text)
    PWM_init                                 0x08000899   Thumb Code   368  setup.o(.text)
    ADC_init                                 0x08000a09   Thumb Code   220  setup.o(.text)
    USART1_Init                              0x08000ae5   Thumb Code   288  setup.o(.text)
    USART0_Init                              0x08000c05   Thumb Code     2  setup.o(.text)
    SysTick_Handler                          0x08000c09   Thumb Code    16  it.o(.text)
    ResetTimeout                             0x08000c19   Thumb Code    14  it.o(.text)
    TIMER13_IRQHandler                       0x08000c29   Thumb Code    76  it.o(.text)
    TIMER0_BRK_UP_TRG_COM_IRQHandler         0x08000c75   Thumb Code    26  it.o(.text)
    DMA_Channel0_IRQHandler                  0x08000c91   Thumb Code    32  it.o(.text)
    DMA_Channel3_4_IRQHandler                0x08000cb1   Thumb Code    32  it.o(.text)
    millis                                   0x08000cd1   Thumb Code    12  it.o(.text)
    Delay                                    0x08000cdd   Thumb Code    28  it.o(.text)
    NMI_Handler                              0x08000cf9   Thumb Code     2  it.o(.text)
    HardFault_Handler                        0x08000cfd   Thumb Code     2  it.o(.text)
    MemManage_Handler                        0x08000d01   Thumb Code     2  it.o(.text)
    BusFault_Handler                         0x08000d05   Thumb Code     2  it.o(.text)
    UsageFault_Handler                       0x08000d09   Thumb Code     2  it.o(.text)
    SVC_Handler                              0x08000d0d   Thumb Code     2  it.o(.text)
    DebugMon_Handler                         0x08000d11   Thumb Code     2  it.o(.text)
    PendSV_Handler                           0x08000d15   Thumb Code     2  it.o(.text)
    SendBuffer                               0x08000d19   Thumb Code    48  commsmasterslave.o(.text)
    CalcCRC                                  0x08000d49   Thumb Code    60  commsmasterslave.o(.text)
    SetBeepsBackwardsMaster                  0x08000d85   Thumb Code    12  commsmasterslave.o(.text)
    GetBeepsBackwardsMaster                  0x08000d91   Thumb Code    12  commsmasterslave.o(.text)
    RemoteUpdate                             0x08000d9d   Thumb Code    68  remoteautodetect.o(.text)
    RemoteCallback                           0x08000de1   Thumb Code    52  remoteautodetect.o(.text)
    GetPinName                               0x08000e15   Thumb Code    42  remoteautodetect.o(.text)
    HidePinDigital                           0x08000e41   Thumb Code    58  remoteautodetect.o(.text)
    AutodetectInit                           0x08000e7d   Thumb Code    96  remoteautodetect.o(.text)
    AutoDetectSetStage                       0x08000edd   Thumb Code    78  remoteautodetect.o(.text)
    AutoDetectNextStage                      0x08000f2d   Thumb Code    98  remoteautodetect.o(.text)
    SetNextTestPin                           0x08000f91   Thumb Code   200  remoteautodetect.o(.text)
    ScanInit                                 0x08001059   Thumb Code   502  remoteautodetect.o(.text)
    ListFound                                0x08001251   Thumb Code   184  remoteautodetect.o(.text)
    AutodetectScan                           0x08001325   Thumb Code  4432  remoteautodetect.o(.text)
    AutoDetectHallInit                       0x080024f9   Thumb Code    94  remoteautodetect.o(.text)
    AutoDetectHallOrderInit                  0x08002559   Thumb Code   128  remoteautodetect.o(.text)
    AutodetectBldc                           0x080025d9   Thumb Code  1984  remoteautodetect.o(.text)
    adc_deinit                               0x08002e29   Thumb Code    22  gd32f1x0_adc.o(.text)
    adc_enable                               0x08002e41   Thumb Code    26  gd32f1x0_adc.o(.text)
    adc_disable                              0x08002e5d   Thumb Code    18  gd32f1x0_adc.o(.text)
    adc_calibration_enable                   0x08002e71   Thumb Code    40  gd32f1x0_adc.o(.text)
    adc_dma_mode_enable                      0x08002e99   Thumb Code    18  gd32f1x0_adc.o(.text)
    adc_dma_mode_disable                     0x08002ead   Thumb Code    18  gd32f1x0_adc.o(.text)
    adc_tempsensor_vrefint_enable            0x08002ec1   Thumb Code    18  gd32f1x0_adc.o(.text)
    adc_tempsensor_vrefint_disable           0x08002ed5   Thumb Code    18  gd32f1x0_adc.o(.text)
    adc_vbat_enable                          0x08002ee9   Thumb Code    18  gd32f1x0_adc.o(.text)
    adc_vbat_disable                         0x08002efd   Thumb Code    18  gd32f1x0_adc.o(.text)
    adc_discontinuous_mode_config            0x08002f11   Thumb Code    68  gd32f1x0_adc.o(.text)
    adc_special_function_config              0x08002f55   Thumb Code   100  gd32f1x0_adc.o(.text)
    adc_data_alignment_config                0x08002fb9   Thumb Code    26  gd32f1x0_adc.o(.text)
    adc_channel_length_config                0x08002fd5   Thumb Code    82  gd32f1x0_adc.o(.text)
    adc_regular_channel_config               0x08003029   Thumb Code   180  gd32f1x0_adc.o(.text)
    adc_inserted_channel_config              0x080030dd   Thumb Code   114  gd32f1x0_adc.o(.text)
    adc_inserted_channel_offset_config       0x08003151   Thumb Code    32  gd32f1x0_adc.o(.text)
    adc_external_trigger_config              0x08003171   Thumb Code    72  gd32f1x0_adc.o(.text)
    adc_external_trigger_source_config       0x080031b9   Thumb Code    42  gd32f1x0_adc.o(.text)
    adc_software_trigger_enable              0x080031e5   Thumb Code    36  gd32f1x0_adc.o(.text)
    adc_regular_data_read                    0x08003209   Thumb Code    14  gd32f1x0_adc.o(.text)
    adc_inserted_data_read                   0x08003219   Thumb Code    74  gd32f1x0_adc.o(.text)
    adc_flag_get                             0x08003265   Thumb Code    18  gd32f1x0_adc.o(.text)
    adc_flag_clear                           0x08003279   Thumb Code    18  gd32f1x0_adc.o(.text)
    adc_interrupt_flag_get                   0x0800328d   Thumb Code    56  gd32f1x0_adc.o(.text)
    adc_interrupt_flag_clear                 0x080032c5   Thumb Code    18  gd32f1x0_adc.o(.text)
    adc_interrupt_enable                     0x080032d9   Thumb Code    48  gd32f1x0_adc.o(.text)
    adc_interrupt_disable                    0x08003309   Thumb Code    48  gd32f1x0_adc.o(.text)
    adc_watchdog_single_channel_enable       0x08003339   Thumb Code    42  gd32f1x0_adc.o(.text)
    adc_watchdog_group_channel_enable        0x08003365   Thumb Code    48  gd32f1x0_adc.o(.text)
    adc_watchdog_disable                     0x080033a1   Thumb Code    24  gd32f1x0_adc.o(.text)
    adc_watchdog_threshold_config            0x080033b9   Thumb Code    22  gd32f1x0_adc.o(.text)
    dma_deinit                               0x080033d1   Thumb Code    48  gd32f1x0_dma.o(.text)
    dma_struct_para_init                     0x08003401   Thumb Code    24  gd32f1x0_dma.o(.text)
    dma_init                                 0x08003419   Thumb Code   122  gd32f1x0_dma.o(.text)
    dma_circulation_enable                   0x08003495   Thumb Code    24  gd32f1x0_dma.o(.text)
    dma_circulation_disable                  0x080034ad   Thumb Code    24  gd32f1x0_dma.o(.text)
    dma_memory_to_memory_enable              0x080034c5   Thumb Code    24  gd32f1x0_dma.o(.text)
    dma_memory_to_memory_disable             0x080034dd   Thumb Code    24  gd32f1x0_dma.o(.text)
    dma_channel_enable                       0x080034f5   Thumb Code    24  gd32f1x0_dma.o(.text)
    dma_channel_disable                      0x0800350d   Thumb Code    24  gd32f1x0_dma.o(.text)
    dma_periph_address_config                0x08003525   Thumb Code    16  gd32f1x0_dma.o(.text)
    dma_memory_address_config                0x08003535   Thumb Code    16  gd32f1x0_dma.o(.text)
    dma_transfer_number_config               0x08003545   Thumb Code    16  gd32f1x0_dma.o(.text)
    dma_transfer_number_get                  0x08003555   Thumb Code    16  gd32f1x0_dma.o(.text)
    dma_priority_config                      0x08003565   Thumb Code    26  gd32f1x0_dma.o(.text)
    dma_memory_width_config                  0x08003581   Thumb Code    26  gd32f1x0_dma.o(.text)
    dma_periph_width_config                  0x0800359d   Thumb Code    26  gd32f1x0_dma.o(.text)
    dma_memory_increase_enable               0x080035b9   Thumb Code    24  gd32f1x0_dma.o(.text)
    dma_memory_increase_disable              0x080035d1   Thumb Code    24  gd32f1x0_dma.o(.text)
    dma_periph_increase_enable               0x080035e9   Thumb Code    24  gd32f1x0_dma.o(.text)
    dma_periph_increase_disable              0x08003601   Thumb Code    24  gd32f1x0_dma.o(.text)
    dma_transfer_direction_config            0x08003619   Thumb Code    30  gd32f1x0_dma.o(.text)
    dma_interrupt_flag_get                   0x08003639   Thumb Code   116  gd32f1x0_dma.o(.text)
    dma_interrupt_flag_clear                 0x080036ad   Thumb Code    20  gd32f1x0_dma.o(.text)
    dma_interrupt_enable                     0x080036c1   Thumb Code    22  gd32f1x0_dma.o(.text)
    dma_interrupt_disable                    0x080036d9   Thumb Code    24  gd32f1x0_dma.o(.text)
    dma_flag_get                             0x080036f1   Thumb Code    22  gd32f1x0_dma.o(.text)
    dma_flag_clear                           0x08003709   Thumb Code    20  gd32f1x0_dma.o(.text)
    fwdgt_write_disable                      0x0800371d   Thumb Code    14  gd32f1x0_fwdgt.o(.text)
    fwdgt_counter_reload                     0x0800372d   Thumb Code    16  gd32f1x0_fwdgt.o(.text)
    fwdgt_enable                             0x0800373d   Thumb Code    16  gd32f1x0_fwdgt.o(.text)
    fwdgt_window_value_config                0x0800374d   Thumb Code    52  gd32f1x0_fwdgt.o(.text)
    fwdgt_config                             0x08003781   Thumb Code   100  gd32f1x0_fwdgt.o(.text)
    fwdgt_flag_get                           0x080037e5   Thumb Code    18  gd32f1x0_fwdgt.o(.text)
    gpio_deinit                              0x080037f9   Thumb Code    58  gd32f1x0_gpio.o(.text)
    gpio_mode_set                            0x08003835   Thumb Code    84  gd32f1x0_gpio.o(.text)
    gpio_output_options_set                  0x08003889   Thumb Code    70  gd32f1x0_gpio.o(.text)
    gpio_bit_set                             0x080038d1   Thumb Code     4  gd32f1x0_gpio.o(.text)
    gpio_bit_reset                           0x080038d5   Thumb Code     4  gd32f1x0_gpio.o(.text)
    gpio_bit_write                           0x080038d9   Thumb Code    12  gd32f1x0_gpio.o(.text)
    gpio_port_write                          0x080038e5   Thumb Code     4  gd32f1x0_gpio.o(.text)
    gpio_input_bit_get                       0x080038e9   Thumb Code    10  gd32f1x0_gpio.o(.text)
    gpio_input_port_get                      0x080038f5   Thumb Code     6  gd32f1x0_gpio.o(.text)
    gpio_output_bit_get                      0x080038fd   Thumb Code    10  gd32f1x0_gpio.o(.text)
    gpio_output_port_get                     0x08003909   Thumb Code     6  gd32f1x0_gpio.o(.text)
    gpio_af_set                              0x08003911   Thumb Code   110  gd32f1x0_gpio.o(.text)
    gpio_pin_lock                            0x08003981   Thumb Code    16  gd32f1x0_gpio.o(.text)
    nvic_priority_group_set                  0x08003991   Thumb Code    20  gd32f1x0_misc.o(.text)
    nvic_irq_enable                          0x080039a5   Thumb Code   168  gd32f1x0_misc.o(.text)
    nvic_irq_disable                         0x08003a4d   Thumb Code    30  gd32f1x0_misc.o(.text)
    nvic_vector_table_set                    0x08003a6d   Thumb Code    24  gd32f1x0_misc.o(.text)
    system_lowpower_set                      0x08003a85   Thumb Code    16  gd32f1x0_misc.o(.text)
    system_lowpower_reset                    0x08003a95   Thumb Code    18  gd32f1x0_misc.o(.text)
    systick_clksource_set                    0x08003aa9   Thumb Code    24  gd32f1x0_misc.o(.text)
    rcu_deinit                               0x08003ac1   Thumb Code   112  gd32f1x0_rcu.o(.text)
    rcu_periph_clock_enable                  0x08003b31   Thumb Code    30  gd32f1x0_rcu.o(.text)
    rcu_periph_clock_disable                 0x08003b51   Thumb Code    32  gd32f1x0_rcu.o(.text)
    rcu_periph_clock_sleep_enable            0x08003b71   Thumb Code    30  gd32f1x0_rcu.o(.text)
    rcu_periph_clock_sleep_disable           0x08003b91   Thumb Code    32  gd32f1x0_rcu.o(.text)
    rcu_periph_reset_enable                  0x08003bb1   Thumb Code    30  gd32f1x0_rcu.o(.text)
    rcu_periph_reset_disable                 0x08003bd1   Thumb Code    32  gd32f1x0_rcu.o(.text)
    rcu_bkp_reset_enable                     0x08003bf1   Thumb Code    18  gd32f1x0_rcu.o(.text)
    rcu_bkp_reset_disable                    0x08003c05   Thumb Code    18  gd32f1x0_rcu.o(.text)
    rcu_system_clock_source_config           0x08003c19   Thumb Code    20  gd32f1x0_rcu.o(.text)
    rcu_system_clock_source_get              0x08003c2d   Thumb Code    16  gd32f1x0_rcu.o(.text)
    rcu_ahb_clock_config                     0x08003c3d   Thumb Code    20  gd32f1x0_rcu.o(.text)
    rcu_apb1_clock_config                    0x08003c51   Thumb Code    20  gd32f1x0_rcu.o(.text)
    rcu_apb2_clock_config                    0x08003c65   Thumb Code    20  gd32f1x0_rcu.o(.text)
    rcu_adc_clock_config                     0x08003c79   Thumb Code    88  gd32f1x0_rcu.o(.text)
    rcu_usbd_clock_config                    0x08003cd1   Thumb Code    24  gd32f1x0_rcu.o(.text)
    rcu_ckout_config                         0x08003ce9   Thumb Code    22  gd32f1x0_rcu.o(.text)
    rcu_pll_config                           0x08003d01   Thumb Code    36  gd32f1x0_rcu.o(.text)
    rcu_usart_clock_config                   0x08003d25   Thumb Code    24  gd32f1x0_rcu.o(.text)
    rcu_cec_clock_config                     0x08003d3d   Thumb Code    24  gd32f1x0_rcu.o(.text)
    rcu_rtc_clock_config                     0x08003d55   Thumb Code    24  gd32f1x0_rcu.o(.text)
    rcu_hxtal_prediv_config                  0x08003d6d   Thumb Code    20  gd32f1x0_rcu.o(.text)
    rcu_lxtal_drive_capability_config        0x08003d81   Thumb Code    24  gd32f1x0_rcu.o(.text)
    rcu_flag_get                             0x08003d99   Thumb Code    26  gd32f1x0_rcu.o(.text)
    rcu_all_reset_flag_clear                 0x08003db5   Thumb Code    18  gd32f1x0_rcu.o(.text)
    rcu_interrupt_flag_get                   0x08003dc9   Thumb Code    18  gd32f1x0_rcu.o(.text)
    rcu_interrupt_flag_clear                 0x08003ddd   Thumb Code    16  gd32f1x0_rcu.o(.text)
    rcu_interrupt_enable                     0x08003ded   Thumb Code    16  gd32f1x0_rcu.o(.text)
    rcu_interrupt_disable                    0x08003dfd   Thumb Code    18  gd32f1x0_rcu.o(.text)
    rcu_osci_stab_wait                       0x08003e11   Thumb Code   324  gd32f1x0_rcu.o(.text)
    rcu_osci_on                              0x08003f55   Thumb Code    30  gd32f1x0_rcu.o(.text)
    rcu_osci_off                             0x08003f75   Thumb Code    32  gd32f1x0_rcu.o(.text)
    rcu_osci_bypass_mode_enable              0x08003f95   Thumb Code    64  gd32f1x0_rcu.o(.text)
    rcu_osci_bypass_mode_disable             0x08003fd5   Thumb Code    64  gd32f1x0_rcu.o(.text)
    rcu_hxtal_clock_monitor_enable           0x08004015   Thumb Code    18  gd32f1x0_rcu.o(.text)
    rcu_hxtal_clock_monitor_disable          0x08004029   Thumb Code    18  gd32f1x0_rcu.o(.text)
    rcu_irc8m_adjust_value_set               0x0800403d   Thumb Code    22  gd32f1x0_rcu.o(.text)
    rcu_irc14m_adjust_value_set              0x08004055   Thumb Code    22  gd32f1x0_rcu.o(.text)
    rcu_voltage_key_unlock                   0x0800406d   Thumb Code    30  gd32f1x0_rcu.o(.text)
    rcu_deepsleep_voltage_set                0x0800408d   Thumb Code    24  gd32f1x0_rcu.o(.text)
    rcu_power_down_voltage_set               0x080040a5   Thumb Code    24  gd32f1x0_rcu.o(.text)
    rcu_clock_freq_get                       0x080040bd   Thumb Code   292  gd32f1x0_rcu.o(.text)
    timer_deinit                             0x080041f1   Thumb Code   194  gd32f1x0_timer.o(.text)
    timer_struct_para_init                   0x080042b5   Thumb Code    16  gd32f1x0_timer.o(.text)
    timer_init                               0x080042c5   Thumb Code   212  gd32f1x0_timer.o(.text)
    timer_enable                             0x08004399   Thumb Code    10  gd32f1x0_timer.o(.text)
    timer_disable                            0x080043a5   Thumb Code    10  gd32f1x0_timer.o(.text)
    timer_auto_reload_shadow_enable          0x080043b1   Thumb Code    10  gd32f1x0_timer.o(.text)
    timer_auto_reload_shadow_disable         0x080043bd   Thumb Code    10  gd32f1x0_timer.o(.text)
    timer_update_event_enable                0x080043c9   Thumb Code    10  gd32f1x0_timer.o(.text)
    timer_update_event_disable               0x080043d5   Thumb Code    10  gd32f1x0_timer.o(.text)
    timer_counter_alignment                  0x080043e1   Thumb Code    16  gd32f1x0_timer.o(.text)
    timer_counter_up_direction               0x080043f1   Thumb Code    10  gd32f1x0_timer.o(.text)
    timer_counter_down_direction             0x080043fd   Thumb Code    10  gd32f1x0_timer.o(.text)
    timer_prescaler_config                   0x08004409   Thumb Code    18  gd32f1x0_timer.o(.text)
    timer_repetition_value_config            0x0800441d   Thumb Code     4  gd32f1x0_timer.o(.text)
    timer_autoreload_value_config            0x08004421   Thumb Code     4  gd32f1x0_timer.o(.text)
    timer_counter_value_config               0x08004425   Thumb Code     4  gd32f1x0_timer.o(.text)
    timer_counter_read                       0x08004429   Thumb Code     4  gd32f1x0_timer.o(.text)
    timer_prescaler_read                     0x0800442d   Thumb Code     6  gd32f1x0_timer.o(.text)
    timer_single_pulse_mode_config           0x08004435   Thumb Code    30  gd32f1x0_timer.o(.text)
    timer_update_source_config               0x08004455   Thumb Code    30  gd32f1x0_timer.o(.text)
    timer_ocpre_clear_source_config          0x08004475   Thumb Code    28  gd32f1x0_timer.o(.text)
    timer_interrupt_enable                   0x08004491   Thumb Code     8  gd32f1x0_timer.o(.text)
    timer_interrupt_disable                  0x08004499   Thumb Code    10  gd32f1x0_timer.o(.text)
    timer_interrupt_flag_get                 0x080044a5   Thumb Code    22  gd32f1x0_timer.o(.text)
    timer_interrupt_flag_clear               0x080044bd   Thumb Code     6  gd32f1x0_timer.o(.text)
    timer_flag_get                           0x080044c5   Thumb Code    10  gd32f1x0_timer.o(.text)
    timer_flag_clear                         0x080044d1   Thumb Code     6  gd32f1x0_timer.o(.text)
    timer_dma_enable                         0x080044d9   Thumb Code     8  gd32f1x0_timer.o(.text)
    timer_dma_disable                        0x080044e1   Thumb Code    10  gd32f1x0_timer.o(.text)
    timer_channel_dma_request_source_select  0x080044ed   Thumb Code    30  gd32f1x0_timer.o(.text)
    timer_dma_transfer_config                0x0800450d   Thumb Code    24  gd32f1x0_timer.o(.text)
    timer_event_software_generate            0x08004525   Thumb Code     8  gd32f1x0_timer.o(.text)
    timer_break_struct_para_init             0x0800452d   Thumb Code    16  gd32f1x0_timer.o(.text)
    timer_break_config                       0x0800453d   Thumb Code    36  gd32f1x0_timer.o(.text)
    timer_break_enable                       0x08004561   Thumb Code    10  gd32f1x0_timer.o(.text)
    timer_break_disable                      0x0800456d   Thumb Code    10  gd32f1x0_timer.o(.text)
    timer_automatic_output_enable            0x08004579   Thumb Code    10  gd32f1x0_timer.o(.text)
    timer_automatic_output_disable           0x08004585   Thumb Code    10  gd32f1x0_timer.o(.text)
    timer_primary_output_config              0x08004591   Thumb Code    18  gd32f1x0_timer.o(.text)
    timer_channel_control_shadow_config      0x080045a5   Thumb Code    16  gd32f1x0_timer.o(.text)
    timer_channel_control_shadow_update_config 0x080045b5   Thumb Code    30  gd32f1x0_timer.o(.text)
    timer_channel_output_struct_para_init    0x080045d5   Thumb Code    12  gd32f1x0_timer.o(.text)
    timer_channel_output_config              0x080045e1   Thumb Code   550  gd32f1x0_timer.o(.text)
    timer_channel_output_mode_config         0x08004809   Thumb Code    58  gd32f1x0_timer.o(.text)
    timer_channel_output_pulse_value_config  0x08004845   Thumb Code    12  gd32f1x0_timer.o(.text)
    timer_channel_output_shadow_config       0x08004851   Thumb Code    58  gd32f1x0_timer.o(.text)
    timer_channel_output_fast_config         0x0800488d   Thumb Code    58  gd32f1x0_timer.o(.text)
    timer_channel_output_clear_config        0x080048c9   Thumb Code    58  gd32f1x0_timer.o(.text)
    timer_channel_output_polarity_config     0x08004905   Thumb Code    74  gd32f1x0_timer.o(.text)
    timer_channel_complementary_output_polarity_config 0x08004951   Thumb Code    74  gd32f1x0_timer.o(.text)
    timer_channel_output_state_config        0x0800499d   Thumb Code    74  gd32f1x0_timer.o(.text)
    timer_channel_complementary_output_state_config 0x080049e9   Thumb Code    60  gd32f1x0_timer.o(.text)
    timer_channel_input_struct_para_init     0x08004a25   Thumb Code    12  gd32f1x0_timer.o(.text)
    timer_input_capture_config               0x08004a31   Thumb Code   346  gd32f1x0_timer.o(.text)
    timer_channel_input_capture_prescaler_config 0x08004b8d   Thumb Code    58  gd32f1x0_timer.o(.text)
    timer_channel_capture_value_register_read 0x08004bc9   Thumb Code    14  gd32f1x0_timer.o(.text)
    timer_input_pwm_capture_config           0x08004bd9   Thumb Code   356  gd32f1x0_timer.o(.text)
    timer_hall_mode_config                   0x08004d3d   Thumb Code    30  gd32f1x0_timer.o(.text)
    timer_input_trigger_source_select        0x08004d5d   Thumb Code    16  gd32f1x0_timer.o(.text)
    timer_master_output_trigger_source_select 0x08004d6d   Thumb Code    16  gd32f1x0_timer.o(.text)
    timer_slave_mode_select                  0x08004d7d   Thumb Code    16  gd32f1x0_timer.o(.text)
    timer_master_slave_mode_config           0x08004d8d   Thumb Code    30  gd32f1x0_timer.o(.text)
    timer_external_trigger_config            0x08004dad   Thumb Code    34  gd32f1x0_timer.o(.text)
    timer_quadrature_decoder_mode_config     0x08004dd1   Thumb Code    78  gd32f1x0_timer.o(.text)
    timer_internal_clock_config              0x08004e21   Thumb Code    10  gd32f1x0_timer.o(.text)
    timer_internal_trigger_as_external_clock_config 0x08004e2d   Thumb Code    32  gd32f1x0_timer.o(.text)
    timer_external_trigger_as_external_clock_config 0x08004e4d   Thumb Code   148  gd32f1x0_timer.o(.text)
    timer_external_clock_mode0_config        0x08004ee1   Thumb Code    50  gd32f1x0_timer.o(.text)
    timer_external_clock_mode1_config        0x08004f15   Thumb Code    42  gd32f1x0_timer.o(.text)
    timer_external_clock_mode1_disable       0x08004f41   Thumb Code    10  gd32f1x0_timer.o(.text)
    timer_channel_remap_config               0x08004f4d   Thumb Code     4  gd32f1x0_timer.o(.text)
    usart_deinit                             0x08004f51   Thumb Code    54  gd32f1x0_usart.o(.text)
    usart_baudrate_set                       0x08004f89   Thumb Code    90  gd32f1x0_usart.o(.text)
    usart_parity_config                      0x08004fe5   Thumb Code    24  gd32f1x0_usart.o(.text)
    usart_word_length_set                    0x08004ffd   Thumb Code    24  gd32f1x0_usart.o(.text)
    usart_stop_bit_set                       0x08005015   Thumb Code    24  gd32f1x0_usart.o(.text)
    usart_enable                             0x0800502d   Thumb Code    10  gd32f1x0_usart.o(.text)
    usart_disable                            0x08005039   Thumb Code    10  gd32f1x0_usart.o(.text)
    usart_transmit_config                    0x08005045   Thumb Code    16  gd32f1x0_usart.o(.text)
    usart_receive_config                     0x08005055   Thumb Code    16  gd32f1x0_usart.o(.text)
    usart_data_transmit                      0x08005065   Thumb Code     8  gd32f1x0_usart.o(.text)
    usart_data_receive                       0x0800506d   Thumb Code     8  gd32f1x0_usart.o(.text)
    usart_data_first_config                  0x08005075   Thumb Code    28  gd32f1x0_usart.o(.text)
    usart_invert_config                      0x08005091   Thumb Code   106  gd32f1x0_usart.o(.text)
    usart_overrun_enable                     0x080050fd   Thumb Code    18  gd32f1x0_usart.o(.text)
    usart_overrun_disable                    0x08005111   Thumb Code    18  gd32f1x0_usart.o(.text)
    usart_oversample_config                  0x08005125   Thumb Code    24  gd32f1x0_usart.o(.text)
    usart_sample_bit_config                  0x0800513d   Thumb Code    24  gd32f1x0_usart.o(.text)
    usart_autobaud_detection_enable          0x08005155   Thumb Code    10  gd32f1x0_usart.o(.text)
    usart_autobaud_detection_disable         0x08005161   Thumb Code    10  gd32f1x0_usart.o(.text)
    usart_autobaud_detection_mode_config     0x0800516d   Thumb Code    16  gd32f1x0_usart.o(.text)
    usart_mute_mode_enable                   0x0800517d   Thumb Code    10  gd32f1x0_usart.o(.text)
    usart_mute_mode_disable                  0x08005189   Thumb Code    10  gd32f1x0_usart.o(.text)
    usart_mute_mode_wakeup_config            0x08005195   Thumb Code    24  gd32f1x0_usart.o(.text)
    usart_address_detection_mode_config      0x080051ad   Thumb Code    28  gd32f1x0_usart.o(.text)
    usart_address_config                     0x080051c9   Thumb Code    26  gd32f1x0_usart.o(.text)
    usart_receiver_timeout_enable            0x080051e5   Thumb Code    10  gd32f1x0_usart.o(.text)
    usart_receiver_timeout_disable           0x080051f1   Thumb Code    10  gd32f1x0_usart.o(.text)
    usart_receiver_timeout_config            0x080051fd   Thumb Code    16  gd32f1x0_usart.o(.text)
    usart_lin_mode_enable                    0x0800520d   Thumb Code    18  gd32f1x0_usart.o(.text)
    usart_lin_mode_disable                   0x08005221   Thumb Code    18  gd32f1x0_usart.o(.text)
    usart_lin_break_detection_length_config  0x08005235   Thumb Code    20  gd32f1x0_usart.o(.text)
    usart_halfduplex_enable                  0x08005249   Thumb Code    18  gd32f1x0_usart.o(.text)
    usart_halfduplex_disable                 0x0800525d   Thumb Code    18  gd32f1x0_usart.o(.text)
    usart_clock_enable                       0x08005271   Thumb Code    18  gd32f1x0_usart.o(.text)
    usart_clock_disable                      0x08005285   Thumb Code    18  gd32f1x0_usart.o(.text)
    usart_synchronous_clock_config           0x08005299   Thumb Code    60  gd32f1x0_usart.o(.text)
    usart_smartcard_mode_enable              0x080052d5   Thumb Code    18  gd32f1x0_usart.o(.text)
    usart_smartcard_mode_disable             0x080052e9   Thumb Code    18  gd32f1x0_usart.o(.text)
    usart_smartcard_mode_nack_enable         0x080052fd   Thumb Code    18  gd32f1x0_usart.o(.text)
    usart_smartcard_mode_nack_disable        0x08005311   Thumb Code    18  gd32f1x0_usart.o(.text)
    usart_guard_time_config                  0x08005325   Thumb Code    28  gd32f1x0_usart.o(.text)
    usart_block_length_config                0x08005341   Thumb Code    18  gd32f1x0_usart.o(.text)
    usart_smartcard_autoretry_config         0x08005355   Thumb Code    30  gd32f1x0_usart.o(.text)
    usart_irda_mode_enable                   0x08005375   Thumb Code    18  gd32f1x0_usart.o(.text)
    usart_irda_mode_disable                  0x08005389   Thumb Code    18  gd32f1x0_usart.o(.text)
    usart_irda_lowpower_config               0x0800539d   Thumb Code    20  gd32f1x0_usart.o(.text)
    usart_prescaler_config                   0x080053b1   Thumb Code    24  gd32f1x0_usart.o(.text)
    usart_hardware_flow_rts_config           0x080053c9   Thumb Code    24  gd32f1x0_usart.o(.text)
    usart_hardware_flow_cts_config           0x080053e1   Thumb Code    24  gd32f1x0_usart.o(.text)
    usart_rs485_driver_enable                0x080053f9   Thumb Code    18  gd32f1x0_usart.o(.text)
    usart_rs485_driver_disable               0x0800540d   Thumb Code    18  gd32f1x0_usart.o(.text)
    usart_driver_assertime_config            0x08005421   Thumb Code    30  gd32f1x0_usart.o(.text)
    usart_driver_deassertime_config          0x08005441   Thumb Code    30  gd32f1x0_usart.o(.text)
    usart_depolarity_config                  0x08005461   Thumb Code    28  gd32f1x0_usart.o(.text)
    usart_dma_receive_config                 0x0800547d   Thumb Code    16  gd32f1x0_usart.o(.text)
    usart_dma_transmit_config                0x0800548d   Thumb Code    16  gd32f1x0_usart.o(.text)
    usart_reception_error_dma_disable        0x0800549d   Thumb Code    18  gd32f1x0_usart.o(.text)
    usart_reception_error_dma_enable         0x080054b1   Thumb Code    18  gd32f1x0_usart.o(.text)
    usart_wakeup_enable                      0x080054c5   Thumb Code    10  gd32f1x0_usart.o(.text)
    usart_wakeup_disable                     0x080054d1   Thumb Code    10  gd32f1x0_usart.o(.text)
    usart_wakeup_mode_config                 0x080054dd   Thumb Code    28  gd32f1x0_usart.o(.text)
    usart_flag_get                           0x080054f9   Thumb Code    16  gd32f1x0_usart.o(.text)
    usart_flag_clear                         0x08005509   Thumb Code    18  gd32f1x0_usart.o(.text)
    usart_interrupt_enable                   0x0800551d   Thumb Code    24  gd32f1x0_usart.o(.text)
    usart_interrupt_disable                  0x08005535   Thumb Code    26  gd32f1x0_usart.o(.text)
    usart_command_enable                     0x08005551   Thumb Code     8  gd32f1x0_usart.o(.text)
    usart_interrupt_flag_get                 0x08005559   Thumb Code    34  gd32f1x0_usart.o(.text)
    usart_interrupt_flag_clear               0x0800557d   Thumb Code    18  gd32f1x0_usart.o(.text)
    Reset_Handler                            0x08005591   Thumb Code     8  startup_gd32f1x0.o(.text)
    ADC_CMP_IRQHandler                       0x080055ab   Thumb Code     0  startup_gd32f1x0.o(.text)
    CAN0_RX0_IRQHandler                      0x080055ab   Thumb Code     0  startup_gd32f1x0.o(.text)
    CAN0_RX1_IRQHandler                      0x080055ab   Thumb Code     0  startup_gd32f1x0.o(.text)
    CAN0_SCE_IRQHandler                      0x080055ab   Thumb Code     0  startup_gd32f1x0.o(.text)
    CAN0_TX_IRQHandler                       0x080055ab   Thumb Code     0  startup_gd32f1x0.o(.text)
    CAN1_RX0_IRQHandler                      0x080055ab   Thumb Code     0  startup_gd32f1x0.o(.text)
    CAN1_RX1_IRQHandler                      0x080055ab   Thumb Code     0  startup_gd32f1x0.o(.text)
    CAN1_SCE_IRQHandler                      0x080055ab   Thumb Code     0  startup_gd32f1x0.o(.text)
    CAN1_TX_IRQHandler                       0x080055ab   Thumb Code     0  startup_gd32f1x0.o(.text)
    CEC_IRQHandler                           0x080055ab   Thumb Code     0  startup_gd32f1x0.o(.text)
    DMA_Channel1_2_IRQHandler                0x080055ab   Thumb Code     0  startup_gd32f1x0.o(.text)
    DMA_Channel5_6_IRQHandler                0x080055ab   Thumb Code     0  startup_gd32f1x0.o(.text)
    EXTI0_1_IRQHandler                       0x080055ab   Thumb Code     0  startup_gd32f1x0.o(.text)
    EXTI2_3_IRQHandler                       0x080055ab   Thumb Code     0  startup_gd32f1x0.o(.text)
    EXTI4_15_IRQHandler                      0x080055ab   Thumb Code     0  startup_gd32f1x0.o(.text)
    FMC_IRQHandler                           0x080055ab   Thumb Code     0  startup_gd32f1x0.o(.text)
    I2C0_ER_IRQHandler                       0x080055ab   Thumb Code     0  startup_gd32f1x0.o(.text)
    I2C0_EV_IRQHandler                       0x080055ab   Thumb Code     0  startup_gd32f1x0.o(.text)
    I2C1_ER_IRQHandler                       0x080055ab   Thumb Code     0  startup_gd32f1x0.o(.text)
    I2C1_EV_IRQHandler                       0x080055ab   Thumb Code     0  startup_gd32f1x0.o(.text)
    I2C2_ER_IRQHandler                       0x080055ab   Thumb Code     0  startup_gd32f1x0.o(.text)
    I2C2_EV_IRQHandler                       0x080055ab   Thumb Code     0  startup_gd32f1x0.o(.text)
    LVD_IRQHandler                           0x080055ab   Thumb Code     0  startup_gd32f1x0.o(.text)
    RCU_IRQHandler                           0x080055ab   Thumb Code     0  startup_gd32f1x0.o(.text)
    RTC_IRQHandler                           0x080055ab   Thumb Code     0  startup_gd32f1x0.o(.text)
    SLCD_IRQHandler                          0x080055ab   Thumb Code     0  startup_gd32f1x0.o(.text)
    SPI0_IRQHandler                          0x080055ab   Thumb Code     0  startup_gd32f1x0.o(.text)
    SPI1_IRQHandler                          0x080055ab   Thumb Code     0  startup_gd32f1x0.o(.text)
    SPI2_IRQHandler                          0x080055ab   Thumb Code     0  startup_gd32f1x0.o(.text)
    TIMER0_Channel_IRQHandler                0x080055ab   Thumb Code     0  startup_gd32f1x0.o(.text)
    TIMER14_IRQHandler                       0x080055ab   Thumb Code     0  startup_gd32f1x0.o(.text)
    TIMER15_IRQHandler                       0x080055ab   Thumb Code     0  startup_gd32f1x0.o(.text)
    TIMER16_IRQHandler                       0x080055ab   Thumb Code     0  startup_gd32f1x0.o(.text)
    TIMER1_IRQHandler                        0x080055ab   Thumb Code     0  startup_gd32f1x0.o(.text)
    TIMER2_IRQHandler                        0x080055ab   Thumb Code     0  startup_gd32f1x0.o(.text)
    TIMER5_DAC_IRQHandler                    0x080055ab   Thumb Code     0  startup_gd32f1x0.o(.text)
    TSI_IRQHandler                           0x080055ab   Thumb Code     0  startup_gd32f1x0.o(.text)
    USART0_IRQHandler                        0x080055ab   Thumb Code     0  startup_gd32f1x0.o(.text)
    USART1_IRQHandler                        0x080055ab   Thumb Code     0  startup_gd32f1x0.o(.text)
    USBDWakeUp_IRQHandler                    0x080055ab   Thumb Code     0  startup_gd32f1x0.o(.text)
    USBD_HP_IRQHandler                       0x080055ab   Thumb Code     0  startup_gd32f1x0.o(.text)
    USBD_LP_IRQHandler                       0x080055ab   Thumb Code     0  startup_gd32f1x0.o(.text)
    WWDGT_IRQHandler                         0x080055ab   Thumb Code     0  startup_gd32f1x0.o(.text)
    __user_initial_stackheap                 0x080055ad   Thumb Code    10  startup_gd32f1x0.o(.text)
    SystemInit                               0x080055d1   Thumb Code   188  system_gd32f1x0.o(.text)
    SystemCoreClockUpdate                    0x0800568d   Thumb Code   112  system_gd32f1x0.o(.text)
    __2sprintf                               0x0800570d   Thumb Code    34  noretval__2sprintf.o(.text)
    _printf_str                              0x08005735   Thumb Code    82  _printf_str.o(.text)
    _printf_int_dec                          0x08005789   Thumb Code   104  _printf_dec.o(.text)
    __printf                                 0x08005801   Thumb Code   270  __printf_wp.o(.text)
    strlen                                   0x0800590f   Thumb Code    62  strlen.o(.text)
    __aeabi_memcpy4                          0x0800594d   Thumb Code     0  rt_memcpy_w.o(.text)
    __aeabi_memcpy8                          0x0800594d   Thumb Code     0  rt_memcpy_w.o(.text)
    __rt_memcpy_w                            0x0800594d   Thumb Code   100  rt_memcpy_w.o(.text)
    _memcpy_lastbytes_aligned                0x08005995   Thumb Code     0  rt_memcpy_w.o(.text)
    __aeabi_memclr4                          0x080059b1   Thumb Code     0  rt_memclr_w.o(.text)
    __aeabi_memclr8                          0x080059b1   Thumb Code     0  rt_memclr_w.o(.text)
    __rt_memclr_w                            0x080059b1   Thumb Code     0  rt_memclr_w.o(.text)
    _memset_w                                0x080059b5   Thumb Code    74  rt_memclr_w.o(.text)
    __use_two_region_memory                  0x080059ff   Thumb Code     2  heapauxi.o(.text)
    __rt_heap_escrow$2region                 0x08005a01   Thumb Code     2  heapauxi.o(.text)
    __rt_heap_expand$2region                 0x08005a03   Thumb Code     2  heapauxi.o(.text)
    _printf_int_common                       0x08005a05   Thumb Code   178  _printf_intcommon.o(.text)
    _printf_fp_dec_real                      0x08005c67   Thumb Code   620  _printf_fp_dec.o(.text)
    _printf_char_common                      0x08005edf   Thumb Code    32  _printf_char_common.o(.text)
    _sputc                                   0x08005f05   Thumb Code    10  _sputc.o(.text)
    _printf_cs_common                        0x08005f0f   Thumb Code    20  _printf_char.o(.text)
    _printf_char                             0x08005f23   Thumb Code    16  _printf_char.o(.text)
    _printf_string                           0x08005f33   Thumb Code     8  _printf_char.o(.text)
    __rt_locale                              0x08005f3d   Thumb Code     8  rt_locale_intlibspace.o(.text)
    _ll_udiv10                               0x08005f45   Thumb Code   138  lludiv10.o(.text)
    _printf_fp_infnan                        0x08005fd1   Thumb Code   112  _printf_fp_infnan.o(.text)
    _btod_etento                             0x08006051   Thumb Code   224  bigflt0.o(.text)
    __user_libspace                          0x08006135   Thumb Code     8  libspace.o(.text)
    __user_perproc_libspace                  0x08006135   Thumb Code     0  libspace.o(.text)
    __user_perthread_libspace                0x08006135   Thumb Code     0  libspace.o(.text)
    __user_setup_stackheap                   0x0800613d   Thumb Code    74  sys_stackheap_outer.o(.text)
    exit                                     0x08006187   Thumb Code    18  exit.o(.text)
    strcmp                                   0x08006199   Thumb Code   128  strcmpv7m.o(.text)
    _sys_exit                                0x08006219   Thumb Code     8  sys_exit.o(.text)
    __I$use$semihosting                      0x08006225   Thumb Code     0  use_no_semi.o(.text)
    __use_no_semihosting_swi                 0x08006225   Thumb Code     2  use_no_semi.o(.text)
    __semihosting_library_function           0x08006227   Thumb Code     0  indicate_semi.o(.text)
    _btod_d2e                                0x08006227   Thumb Code    62  btod.o(CL$$btod_d2e)
    _d2e_denorm_low                          0x08006265   Thumb Code    70  btod.o(CL$$btod_d2e_denorm_low)
    _d2e_norm_op1                            0x080062ab   Thumb Code    96  btod.o(CL$$btod_d2e_norm_op1)
    __btod_div_common                        0x0800630d   Thumb Code   696  btod.o(CL$$btod_div_common)
    _e2e                                     0x08006645   Thumb Code   220  btod.o(CL$$btod_e2e)
    _btod_ediv                               0x08006721   Thumb Code    42  btod.o(CL$$btod_ediv)
    _btod_emul                               0x0800674b   Thumb Code    42  btod.o(CL$$btod_emul)
    __btod_mult_common                       0x08006775   Thumb Code   580  btod.o(CL$$btod_mult_common)
    __ARM_fpclassify                         0x080069b9   Thumb Code    40  fpclassify.o(i.__ARM_fpclassify)
    _is_digit                                0x080069e1   Thumb Code    14  __printf_wp.o(i._is_digit)
    _get_lc_numeric                          0x080069f1   Thumb Code    44  lc_numeric_c.o(locale$$code)
    __aeabi_d2f                              0x08006a1d   Thumb Code     0  d2f.o(x$fpl$d2f)
    _d2f                                     0x08006a1d   Thumb Code    98  d2f.o(x$fpl$d2f)
    __aeabi_dadd                             0x08006a81   Thumb Code     0  daddsub_clz.o(x$fpl$dadd)
    _dadd                                    0x08006a81   Thumb Code   332  daddsub_clz.o(x$fpl$dadd)
    __fpl_dcmp_Inf                           0x08006bd1   Thumb Code    24  dcmpi.o(x$fpl$dcmpinf)
    __aeabi_cdcmpeq                          0x08006be9   Thumb Code     0  deqf.o(x$fpl$deqf)
    _dcmpeq                                  0x08006be9   Thumb Code   120  deqf.o(x$fpl$deqf)
    __aeabi_d2iz                             0x08006c61   Thumb Code     0  dfix.o(x$fpl$dfix)
    _dfix                                    0x08006c61   Thumb Code    94  dfix.o(x$fpl$dfix)
    __aeabi_i2d                              0x08006cbf   Thumb Code     0  dflt_clz.o(x$fpl$dflt)
    _dflt                                    0x08006cbf   Thumb Code    46  dflt_clz.o(x$fpl$dflt)
    __aeabi_ui2d                             0x08006ced   Thumb Code     0  dflt_clz.o(x$fpl$dfltu)
    _dfltu                                   0x08006ced   Thumb Code    38  dflt_clz.o(x$fpl$dfltu)
    __aeabi_cdcmpge                          0x08006d15   Thumb Code     0  dgeqf.o(x$fpl$dgeqf)
    _dcmpge                                  0x08006d15   Thumb Code   120  dgeqf.o(x$fpl$dgeqf)
    __aeabi_cdcmple                          0x08006d8d   Thumb Code     0  dleqf.o(x$fpl$dleqf)
    _dcmple                                  0x08006d8d   Thumb Code   120  dleqf.o(x$fpl$dleqf)
    __fpl_dcmple_InfNaN                      0x08006def   Thumb Code     0  dleqf.o(x$fpl$dleqf)
    __aeabi_dmul                             0x08006e05   Thumb Code     0  dmul.o(x$fpl$dmul)
    _dmul                                    0x08006e05   Thumb Code   332  dmul.o(x$fpl$dmul)
    __fpl_dnaninf                            0x08006f59   Thumb Code   156  dnaninf.o(x$fpl$dnaninf)
    __fpl_dretinf                            0x08006ff5   Thumb Code    12  dretinf.o(x$fpl$dretinf)
    __aeabi_dsub                             0x08007001   Thumb Code     0  daddsub_clz.o(x$fpl$dsub)
    _dsub                                    0x08007001   Thumb Code   472  daddsub_clz.o(x$fpl$dsub)
    __aeabi_f2d                              0x080071dd   Thumb Code     0  f2d.o(x$fpl$f2d)
    _f2d                                     0x080071dd   Thumb Code    86  f2d.o(x$fpl$f2d)
    __aeabi_fadd                             0x08007235   Thumb Code     0  faddsub_clz.o(x$fpl$fadd)
    _fadd                                    0x08007235   Thumb Code   196  faddsub_clz.o(x$fpl$fadd)
    __aeabi_dcmpeq                           0x080072f9   Thumb Code     0  dcmp.o(x$fpl$fcmp)
    _deq                                     0x080072f9   Thumb Code    14  dcmp.o(x$fpl$fcmp)
    _dneq                                    0x08007307   Thumb Code    14  dcmp.o(x$fpl$fcmp)
    __aeabi_dcmpgt                           0x08007315   Thumb Code     0  dcmp.o(x$fpl$fcmp)
    _dgr                                     0x08007315   Thumb Code    14  dcmp.o(x$fpl$fcmp)
    __aeabi_dcmpge                           0x08007323   Thumb Code     0  dcmp.o(x$fpl$fcmp)
    _dgeq                                    0x08007323   Thumb Code    14  dcmp.o(x$fpl$fcmp)
    __aeabi_dcmple                           0x08007331   Thumb Code     0  dcmp.o(x$fpl$fcmp)
    _dleq                                    0x08007331   Thumb Code    14  dcmp.o(x$fpl$fcmp)
    __aeabi_dcmplt                           0x0800733f   Thumb Code     0  dcmp.o(x$fpl$fcmp)
    _dls                                     0x0800733f   Thumb Code    14  dcmp.o(x$fpl$fcmp)
    __aeabi_fcmpeq                           0x0800734d   Thumb Code     0  fcmp.o(x$fpl$fcmp)
    _feq                                     0x0800734d   Thumb Code    14  fcmp.o(x$fpl$fcmp)
    _fneq                                    0x0800735b   Thumb Code    14  fcmp.o(x$fpl$fcmp)
    __aeabi_fcmpgt                           0x08007369   Thumb Code     0  fcmp.o(x$fpl$fcmp)
    _fgr                                     0x08007369   Thumb Code    14  fcmp.o(x$fpl$fcmp)
    __aeabi_fcmpge                           0x08007377   Thumb Code     0  fcmp.o(x$fpl$fcmp)
    _fgeq                                    0x08007377   Thumb Code    14  fcmp.o(x$fpl$fcmp)
    __aeabi_fcmple                           0x08007385   Thumb Code     0  fcmp.o(x$fpl$fcmp)
    _fleq                                    0x08007385   Thumb Code    14  fcmp.o(x$fpl$fcmp)
    __aeabi_fcmplt                           0x08007393   Thumb Code     0  fcmp.o(x$fpl$fcmp)
    _fls                                     0x08007393   Thumb Code    14  fcmp.o(x$fpl$fcmp)
    __fpl_fcmp_Inf                           0x080073a1   Thumb Code    24  fcmpi.o(x$fpl$fcmpinf)
    __aeabi_fdiv                             0x080073b9   Thumb Code     0  fdiv.o(x$fpl$fdiv)
    _fdiv                                    0x080073b9   Thumb Code   384  fdiv.o(x$fpl$fdiv)
    __aeabi_cfcmpeq                          0x0800753d   Thumb Code     0  feqf.o(x$fpl$feqf)
    _fcmpeq                                  0x0800753d   Thumb Code   104  feqf.o(x$fpl$feqf)
    __aeabi_f2iz                             0x080075a5   Thumb Code     0  ffix.o(x$fpl$ffix)
    _ffix                                    0x080075a5   Thumb Code    54  ffix.o(x$fpl$ffix)
    __aeabi_ui2f                             0x080075dd   Thumb Code     0  fflt_clz.o(x$fpl$ffltu)
    _ffltu                                   0x080075dd   Thumb Code    38  fflt_clz.o(x$fpl$ffltu)
    _fcmpge                                  0x08007605   Thumb Code   104  fgeqf.o(x$fpl$fgeqf)
    __aeabi_cfcmple                          0x0800766d   Thumb Code     0  fleqf.o(x$fpl$fleqf)
    _fcmple                                  0x0800766d   Thumb Code   104  fleqf.o(x$fpl$fleqf)
    __fpl_fcmple_InfNaN                      0x080076bf   Thumb Code     0  fleqf.o(x$fpl$fleqf)
    __fpl_fnaninf                            0x080076d5   Thumb Code   140  fnaninf.o(x$fpl$fnaninf)
    __fpl_fretinf                            0x08007761   Thumb Code    10  fretinf.o(x$fpl$fretinf)
    __aeabi_fsub                             0x0800776d   Thumb Code     0  faddsub_clz.o(x$fpl$fsub)
    _fsub                                    0x0800776d   Thumb Code   234  faddsub_clz.o(x$fpl$fsub)
    _printf_fp_dec                           0x08007857   Thumb Code     4  printf1.o(x$fpl$printf1)
    __I$use$fp                               0x0800785a   Number         0  usenofp.o(x$fpl$usenofp)
    hall_to_pos                              0x08007910   Data           8  bldc.o(.rodata.hall_to_pos)
    Region$$Table$$Base                      0x08007cd4   Number         0  anon$$obj.o(Region$$Table)
    Region$$Table$$Limit                     0x08007cf4   Number         0  anon$$obj.o(Region$$Table)
    HALL_A                                   0x20000000   Data           4  remoteautodetect.o(.data.HALL_A)
    HALL_B                                   0x20000004   Data           4  remoteautodetect.o(.data.HALL_B)
    HALL_C                                   0x20000008   Data           4  remoteautodetect.o(.data.HALL_C)
    SystemCoreClock                          0x2000000c   Data           4  system_gd32f1x0.o(.data.SystemCoreClock)
    aHallOrder                               0x20000010   Data          18  remoteautodetect.o(.data.aHallOrder)
    aoPin                                    0x20000022   Data         341  remoteautodetect.o(.data.aoPin)
    asScan                                   0x20000178   Data          68  remoteautodetect.o(.data.asScan)
    asStage                                  0x200001bc   Data          90  remoteautodetect.o(.data.asStage)
    bHallOld                                 0x20000216   Data           1  remoteautodetect.o(.data.bHallOld)
    bHoldAutofind                            0x20000217   Data           1  remoteautodetect.o(.data.bHoldAutofind)
    cRxLast                                  0x20000218   Data           1  remoteautodetect.o(.data.cRxLast)
    currentDC                                0x2000021c   Data           4  bldc.o(.data.currentDC)
    fVBattFound                              0x20000220   Data           4  remoteautodetect.o(.data.fVBattFound)
    iAverageMax                              0x20000224   Data           2  remoteautodetect.o(.data.iAverageMax)
    iTestStart                               0x20000226   Data           1  remoteautodetect.o(.data.iTestStart)
    iVBatMinTest                             0x20000228   Data           2  remoteautodetect.o(.data.iVBatMinTest)
    posAuto                                  0x2000022a   Data           1  remoteautodetect.o(.data.posAuto)
    sTodoPin                                 0x2000022c   Data           4  remoteautodetect.o(.data.sTodoPin)
    wStage                                   0x20000230   Data           2  remoteautodetect.o(.data.wStage)
    wStageOld                                0x20000232   Data           2  remoteautodetect.o(.data.wStageOld)
    __libspace_start                         0x20000238   Data          96  libspace.o(.bss)
    __temporary_stack_top$libspace           0x20000298   Data           0  libspace.o(.bss)
    adc_buffer                               0x20000298   Data           4  bldc.o(.bss.adc_buffer)
    aiPinScan                                0x2000029c   Data          68  remoteautodetect.o(.bss.aiPinScan)
    bMessageWait                             0x200002e0   Data           1  remoteautodetect.o(.bss.bMessageWait)
    bReturnToMenu                            0x200002e1   Data           1  remoteautodetect.o(.bss.bReturnToMenu)
    bWait4Enter                              0x200002e2   Data           1  remoteautodetect.o(.bss.bWait4Enter)
    beepsBackwardsMaster                     0x200002e3   Data           1  commsmasterslave.o(.bss.beepsBackwardsMaster)
    bldc_enable                              0x200002e4   Data           1  bldc.o(.bss.bldc_enable)
    bldc_inputFilterPwm                      0x200002e6   Data           2  bldc.o(.bss.bldc_inputFilterPwm)
    bldc_outputFilterPwm                     0x200002e8   Data           2  bldc.o(.bss.bldc_outputFilterPwm)
    buzzerTimer                              0x200002ea   Data           2  bldc.o(.bss.buzzerTimer)
    cCommand                                 0x200002ec   Data           1  remoteautodetect.o(.bss.cCommand)
    dma_init_struct_adc                      0x200002f0   Data          36  setup.o(.bss.dma_init_struct_adc)
    dma_init_struct_usart                    0x20000314   Data          36  setup.o(.bss.dma_init_struct_usart)
    fCurrentDC                               0x20000338   Data           4  remoteautodetect.o(.bss.fCurrentDC)
    fVBatt                                   0x2000033c   Data           4  remoteautodetect.o(.bss.fVBatt)
    fVBattOld                                0x20000340   Data           4  remoteautodetect.o(.bss.fVBattOld)
    filter_reg                               0x20000344   Data           4  bldc.o(.bss.filter_reg)
    hall                                     0x20000348   Data           1  bldc.o(.bss.hall)
    hall_a                                   0x20000349   Data           1  bldc.o(.bss.hall_a)
    hall_b                                   0x2000034a   Data           1  bldc.o(.bss.hall_b)
    hall_c                                   0x2000034b   Data           1  bldc.o(.bss.hall_c)
    iAverage                                 0x2000034c   Data           2  remoteautodetect.o(.bss.iAverage)
    iHallStagesCompleted                     0x2000034e   Data           1  remoteautodetect.o(.bss.iHallStagesCompleted)
    iOdom                                    0x20000350   Data           4  bldc.o(.bss.iOdom)
    iOffsetDC                                0x20000354   Data           2  remoteautodetect.o(.bss.iOffsetDC)
    iPhaseCurrent                            0x20000356   Data           1  remoteautodetect.o(.bss.iPhaseCurrent)
    iRepeat                                  0x20000357   Data           1  remoteautodetect.o(.bss.iRepeat)
    iTest                                    0x20000358   Data           1  remoteautodetect.o(.bss.iTest)
    iTestPin                                 0x20000359   Data           1  remoteautodetect.o(.bss.iTestPin)
    iTimeNextLoop                            0x2000035c   Data           4  main.o(.bss.iTimeNextLoop)
    lastPos                                  0x20000360   Data           1  bldc.o(.bss.lastPos)
    msTicks                                  0x20000364   Data           4  it.o(.bss.msTicks)
    msTicksAuto                              0x20000368   Data           4  remoteautodetect.o(.bss.msTicksAuto)
    msTicksOld                               0x2000036c   Data           4  remoteautodetect.o(.bss.msTicksOld)
    msTicksTest                              0x20000370   Data           4  remoteautodetect.o(.bss.msTicksTest)
    msTicksTestNext                          0x20000374   Data           4  remoteautodetect.o(.bss.msTicksTestNext)
    msTicksWait                              0x20000378   Data           4  remoteautodetect.o(.bss.msTicksWait)
    pos                                      0x2000037c   Data           1  bldc.o(.bss.pos)
    posOld                                   0x2000037d   Data           1  remoteautodetect.o(.bss.posOld)
    realSpeed                                0x20000380   Data           4  bldc.o(.bss.realSpeed)
    sMessage                                 0x20000384   Data         512  remoteautodetect.o(.bss.sMessage)
    speedCounter                             0x20000584   Data           4  bldc.o(.bss.speedCounter)
    steer                                    0x20000588   Data           4  main.o(.bss.steer)
    steerCounter                             0x2000058c   Data           4  main.o(.bss.steerCounter)
    timedOut                                 0x20000590   Data           1  it.o(.bss.timedOut)
    timeoutCounter_ms                        0x20000594   Data           4  it.o(.bss.timeoutCounter_ms)
    timeoutTimer_paramter_struct             0x20000598   Data          16  setup.o(.bss.timeoutTimer_paramter_struct)
    timerBldc_break_parameter_struct         0x200005a8   Data          24  setup.o(.bss.timerBldc_break_parameter_struct)
    timerBldc_oc_parameter_struct            0x200005c0   Data          16  setup.o(.bss.timerBldc_oc_parameter_struct)
    timerBldc_paramter_struct                0x200005d0   Data          16  setup.o(.bss.timerBldc_paramter_struct)
    usart1_rx_buf                            0x200005e0   Data           1  setup.o(.bss.usart1_rx_buf)



==============================================================================

Memory Map of the image

  Image Entry point : 0x08000169

  Load Region LR_IROM1 (Base: 0x08000000, Size: 0x00007f48, Max: 0x00010000, ABSOLUTE, COMPRESSED[0x00007e70])

    Execution Region ER_IROM1 (Exec base: 0x08000000, Load base: 0x08000000, Size: 0x00007d10, Max: 0x00010000, ABSOLUTE)

    Exec Addr    Load Addr    Size         Type   Attr      Idx    E Section Name        Object

    0x08000000   0x08000000   0x00000168   Data   RO          145    RESET               startup_gd32f1x0.o
    0x08000168   0x08000168   0x00000008   Code   RO          178  * !!!main             c_w.l(__main.o)
    0x08000170   0x08000170   0x00000034   Code   RO          380    !!!scatter          c_w.l(__scatter.o)
    0x080001a4   0x080001a4   0x0000005a   Code   RO          379    !!dczerorl2         c_w.l(__dczerorl2.o)
    0x080001fe   0x080001fe   0x00000002   PAD
    0x08000200   0x08000200   0x0000001c   Code   RO          381    !!handler_zi        c_w.l(__scatter_zi.o)
    0x0800021c   0x0800021c   0x00000000   Code   RO          173    .ARM.Collect$$_printf_percent$$00000000  c_w.l(_printf_percent.o)
    0x0800021c   0x0800021c   0x00000006   Code   RO          172    .ARM.Collect$$_printf_percent$$00000003  c_w.l(_printf_f.o)
    0x08000222   0x08000222   0x00000006   Code   RO          171    .ARM.Collect$$_printf_percent$$00000008  c_w.l(_printf_i.o)
    0x08000228   0x08000228   0x00000006   Code   RO          170    .ARM.Collect$$_printf_percent$$00000014  c_w.l(_printf_s.o)
    0x0800022e   0x0800022e   0x00000004   Code   RO          210    .ARM.Collect$$_printf_percent$$00000017  c_w.l(_printf_percent_end.o)
    0x08000232   0x08000232   0x00000002   Code   RO          272    .ARM.Collect$$libinit$$00000000  c_w.l(libinit.o)
    0x08000234   0x08000234   0x00000000   Code   RO          274    .ARM.Collect$$libinit$$00000002  c_w.l(libinit2.o)
    0x08000234   0x08000234   0x00000000   Code   RO          276    .ARM.Collect$$libinit$$00000004  c_w.l(libinit2.o)
    0x08000234   0x08000234   0x00000000   Code   RO          278    .ARM.Collect$$libinit$$00000006  c_w.l(libinit2.o)
    0x08000234   0x08000234   0x00000000   Code   RO          281    .ARM.Collect$$libinit$$0000000C  c_w.l(libinit2.o)
    0x08000234   0x08000234   0x00000000   Code   RO          283    .ARM.Collect$$libinit$$0000000E  c_w.l(libinit2.o)
    0x08000234   0x08000234   0x00000000   Code   RO          285    .ARM.Collect$$libinit$$00000010  c_w.l(libinit2.o)
    0x08000234   0x08000234   0x00000006   Code   RO          286    .ARM.Collect$$libinit$$00000011  c_w.l(libinit2.o)
    0x0800023a   0x0800023a   0x00000000   Code   RO          288    .ARM.Collect$$libinit$$00000013  c_w.l(libinit2.o)
    0x0800023a   0x0800023a   0x00000000   Code   RO          290    .ARM.Collect$$libinit$$00000015  c_w.l(libinit2.o)
    0x0800023a   0x0800023a   0x00000000   Code   RO          292    .ARM.Collect$$libinit$$00000017  c_w.l(libinit2.o)
    0x0800023a   0x0800023a   0x0000000a   Code   RO          293    .ARM.Collect$$libinit$$00000018  c_w.l(libinit2.o)
    0x08000244   0x08000244   0x00000000   Code   RO          294    .ARM.Collect$$libinit$$00000019  c_w.l(libinit2.o)
    0x08000244   0x08000244   0x00000000   Code   RO          296    .ARM.Collect$$libinit$$0000001B  c_w.l(libinit2.o)
    0x08000244   0x08000244   0x00000000   Code   RO          298    .ARM.Collect$$libinit$$0000001D  c_w.l(libinit2.o)
    0x08000244   0x08000244   0x00000000   Code   RO          300    .ARM.Collect$$libinit$$0000001F  c_w.l(libinit2.o)
    0x08000244   0x08000244   0x00000000   Code   RO          302    .ARM.Collect$$libinit$$00000021  c_w.l(libinit2.o)
    0x08000244   0x08000244   0x00000000   Code   RO          304    .ARM.Collect$$libinit$$00000023  c_w.l(libinit2.o)
    0x08000244   0x08000244   0x00000000   Code   RO          306    .ARM.Collect$$libinit$$00000025  c_w.l(libinit2.o)
    0x08000244   0x08000244   0x00000000   Code   RO          308    .ARM.Collect$$libinit$$00000027  c_w.l(libinit2.o)
    0x08000244   0x08000244   0x00000000   Code   RO          312    .ARM.Collect$$libinit$$0000002E  c_w.l(libinit2.o)
    0x08000244   0x08000244   0x00000000   Code   RO          314    .ARM.Collect$$libinit$$00000030  c_w.l(libinit2.o)
    0x08000244   0x08000244   0x00000000   Code   RO          316    .ARM.Collect$$libinit$$00000032  c_w.l(libinit2.o)
    0x08000244   0x08000244   0x00000000   Code   RO          318    .ARM.Collect$$libinit$$00000034  c_w.l(libinit2.o)
    0x08000244   0x08000244   0x00000002   Code   RO          319    .ARM.Collect$$libinit$$00000035  c_w.l(libinit2.o)
    0x08000246   0x08000246   0x00000002   Code   RO          342    .ARM.Collect$$libshutdown$$00000000  c_w.l(libshutdown.o)
    0x08000248   0x08000248   0x00000000   Code   RO          349    .ARM.Collect$$libshutdown$$00000002  c_w.l(libshutdown2.o)
    0x08000248   0x08000248   0x00000000   Code   RO          351    .ARM.Collect$$libshutdown$$00000004  c_w.l(libshutdown2.o)
    0x08000248   0x08000248   0x00000000   Code   RO          354    .ARM.Collect$$libshutdown$$00000007  c_w.l(libshutdown2.o)
    0x08000248   0x08000248   0x00000000   Code   RO          357    .ARM.Collect$$libshutdown$$0000000A  c_w.l(libshutdown2.o)
    0x08000248   0x08000248   0x00000000   Code   RO          359    .ARM.Collect$$libshutdown$$0000000C  c_w.l(libshutdown2.o)
    0x08000248   0x08000248   0x00000000   Code   RO          362    .ARM.Collect$$libshutdown$$0000000F  c_w.l(libshutdown2.o)
    0x08000248   0x08000248   0x00000002   Code   RO          363    .ARM.Collect$$libshutdown$$00000010  c_w.l(libshutdown2.o)
    0x0800024a   0x0800024a   0x00000000   Code   RO          203    .ARM.Collect$$rtentry$$00000000  c_w.l(__rtentry.o)
    0x0800024a   0x0800024a   0x00000000   Code   RO          223    .ARM.Collect$$rtentry$$00000002  c_w.l(__rtentry2.o)
    0x0800024a   0x0800024a   0x00000006   Code   RO          235    .ARM.Collect$$rtentry$$00000004  c_w.l(__rtentry4.o)
    0x08000250   0x08000250   0x00000000   Code   RO          225    .ARM.Collect$$rtentry$$00000009  c_w.l(__rtentry2.o)
    0x08000250   0x08000250   0x00000004   Code   RO          226    .ARM.Collect$$rtentry$$0000000A  c_w.l(__rtentry2.o)
    0x08000254   0x08000254   0x00000000   Code   RO          228    .ARM.Collect$$rtentry$$0000000C  c_w.l(__rtentry2.o)
    0x08000254   0x08000254   0x00000008   Code   RO          229    .ARM.Collect$$rtentry$$0000000D  c_w.l(__rtentry2.o)
    0x0800025c   0x0800025c   0x00000002   Code   RO          320    .ARM.Collect$$rtexit$$00000000  c_w.l(rtexit.o)
    0x0800025e   0x0800025e   0x00000000   Code   RO          326    .ARM.Collect$$rtexit$$00000002  c_w.l(rtexit2.o)
    0x0800025e   0x0800025e   0x00000004   Code   RO          327    .ARM.Collect$$rtexit$$00000003  c_w.l(rtexit2.o)
    0x08000262   0x08000262   0x00000006   Code   RO          328    .ARM.Collect$$rtexit$$00000004  c_w.l(rtexit2.o)
    0x08000268   0x08000268   0x000000aa   Code   RO            1    .text               main.o
    0x08000312   0x08000312   0x00000002   PAD
    0x08000314   0x08000314   0x00000364   Code   RO           16    .text               bldc.o
    0x08000678   0x08000678   0x0000058e   Code   RO           40    .text               setup.o
    0x08000c06   0x08000c06   0x00000002   PAD
    0x08000c08   0x08000c08   0x0000010e   Code   RO           50    .text               it.o
    0x08000d16   0x08000d16   0x00000002   PAD
    0x08000d18   0x08000d18   0x00000084   Code   RO           61    .text               commsmasterslave.o
    0x08000d9c   0x08000d9c   0x0000208c   Code   RO           65    .text               remoteautodetect.o
    0x08002e28   0x08002e28   0x000005a6   Code   RO          110    .text               gd32f1x0_adc.o
    0x080033ce   0x080033ce   0x00000002   PAD
    0x080033d0   0x080033d0   0x0000034c   Code   RO          114    .text               gd32f1x0_dma.o
    0x0800371c   0x0800371c   0x000000da   Code   RO          116    .text               gd32f1x0_fwdgt.o
    0x080037f6   0x080037f6   0x00000002   PAD
    0x080037f8   0x080037f8   0x00000198   Code   RO          118    .text               gd32f1x0_gpio.o
    0x08003990   0x08003990   0x00000130   Code   RO          123    .text               gd32f1x0_misc.o
    0x08003ac0   0x08003ac0   0x00000730   Code   RO          132    .text               gd32f1x0_rcu.o
    0x080041f0   0x080041f0   0x00000d60   Code   RO          137    .text               gd32f1x0_timer.o
    0x08004f50   0x08004f50   0x0000063e   Code   RO          139    .text               gd32f1x0_usart.o
    0x0800558e   0x0800558e   0x00000002   PAD
    0x08005590   0x08005590   0x00000040   Code   RO          146    .text               startup_gd32f1x0.o
    0x080055d0   0x080055d0   0x0000013c   Code   RO          147    .text               system_gd32f1x0.o
    0x0800570c   0x0800570c   0x00000028   Code   RO          153    .text               c_w.l(noretval__2sprintf.o)
    0x08005734   0x08005734   0x00000052   Code   RO          155    .text               c_w.l(_printf_str.o)
    0x08005786   0x08005786   0x00000002   PAD
    0x08005788   0x08005788   0x00000078   Code   RO          156    .text               c_w.l(_printf_dec.o)
    0x08005800   0x08005800   0x0000010e   Code   RO          162    .text               c_w.l(__printf_wp.o)
    0x0800590e   0x0800590e   0x0000003e   Code   RO          174    .text               c_w.l(strlen.o)
    0x0800594c   0x0800594c   0x00000064   Code   RO          175    .text               c_w.l(rt_memcpy_w.o)
    0x080059b0   0x080059b0   0x0000004e   Code   RO          176    .text               c_w.l(rt_memclr_w.o)
    0x080059fe   0x080059fe   0x00000006   Code   RO          177    .text               c_w.l(heapauxi.o)
    0x08005a04   0x08005a04   0x000000b2   Code   RO          204    .text               c_w.l(_printf_intcommon.o)
    0x08005ab6   0x08005ab6   0x0000041c   Code   RO          205    .text               c_w.l(_printf_fp_dec.o)
    0x08005ed2   0x08005ed2   0x00000002   PAD
    0x08005ed4   0x08005ed4   0x00000030   Code   RO          207    .text               c_w.l(_printf_char_common.o)
    0x08005f04   0x08005f04   0x0000000a   Code   RO          208    .text               c_w.l(_sputc.o)
    0x08005f0e   0x08005f0e   0x0000002c   Code   RO          209    .text               c_w.l(_printf_char.o)
    0x08005f3a   0x08005f3a   0x00000002   PAD
    0x08005f3c   0x08005f3c   0x00000008   Code   RO          239    .text               c_w.l(rt_locale_intlibspace.o)
    0x08005f44   0x08005f44   0x0000008a   Code   RO          240    .text               c_w.l(lludiv10.o)
    0x08005fce   0x08005fce   0x00000002   PAD
    0x08005fd0   0x08005fd0   0x00000080   Code   RO          241    .text               c_w.l(_printf_fp_infnan.o)
    0x08006050   0x08006050   0x000000e4   Code   RO          243    .text               c_w.l(bigflt0.o)
    0x08006134   0x08006134   0x00000008   Code   RO          263    .text               c_w.l(libspace.o)
    0x0800613c   0x0800613c   0x0000004a   Code   RO          265    .text               c_w.l(sys_stackheap_outer.o)
    0x08006186   0x08006186   0x00000012   Code   RO          267    .text               c_w.l(exit.o)
    0x08006198   0x08006198   0x00000080   Code   RO          268    .text               c_w.l(strcmpv7m.o)
    0x08006218   0x08006218   0x0000000c   Code   RO          335    .text               c_w.l(sys_exit.o)
    0x08006224   0x08006224   0x00000002   Code   RO          343    .text               c_w.l(use_no_semi.o)
    0x08006226   0x08006226   0x00000000   Code   RO          344    .text               c_w.l(indicate_semi.o)
    0x08006226   0x08006226   0x0000003e   Code   RO          245    CL$$btod_d2e        c_w.l(btod.o)
    0x08006264   0x08006264   0x00000046   Code   RO          247    CL$$btod_d2e_denorm_low  c_w.l(btod.o)
    0x080062aa   0x080062aa   0x00000060   Code   RO          246    CL$$btod_d2e_norm_op1  c_w.l(btod.o)
    0x0800630a   0x0800630a   0x00000002   PAD
    0x0800630c   0x0800630c   0x00000338   Code   RO          255    CL$$btod_div_common  c_w.l(btod.o)
    0x08006644   0x08006644   0x000000dc   Code   RO          252    CL$$btod_e2e        c_w.l(btod.o)
    0x08006720   0x08006720   0x0000002a   Code   RO          249    CL$$btod_ediv       c_w.l(btod.o)
    0x0800674a   0x0800674a   0x0000002a   Code   RO          248    CL$$btod_emul       c_w.l(btod.o)
    0x08006774   0x08006774   0x00000244   Code   RO          254    CL$$btod_mult_common  c_w.l(btod.o)
    0x080069b8   0x080069b8   0x00000028   Code   RO          262    i.__ARM_fpclassify  m_ws.l(fpclassify.o)
    0x080069e0   0x080069e0   0x0000000e   Code   RO          164    i._is_digit         c_w.l(__printf_wp.o)
    0x080069ee   0x080069ee   0x00000002   PAD
    0x080069f0   0x080069f0   0x0000002c   Code   RO          258    locale$$code        c_w.l(lc_numeric_c.o)
    0x08006a1c   0x08006a1c   0x00000062   Code   RO          179    x$fpl$d2f           fz_ws.l(d2f.o)
    0x08006a7e   0x08006a7e   0x00000002   PAD
    0x08006a80   0x08006a80   0x00000150   Code   RO          180    x$fpl$dadd          fz_ws.l(daddsub_clz.o)
    0x08006bd0   0x08006bd0   0x00000018   Code   RO          259    x$fpl$dcmpinf       fz_ws.l(dcmpi.o)
    0x08006be8   0x08006be8   0x00000078   Code   RO          211    x$fpl$deqf          fz_ws.l(deqf.o)
    0x08006c60   0x08006c60   0x0000005e   Code   RO          184    x$fpl$dfix          fz_ws.l(dfix.o)
    0x08006cbe   0x08006cbe   0x0000002e   Code   RO          187    x$fpl$dflt          fz_ws.l(dflt_clz.o)
    0x08006cec   0x08006cec   0x00000026   Code   RO          186    x$fpl$dfltu         fz_ws.l(dflt_clz.o)
    0x08006d12   0x08006d12   0x00000002   PAD
    0x08006d14   0x08006d14   0x00000078   Code   RO          212    x$fpl$dgeqf         fz_ws.l(dgeqf.o)
    0x08006d8c   0x08006d8c   0x00000078   Code   RO          213    x$fpl$dleqf         fz_ws.l(dleqf.o)
    0x08006e04   0x08006e04   0x00000154   Code   RO          189    x$fpl$dmul          fz_ws.l(dmul.o)
    0x08006f58   0x08006f58   0x0000009c   Code   RO          214    x$fpl$dnaninf       fz_ws.l(dnaninf.o)
    0x08006ff4   0x08006ff4   0x0000000c   Code   RO          215    x$fpl$dretinf       fz_ws.l(dretinf.o)
    0x08007000   0x08007000   0x000001dc   Code   RO          182    x$fpl$dsub          fz_ws.l(daddsub_clz.o)
    0x080071dc   0x080071dc   0x00000056   Code   RO          190    x$fpl$f2d           fz_ws.l(f2d.o)
    0x08007232   0x08007232   0x00000002   PAD
    0x08007234   0x08007234   0x000000c4   Code   RO          191    x$fpl$fadd          fz_ws.l(faddsub_clz.o)
    0x080072f8   0x080072f8   0x00000054   Code   RO          183    x$fpl$fcmp          fz_ws.l(dcmp.o)
    0x0800734c   0x0800734c   0x00000054   Code   RO          194    x$fpl$fcmp          fz_ws.l(fcmp.o)
    0x080073a0   0x080073a0   0x00000018   Code   RO          260    x$fpl$fcmpinf       fz_ws.l(fcmpi.o)
    0x080073b8   0x080073b8   0x00000184   Code   RO          196    x$fpl$fdiv          fz_ws.l(fdiv.o)
    0x0800753c   0x0800753c   0x00000068   Code   RO          216    x$fpl$feqf          fz_ws.l(feqf.o)
    0x080075a4   0x080075a4   0x00000036   Code   RO          197    x$fpl$ffix          fz_ws.l(ffix.o)
    0x080075da   0x080075da   0x00000002   PAD
    0x080075dc   0x080075dc   0x00000026   Code   RO          199    x$fpl$ffltu         fz_ws.l(fflt_clz.o)
    0x08007602   0x08007602   0x00000002   PAD
    0x08007604   0x08007604   0x00000068   Code   RO          217    x$fpl$fgeqf         fz_ws.l(fgeqf.o)
    0x0800766c   0x0800766c   0x00000068   Code   RO          218    x$fpl$fleqf         fz_ws.l(fleqf.o)
    0x080076d4   0x080076d4   0x0000008c   Code   RO          219    x$fpl$fnaninf       fz_ws.l(fnaninf.o)
    0x08007760   0x08007760   0x0000000a   Code   RO          220    x$fpl$fretinf       fz_ws.l(fretinf.o)
    0x0800776a   0x0800776a   0x00000002   PAD
    0x0800776c   0x0800776c   0x000000ea   Code   RO          193    x$fpl$fsub          fz_ws.l(faddsub_clz.o)
    0x08007856   0x08007856   0x00000004   Code   RO          202    x$fpl$printf1       fz_ws.l(printf1.o)
    0x0800785a   0x0800785a   0x00000000   Code   RO          221    x$fpl$usenofp       fz_ws.l(usenofp.o)
    0x0800785a   0x0800785a   0x00000002   PAD
    0x0800785c   0x0800785c   0x00000094   Data   RO          244    .constdata          c_w.l(bigflt0.o)
    0x080078f0   0x080078f0   0x0000000c   Data   RO           30    .rodata..L__const.up_or_down.up_down  bldc.o
    0x080078fc   0x080078fc   0x0000000c   Data   RO          120    .rodata..Lswitch.table.gpio_deinit.1  gd32f1x0_gpio.o
    0x08007908   0x08007908   0x00000008   Data   RO          134    .rodata.cst8        gd32f1x0_rcu.o
    0x08007910   0x08007910   0x00000008   Data   RO           31    .rodata.hall_to_pos  bldc.o
    0x08007918   0x08007918   0x00000270   Data   RO           77    .rodata.str1.1      remoteautodetect.o
    0x08007b88   0x08007b88   0x0000014a   Data   RO          101    .rodata.str1.4      remoteautodetect.o
    0x08007cd2   0x08007cd2   0x00000002   PAD
    0x08007cd4   0x08007cd4   0x00000020   Data   RO          378    Region$$Table       anon$$obj.o
    0x08007cf4   0x08007cf4   0x0000001c   Data   RO          257    locale$$data        c_w.l(lc_numeric_c.o)


    Execution Region RW_IRAM1 (Exec base: 0x20000000, Load base: 0x08007d10, Size: 0x00000de8, Max: 0x00002000, ABSOLUTE, COMPRESSED[0x00000160])

    Exec Addr    Load Addr    Size         Type   Attr      Idx    E Section Name        Object

    0x20000000   COMPRESSED   0x00000004   Data   RW           74    .data.HALL_A        remoteautodetect.o
    0x20000004   COMPRESSED   0x00000004   Data   RW           75    .data.HALL_B        remoteautodetect.o
    0x20000008   COMPRESSED   0x00000004   Data   RW           76    .data.HALL_C        remoteautodetect.o
    0x2000000c   COMPRESSED   0x00000004   Data   RW          149    .data.SystemCoreClock  system_gd32f1x0.o
    0x20000010   COMPRESSED   0x00000012   Data   RW           93    .data.aHallOrder    remoteautodetect.o
    0x20000022   COMPRESSED   0x00000155   Data   RW           78    .data.aoPin         remoteautodetect.o
    0x20000177   COMPRESSED   0x00000001   PAD
    0x20000178   COMPRESSED   0x00000044   Data   RW           91    .data.asScan        remoteautodetect.o
    0x200001bc   COMPRESSED   0x0000005a   Data   RW           67    .data.asStage       remoteautodetect.o
    0x20000216   COMPRESSED   0x00000001   Data   RW          105    .data.bHallOld      remoteautodetect.o
    0x20000217   COMPRESSED   0x00000001   Data   RW           99    .data.bHoldAutofind  remoteautodetect.o
    0x20000218   COMPRESSED   0x00000001   Data   RW           73    .data.cRxLast       remoteautodetect.o
    0x20000219   COMPRESSED   0x00000003   PAD
    0x2000021c   COMPRESSED   0x00000004   Data   RW           20    .data.currentDC     bldc.o
    0x20000220   COMPRESSED   0x00000004   Data   RW           95    .data.fVBattFound   remoteautodetect.o
    0x20000224   COMPRESSED   0x00000002   Data   RW           87    .data.iAverageMax   remoteautodetect.o
    0x20000226   COMPRESSED   0x00000001   Data   RW           84    .data.iTestStart    remoteautodetect.o
    0x20000227   COMPRESSED   0x00000001   PAD
    0x20000228   COMPRESSED   0x00000002   Data   RW           94    .data.iVBatMinTest  remoteautodetect.o
    0x2000022a   COMPRESSED   0x00000001   Data   RW          107    .data.posAuto       remoteautodetect.o
    0x2000022b   COMPRESSED   0x00000001   PAD
    0x2000022c   COMPRESSED   0x00000004   Data   RW           79    .data.sTodoPin      remoteautodetect.o
    0x20000230   COMPRESSED   0x00000002   Data   RW           80    .data.wStage        remoteautodetect.o
    0x20000232   COMPRESSED   0x00000002   Data   RW           81    .data.wStageOld     remoteautodetect.o
    0x20000234   COMPRESSED   0x00000004   PAD
    0x20000238        -       0x00000060   Zero   RW          264    .bss                c_w.l(libspace.o)
    0x20000298        -       0x00000004   Zero   RW           39    .bss.adc_buffer     bldc.o
    0x2000029c        -       0x00000044   Zero   RW           92    .bss.aiPinScan      remoteautodetect.o
    0x200002e0        -       0x00000001   Zero   RW           69    .bss.bMessageWait   remoteautodetect.o
    0x200002e1        -       0x00000001   Zero   RW           90    .bss.bReturnToMenu  remoteautodetect.o
    0x200002e2        -       0x00000001   Zero   RW           98    .bss.bWait4Enter    remoteautodetect.o
    0x200002e3        -       0x00000001   Zero   RW           64    .bss.beepsBackwardsMaster  commsmasterslave.o
    0x200002e4        -       0x00000001   Zero   RW           23    .bss.bldc_enable    bldc.o
    0x200002e5   COMPRESSED   0x00000001   PAD
    0x200002e6        -       0x00000002   Zero   RW           22    .bss.bldc_inputFilterPwm  bldc.o
    0x200002e8        -       0x00000002   Zero   RW           24    .bss.bldc_outputFilterPwm  bldc.o
    0x200002ea        -       0x00000002   Zero   RW           25    .bss.buzzerTimer    bldc.o
    0x200002ec        -       0x00000001   Zero   RW           72    .bss.cCommand       remoteautodetect.o
    0x200002ed   COMPRESSED   0x00000003   PAD
    0x200002f0        -       0x00000024   Zero   RW           46    .bss.dma_init_struct_adc  setup.o
    0x20000314        -       0x00000024   Zero   RW           47    .bss.dma_init_struct_usart  setup.o
    0x20000338        -       0x00000004   Zero   RW          104    .bss.fCurrentDC     remoteautodetect.o
    0x2000033c        -       0x00000004   Zero   RW          102    .bss.fVBatt         remoteautodetect.o
    0x20000340        -       0x00000004   Zero   RW           97    .bss.fVBattOld      remoteautodetect.o
    0x20000344        -       0x00000004   Zero   RW           37    .bss.filter_reg     bldc.o
    0x20000348        -       0x00000001   Zero   RW           35    .bss.hall           bldc.o
    0x20000349        -       0x00000001   Zero   RW           32    .bss.hall_a         bldc.o
    0x2000034a        -       0x00000001   Zero   RW           33    .bss.hall_b         bldc.o
    0x2000034b        -       0x00000001   Zero   RW           34    .bss.hall_c         bldc.o
    0x2000034c        -       0x00000002   Zero   RW           86    .bss.iAverage       remoteautodetect.o
    0x2000034e        -       0x00000001   Zero   RW           68    .bss.iHallStagesCompleted  remoteautodetect.o
    0x2000034f   COMPRESSED   0x00000001   PAD
    0x20000350        -       0x00000004   Zero   RW           29    .bss.iOdom          bldc.o
    0x20000354        -       0x00000002   Zero   RW          103    .bss.iOffsetDC      remoteautodetect.o
    0x20000356        -       0x00000001   Zero   RW           88    .bss.iPhaseCurrent  remoteautodetect.o
    0x20000357        -       0x00000001   Zero   RW           85    .bss.iRepeat        remoteautodetect.o
    0x20000358        -       0x00000001   Zero   RW           82    .bss.iTest          remoteautodetect.o
    0x20000359        -       0x00000001   Zero   RW           83    .bss.iTestPin       remoteautodetect.o
    0x2000035a   COMPRESSED   0x00000002   PAD
    0x2000035c        -       0x00000004   Zero   RW           14    .bss.iTimeNextLoop  main.o
    0x20000360        -       0x00000001   Zero   RW           38    .bss.lastPos        bldc.o
    0x20000361   COMPRESSED   0x00000003   PAD
    0x20000364        -       0x00000004   Zero   RW           54    .bss.msTicks        it.o
    0x20000368        -       0x00000004   Zero   RW          106    .bss.msTicksAuto    remoteautodetect.o
    0x2000036c        -       0x00000004   Zero   RW          109    .bss.msTicksOld     remoteautodetect.o
    0x20000370        -       0x00000004   Zero   RW          100    .bss.msTicksTest    remoteautodetect.o
    0x20000374        -       0x00000004   Zero   RW           96    .bss.msTicksTestNext  remoteautodetect.o
    0x20000378        -       0x00000004   Zero   RW           89    .bss.msTicksWait    remoteautodetect.o
    0x2000037c        -       0x00000001   Zero   RW           36    .bss.pos            bldc.o
    0x2000037d        -       0x00000001   Zero   RW          108    .bss.posOld         remoteautodetect.o
    0x2000037e   COMPRESSED   0x00000002   PAD
    0x20000380        -       0x00000004   Zero   RW           21    .bss.realSpeed      bldc.o
    0x20000384        -       0x00000200   Zero   RW           71    .bss.sMessage       remoteautodetect.o
    0x20000584        -       0x00000004   Zero   RW           28    .bss.speedCounter   bldc.o
    0x20000588        -       0x00000004   Zero   RW            8    .bss.steer          main.o
    0x2000058c        -       0x00000004   Zero   RW            3    .bss.steerCounter   main.o
    0x20000590        -       0x00000001   Zero   RW           53    .bss.timedOut       it.o
    0x20000591   COMPRESSED   0x00000003   PAD
    0x20000594        -       0x00000004   Zero   RW           52    .bss.timeoutCounter_ms  it.o
    0x20000598        -       0x00000010   Zero   RW           42    .bss.timeoutTimer_paramter_struct  setup.o
    0x200005a8        -       0x00000018   Zero   RW           45    .bss.timerBldc_break_parameter_struct  setup.o
    0x200005c0        -       0x00000010   Zero   RW           44    .bss.timerBldc_oc_parameter_struct  setup.o
    0x200005d0        -       0x00000010   Zero   RW           43    .bss.timerBldc_paramter_struct  setup.o
    0x200005e0        -       0x00000001   Zero   RW           48    .bss.usart1_rx_buf  setup.o
    0x200005e1   COMPRESSED   0x00000007   PAD
    0x200005e8        -       0x00000400   Zero   RW          144    HEAP                startup_gd32f1x0.o
    0x200009e8        -       0x00000400   Zero   RW          143    STACK               startup_gd32f1x0.o


==============================================================================

Image component sizes


      Code (inc. data)   RO Data    RW Data    ZI Data      Debug   Object Name

       868          6         20          4         33          0   bldc.o
       132          0          0          0          1          0   commsmasterslave.o
      1446         16          0          0          0          0   gd32f1x0_adc.o
       844          8          0          0          0          0   gd32f1x0_dma.o
       218          0          0          0          0          0   gd32f1x0_fwdgt.o
       408          0         12          0          0          0   gd32f1x0_gpio.o
       304          0          0          0          0          0   gd32f1x0_misc.o
      1840         34          8          0          0          0   gd32f1x0_rcu.o
      3424         44          0          0          0          0   gd32f1x0_timer.o
      1598          8          0          0          0          0   gd32f1x0_usart.o
       270          0          0          0          9          0   it.o
       170          0          0          0         12          0   main.o
      8332        586        954        550        626          0   remoteautodetect.o
      1422          0          0          0        145          0   setup.o
        64         26        360          0       2048          0   startup_gd32f1x0.o
       316         16          0          4          0          0   system_gd32f1x0.o

    ----------------------------------------------------------------------
     21668        744       1388        564       2900          0   Object Totals
         0          0         32          0          0          0   (incl. Generated)
        12          0          2          6         26          0   (incl. Padding)

    ----------------------------------------------------------------------

      Code (inc. data)   RO Data    RW Data    ZI Data      Debug   Library Member Name

        90          0          0          0          0          0   __dczerorl2.o
         8          0          0          0          0          0   __main.o
       284          0          0          0          0          0   __printf_wp.o
         0          0          0          0          0          0   __rtentry.o
        12          0          0          0          0          0   __rtentry2.o
         6          0          0          0          0          0   __rtentry4.o
        52          8          0          0          0          0   __scatter.o
        28          0          0          0          0          0   __scatter_zi.o
        44          0          0          0          0          0   _printf_char.o
        48          6          0          0          0          0   _printf_char_common.o
       120         16          0          0          0          0   _printf_dec.o
         6          0          0          0          0          0   _printf_f.o
      1052          0          0          0          0          0   _printf_fp_dec.o
       128         16          0          0          0          0   _printf_fp_infnan.o
         6          0          0          0          0          0   _printf_i.o
       178          0          0          0          0          0   _printf_intcommon.o
         0          0          0          0          0          0   _printf_percent.o
         4          0          0          0          0          0   _printf_percent_end.o
         6          0          0          0          0          0   _printf_s.o
        82          0          0          0          0          0   _printf_str.o
        10          0          0          0          0          0   _sputc.o
       228          4        148          0          0          0   bigflt0.o
      1936        128          0          0          0          0   btod.o
        18          0          0          0          0          0   exit.o
         6          0          0          0          0          0   heapauxi.o
         0          0          0          0          0          0   indicate_semi.o
        44         10         28          0          0          0   lc_numeric_c.o
         2          0          0          0          0          0   libinit.o
        18          0          0          0          0          0   libinit2.o
         2          0          0          0          0          0   libshutdown.o
         2          0          0          0          0          0   libshutdown2.o
         8          4          0          0         96          0   libspace.o
       138          0          0          0          0          0   lludiv10.o
        40          6          0          0          0          0   noretval__2sprintf.o
         8          4          0          0          0          0   rt_locale_intlibspace.o
        78          0          0          0          0          0   rt_memclr_w.o
       100          0          0          0          0          0   rt_memcpy_w.o
         2          0          0          0          0          0   rtexit.o
        10          0          0          0          0          0   rtexit2.o
       128          0          0          0          0          0   strcmpv7m.o
        62          0          0          0          0          0   strlen.o
        12          4          0          0          0          0   sys_exit.o
        74          0          0          0          0          0   sys_stackheap_outer.o
         2          0          0          0          0          0   use_no_semi.o
        98          4          0          0          0          0   d2f.o
       812         16          0          0          0          0   daddsub_clz.o
        84          0          0          0          0          0   dcmp.o
        24          0          0          0          0          0   dcmpi.o
       120          4          0          0          0          0   deqf.o
        94          4          0          0          0          0   dfix.o
        84          0          0          0          0          0   dflt_clz.o
       120          4          0          0          0          0   dgeqf.o
       120          4          0          0          0          0   dleqf.o
       340         12          0          0          0          0   dmul.o
       156          4          0          0          0          0   dnaninf.o
        12          0          0          0          0          0   dretinf.o
        86          4          0          0          0          0   f2d.o
       430          8          0          0          0          0   faddsub_clz.o
        84          0          0          0          0          0   fcmp.o
        24          0          0          0          0          0   fcmpi.o
       388         76          0          0          0          0   fdiv.o
       104          4          0          0          0          0   feqf.o
        54          4          0          0          0          0   ffix.o
        38          0          0          0          0          0   fflt_clz.o
       104          4          0          0          0          0   fgeqf.o
       104          4          0          0          0          0   fleqf.o
       140          4          0          0          0          0   fnaninf.o
        10          0          0          0          0          0   fretinf.o
         4          0          0          0          0          0   printf1.o
         0          0          0          0          0          0   usenofp.o
        40          0          0          0          0          0   fpclassify.o

    ----------------------------------------------------------------------
      8784        366        176          0         96          0   Library Totals
        28          0          0          0          0          0   (incl. Padding)

    ----------------------------------------------------------------------

      Code (inc. data)   RO Data    RW Data    ZI Data      Debug   Library Name

      5082        206        176          0         96          0   c_w.l
      3634        160          0          0          0          0   fz_ws.l
        40          0          0          0          0          0   m_ws.l

    ----------------------------------------------------------------------
      8784        366        176          0         96          0   Library Totals

    ----------------------------------------------------------------------

==============================================================================


      Code (inc. data)   RO Data    RW Data    ZI Data      Debug   

     30452       1110       1564        564       2996          0   Grand Totals
     30452       1110       1564        352       2996          0   ELF Image Totals (compressed)
     30452       1110       1564        352          0          0   ROM Totals

==============================================================================

    Total RO  Size (Code + RO Data)                32016 (  31.27kB)
    Total RW  Size (RW Data + ZI Data)              3560 (   3.48kB)
    Total ROM Size (Code + RO Data + RW Data)      32368 (  31.61kB)

==============================================================================

